-- The C compiler identification is GNU 11.4.0
-- The CXX compiler identification is GNU 11.4.0
-- Detecting C compiler ABI info
-- Detecting C compiler ABI info - done
-- Check for working C compiler: /usr/bin/cc - skipped
-- Detecting C compile features
-- Detecting C compile features - done
-- Detecting CXX compiler ABI info
-- Detecting CXX compiler ABI info - done
-- Check for working CXX compiler: /usr/bin/c++ - skipped
-- Detecting CXX compile features
-- Detecting CXX compile features - done
-- Found ament_cmake: 1.3.14 (/opt/ros/humble/share/ament_cmake/cmake)
-- Found Python3: /usr/bin/python3 (found version "3.10.12") found components: Interpreter 
-- Found rclcpp: 16.0.19 (/opt/ros/humble/share/rclcpp/cmake)
-- Found rosidl_generator_c: 3.1.8 (/opt/ros/humble/share/rosidl_generator_c/cmake)
-- Found rosidl_adapter: 3.1.8 (/opt/ros/humble/share/rosidl_adapter/cmake)
-- Found rosidl_generator_cpp: 3.1.8 (/opt/ros/humble/share/rosidl_generator_cpp/cmake)
-- Using all available rosidl_typesupport_c: rosidl_typesupport_fastrtps_c;rosidl_typesupport_introspection_c
-- Using all available rosidl_typesupport_cpp: rosidl_typesupport_fastrtps_cpp;rosidl_typesupport_introspection_cpp
-- Found rmw_implementation_cmake: 6.1.2 (/opt/ros/humble/share/rmw_implementation_cmake/cmake)
-- Found rmw_fastrtps_cpp: 6.2.10 (/opt/ros/humble/share/rmw_fastrtps_cpp/cmake)
-- Found OpenSSL: /usr/lib/x86_64-linux-gnu/libcrypto.so (found version "3.0.2")  
-- Found FastRTPS: /opt/ros/humble/include  
-- Using RMW implementation 'rmw_fastrtps_cpp' as default
-- Looking for pthread.h
-- Looking for pthread.h - found
-- Performing Test CMAKE_HAVE_LIBC_PTHREAD
-- Performing Test CMAKE_HAVE_LIBC_PTHREAD - Success
-- Found Threads: TRUE  
-- Found rosidl_default_generators: 1.2.1 (/opt/ros/humble/share/rosidl_default_generators/cmake)
-- Found ament_cmake_ros: 0.10.0 (/opt/ros/humble/share/ament_cmake_ros/cmake)
-- Using all available rosidl_typesupport_c: rosidl_typesupport_fastrtps_c;rosidl_typesupport_introspection_c
-- Using all available rosidl_typesupport_cpp: rosidl_typesupport_fastrtps_cpp;rosidl_typesupport_introspection_cpp
-- Found PythonInterp: /usr/bin/python3 (found suitable version "3.10.12", minimum required is "3.6") 
-- Found python_cmake_module: 0.10.0 (/opt/ros/humble/share/python_cmake_module/cmake)
-- Found PythonLibs: /usr/lib/x86_64-linux-gnu/libpython3.10.so (found suitable version "3.10.12", minimum required is "3.5") 
-- Using PYTHON_EXECUTABLE: /usr/bin/python3
-- Using PYTHON_INCLUDE_DIRS: /usr/include/python3.10
-- Using PYTHON_LIBRARIES: /usr/lib/x86_64-linux-gnu/libpython3.10.so
-- Found PythonExtra: .so  
-- Configuring done
-- Generating done
-- Build files have been written to: /home/michael/dobot_ws/src/build/dobot_msgs_v4
[  0%] [34m[1mGenerating C code for ROS interfaces[0m
[  1%] [34m[1mGenerating Rust code for ROS interfaces[0m
[  1%] Built target dobot_msgs_v4__rs
[  1%] [34m[1mGenerating C++ code for ROS interfaces[0m
[  1%] [32mBuilding C object CMakeFiles/dobot_msgs_v4__rosidl_generator_c.dir/rosidl_generator_c/dobot_msgs_v4/msg/detail/robot_status__functions.c.o[0m
[  1%] [32mBuilding C object CMakeFiles/dobot_msgs_v4__rosidl_generator_c.dir/rosidl_generator_c/dobot_msgs_v4/msg/detail/tool_vector_actual__functions.c.o[0m
[  1%] [32mBuilding C object CMakeFiles/dobot_msgs_v4__rosidl_generator_c.dir/rosidl_generator_c/dobot_msgs_v4/srv/detail/enable_robot__functions.c.o[0m
[  1%] [32mBuilding C object CMakeFiles/dobot_msgs_v4__rosidl_generator_c.dir/rosidl_generator_c/dobot_msgs_v4/srv/detail/disable_robot__functions.c.o[0m
[  1%] [32mBuilding C object CMakeFiles/dobot_msgs_v4__rosidl_generator_c.dir/rosidl_generator_c/dobot_msgs_v4/srv/detail/clear_error__functions.c.o[0m
[  1%] [32mBuilding C object CMakeFiles/dobot_msgs_v4__rosidl_generator_c.dir/rosidl_generator_c/dobot_msgs_v4/srv/detail/speed_factor__functions.c.o[0m
[  1%] [32mBuilding C object CMakeFiles/dobot_msgs_v4__rosidl_generator_c.dir/rosidl_generator_c/dobot_msgs_v4/srv/detail/user__functions.c.o[0m
[  2%] [32mBuilding C object CMakeFiles/dobot_msgs_v4__rosidl_generator_c.dir/rosidl_generator_c/dobot_msgs_v4/srv/detail/tool__functions.c.o[0m
[  2%] [32mBuilding C object CMakeFiles/dobot_msgs_v4__rosidl_generator_c.dir/rosidl_generator_c/dobot_msgs_v4/srv/detail/robot_mode__functions.c.o[0m
[  2%] [32mBuilding C object CMakeFiles/dobot_msgs_v4__rosidl_generator_c.dir/rosidl_generator_c/dobot_msgs_v4/srv/detail/set_payload__functions.c.o[0m
[  2%] [32mBuilding C object CMakeFiles/dobot_msgs_v4__rosidl_generator_c.dir/rosidl_generator_c/dobot_msgs_v4/srv/detail/do__functions.c.o[0m
[  2%] [32mBuilding C object CMakeFiles/dobot_msgs_v4__rosidl_generator_c.dir/rosidl_generator_c/dobot_msgs_v4/srv/detail/do_instant__functions.c.o[0m
[  2%] [32mBuilding C object CMakeFiles/dobot_msgs_v4__rosidl_generator_c.dir/rosidl_generator_c/dobot_msgs_v4/srv/detail/tool_do__functions.c.o[0m
[  2%] [32mBuilding C object CMakeFiles/dobot_msgs_v4__rosidl_generator_c.dir/rosidl_generator_c/dobot_msgs_v4/srv/detail/tool_do_instant__functions.c.o[0m
[  2%] [32mBuilding C object CMakeFiles/dobot_msgs_v4__rosidl_generator_c.dir/rosidl_generator_c/dobot_msgs_v4/srv/detail/ao__functions.c.o[0m
[  2%] Built target dobot_msgs_v4__cpp
[  2%] [32mBuilding C object CMakeFiles/dobot_msgs_v4__rosidl_generator_c.dir/rosidl_generator_c/dobot_msgs_v4/srv/detail/ao_instant__functions.c.o[0m
[  2%] [32mBuilding C object CMakeFiles/dobot_msgs_v4__rosidl_generator_c.dir/rosidl_generator_c/dobot_msgs_v4/srv/detail/acc_j__functions.c.o[0m
[  3%] [32mBuilding C object CMakeFiles/dobot_msgs_v4__rosidl_generator_c.dir/rosidl_generator_c/dobot_msgs_v4/srv/detail/acc_l__functions.c.o[0m
[  3%] [32mBuilding C object CMakeFiles/dobot_msgs_v4__rosidl_generator_c.dir/rosidl_generator_c/dobot_msgs_v4/srv/detail/vel_j__functions.c.o[0m
[  3%] [32mBuilding C object CMakeFiles/dobot_msgs_v4__rosidl_generator_c.dir/rosidl_generator_c/dobot_msgs_v4/srv/detail/vel_l__functions.c.o[0m
[  3%] [32mBuilding C object CMakeFiles/dobot_msgs_v4__rosidl_generator_c.dir/rosidl_generator_c/dobot_msgs_v4/srv/detail/cp__functions.c.o[0m
[  3%] [32mBuilding C object CMakeFiles/dobot_msgs_v4__rosidl_generator_c.dir/rosidl_generator_c/dobot_msgs_v4/srv/detail/power_on__functions.c.o[0m
[  3%] [32mBuilding C object CMakeFiles/dobot_msgs_v4__rosidl_generator_c.dir/rosidl_generator_c/dobot_msgs_v4/srv/detail/run_script__functions.c.o[0m
[  3%] [32mBuilding C object CMakeFiles/dobot_msgs_v4__rosidl_generator_c.dir/rosidl_generator_c/dobot_msgs_v4/srv/detail/stop__functions.c.o[0m
[  3%] [32mBuilding C object CMakeFiles/dobot_msgs_v4__rosidl_generator_c.dir/rosidl_generator_c/dobot_msgs_v4/srv/detail/pause__functions.c.o[0m
[  3%] [32mBuilding C object CMakeFiles/dobot_msgs_v4__rosidl_generator_c.dir/rosidl_generator_c/dobot_msgs_v4/srv/detail/continue__functions.c.o[0m
[  3%] [32mBuilding C object CMakeFiles/dobot_msgs_v4__rosidl_generator_c.dir/rosidl_generator_c/dobot_msgs_v4/srv/detail/positive_kin__functions.c.o[0m
[  4%] [32mBuilding C object CMakeFiles/dobot_msgs_v4__rosidl_generator_c.dir/rosidl_generator_c/dobot_msgs_v4/srv/detail/inverse_kin__functions.c.o[0m
[  4%] [32mBuilding C object CMakeFiles/dobot_msgs_v4__rosidl_generator_c.dir/rosidl_generator_c/dobot_msgs_v4/srv/detail/set_collision_level__functions.c.o[0m
[  4%] [32mBuilding C object CMakeFiles/dobot_msgs_v4__rosidl_generator_c.dir/rosidl_generator_c/dobot_msgs_v4/srv/detail/get_angle__functions.c.o[0m
[  4%] [32mBuilding C object CMakeFiles/dobot_msgs_v4__rosidl_generator_c.dir/rosidl_generator_c/dobot_msgs_v4/srv/detail/get_pose__functions.c.o[0m
[  4%] [32mBuilding C object CMakeFiles/dobot_msgs_v4__rosidl_generator_c.dir/rosidl_generator_c/dobot_msgs_v4/srv/detail/emergency_stop__functions.c.o[0m
[  4%] [32mBuilding C object CMakeFiles/dobot_msgs_v4__rosidl_generator_c.dir/rosidl_generator_c/dobot_msgs_v4/srv/detail/modbus_rtu_create__functions.c.o[0m
[  4%] [32mBuilding C object CMakeFiles/dobot_msgs_v4__rosidl_generator_c.dir/rosidl_generator_c/dobot_msgs_v4/srv/detail/modbus_create__functions.c.o[0m
[  4%] [32mBuilding C object CMakeFiles/dobot_msgs_v4__rosidl_generator_c.dir/rosidl_generator_c/dobot_msgs_v4/srv/detail/modbus_close__functions.c.o[0m
[  4%] [32mBuilding C object CMakeFiles/dobot_msgs_v4__rosidl_generator_c.dir/rosidl_generator_c/dobot_msgs_v4/srv/detail/get_in_bits__functions.c.o[0m
[  4%] [32mBuilding C object CMakeFiles/dobot_msgs_v4__rosidl_generator_c.dir/rosidl_generator_c/dobot_msgs_v4/srv/detail/get_in_regs__functions.c.o[0m
[  4%] [32mBuilding C object CMakeFiles/dobot_msgs_v4__rosidl_generator_c.dir/rosidl_generator_c/dobot_msgs_v4/srv/detail/get_coils__functions.c.o[0m
[  5%] [32mBuilding C object CMakeFiles/dobot_msgs_v4__rosidl_generator_c.dir/rosidl_generator_c/dobot_msgs_v4/srv/detail/set_coils__functions.c.o[0m
[  5%] [32mBuilding C object CMakeFiles/dobot_msgs_v4__rosidl_generator_c.dir/rosidl_generator_c/dobot_msgs_v4/srv/detail/get_hold_regs__functions.c.o[0m
[  5%] [32mBuilding C object CMakeFiles/dobot_msgs_v4__rosidl_generator_c.dir/rosidl_generator_c/dobot_msgs_v4/srv/detail/set_hold_regs__functions.c.o[0m
[  5%] [32mBuilding C object CMakeFiles/dobot_msgs_v4__rosidl_generator_c.dir/rosidl_generator_c/dobot_msgs_v4/srv/detail/set_safe_skin__functions.c.o[0m
[  5%] [32mBuilding C object CMakeFiles/dobot_msgs_v4__rosidl_generator_c.dir/rosidl_generator_c/dobot_msgs_v4/srv/detail/mov_j__functions.c.o[0m
[  5%] [32mBuilding C object CMakeFiles/dobot_msgs_v4__rosidl_generator_c.dir/rosidl_generator_c/dobot_msgs_v4/srv/detail/mov_l__functions.c.o[0m
[  5%] [32mBuilding C object CMakeFiles/dobot_msgs_v4__rosidl_generator_c.dir/rosidl_generator_c/dobot_msgs_v4/srv/detail/rel_joint_mov_j__functions.c.o[0m
[  5%] [32mBuilding C object CMakeFiles/dobot_msgs_v4__rosidl_generator_c.dir/rosidl_generator_c/dobot_msgs_v4/srv/detail/move_jog__functions.c.o[0m
[  5%] [32mBuilding C object CMakeFiles/dobot_msgs_v4__rosidl_generator_c.dir/rosidl_generator_c/dobot_msgs_v4/srv/detail/stop_move_jog__functions.c.o[0m
