[0.544s] Invoking command in '/home/michael/dobot_ws/src/DOBOT_6Axis_ROS2_V4/dobot_demo': PYTHONPATH=/home/michael/dobot_ws/src/build/dobot_demo/prefix_override:/usr/lib/python3/dist-packages/colcon_core/task/python/colcon_distutils_commands:/home/michael/dobot_ws/src/install/dobot_demo/lib/python3.10/site-packages:${PYTHONPATH} /usr/bin/python3 -W ignore:setup.py install is deprecated -W ignore:easy_install command is deprecated setup.py egg_info --egg-base ../../build/dobot_demo build --build-base /home/michael/dobot_ws/src/build/dobot_demo/build install --record /home/michael/dobot_ws/src/build/dobot_demo/install.log --single-version-externally-managed install_data
[0.700s] running egg_info
[0.700s] writing ../../build/dobot_demo/dobot_demo.egg-info/PKG-INFO
[0.701s] writing dependency_links to ../../build/dobot_demo/dobot_demo.egg-info/dependency_links.txt
[0.701s] writing entry points to ../../build/dobot_demo/dobot_demo.egg-info/entry_points.txt
[0.701s] writing requirements to ../../build/dobot_demo/dobot_demo.egg-info/requires.txt
[0.701s] writing top-level names to ../../build/dobot_demo/dobot_demo.egg-info/top_level.txt
[0.702s] reading manifest file '../../build/dobot_demo/dobot_demo.egg-info/SOURCES.txt'
[0.703s] writing manifest file '../../build/dobot_demo/dobot_demo.egg-info/SOURCES.txt'
[0.703s] running build
[0.703s] running build_py
[0.703s] running install
[0.703s] running install_lib
[0.703s] running install_data
[0.703s] running install_egg_info
[0.706s] removing '/home/michael/dobot_ws/src/install/dobot_demo/lib/python3.10/site-packages/dobot_demo-0.0.0-py3.10.egg-info' (and everything under it)
[0.706s] Copying ../../build/dobot_demo/dobot_demo.egg-info to /home/michael/dobot_ws/src/install/dobot_demo/lib/python3.10/site-packages/dobot_demo-0.0.0-py3.10.egg-info
[0.706s] running install_scripts
[0.718s] Installing demo script to /home/michael/dobot_ws/src/install/dobot_demo/lib/dobot_demo
[0.720s] writing list of installed files to '/home/michael/dobot_ws/src/build/dobot_demo/install.log'
[0.734s] Invoked command in '/home/michael/dobot_ws/src/DOBOT_6Axis_ROS2_V4/dobot_demo' returned '0': PYTHONPATH=/home/michael/dobot_ws/src/build/dobot_demo/prefix_override:/usr/lib/python3/dist-packages/colcon_core/task/python/colcon_distutils_commands:/home/michael/dobot_ws/src/install/dobot_demo/lib/python3.10/site-packages:${PYTHONPATH} /usr/bin/python3 -W ignore:setup.py install is deprecated -W ignore:easy_install command is deprecated setup.py egg_info --egg-base ../../build/dobot_demo build --build-base /home/michael/dobot_ws/src/build/dobot_demo/build install --record /home/michael/dobot_ws/src/build/dobot_demo/install.log --single-version-externally-managed install_data
