[0.015s] Invoking command in '/home/michael/dobot_ws/src/build/nova2_moveit': AMENT_PREFIX_PATH=/home/michael/dobot_ws/src/install/dobot_rviz:${AMENT_PREFIX_PATH} CMAKE_PREFIX_PATH=/home/michael/dobot_ws/src/install/dobot_rviz:/home/michael/dobot_ws/install/nova5_moveit:/home/michael/dobot_ws/install/nova2_moveit:/home/michael/dobot_ws/install/me6_moveit:/home/michael/dobot_ws/install/cr7_moveit:/home/michael/dobot_ws/install/cr5_moveit:/home/michael/dobot_ws/install/cr3_moveit:/home/michael/dobot_ws/install/cr30h_moveit:/home/michael/dobot_ws/install/cr20_moveit:/home/michael/dobot_ws/install/cr16_moveit:/home/michael/dobot_ws/install/cr12_moveit:/home/michael/dobot_ws/install/cr10af_moveit:/home/michael/dobot_ws/install/cr10_moveit:/home/michael/dobot_ws/install/dobot_rviz:/home/michael/dobot_ws/install/cr_robot_ros2:/home/michael/dobot_ws/install/dobot_msgs_v4:/home/michael/dobot_ws/install/dobot_gazebo:/home/michael/dobot_ws/install/cra_description:/home/michael/dobot_ws/install/servo_action:/home/michael/dobot_ws/install/dobot_moveit:/home/michael/dobot_ws/install/dobot_demo:/opt/ros/humble /usr/bin/cmake /home/michael/dobot_ws/src/DOBOT_6Axis_ROS2_V4/nova2_moveit -DCMAKE_INSTALL_PREFIX=/home/michael/dobot_ws/src/install/nova2_moveit
[0.086s] -- The C compiler identification is GNU 11.4.0
[0.152s] -- The CXX compiler identification is GNU 11.4.0
[0.159s] -- Detecting C compiler ABI info
[0.270s] -- Detecting C compiler ABI info - done
[0.280s] -- Check for working C compiler: /usr/bin/cc - skipped
[0.280s] -- Detecting C compile features
[0.282s] -- Detecting C compile features - done
[0.283s] -- Detecting CXX compiler ABI info
[0.406s] -- Detecting CXX compiler ABI info - done
[0.414s] -- Check for working CXX compiler: /usr/bin/c++ - skipped
[0.415s] -- Detecting CXX compile features
[0.416s] -- Detecting CXX compile features - done
[0.424s] -- Found ament_cmake: 1.3.14 (/opt/ros/humble/share/ament_cmake/cmake)
[0.595s] -- Found Python3: /usr/bin/python3 (found version "3.10.12") found components: Interpreter 
[0.763s] -- Configuring done
[0.763s] -- Generating done
[0.765s] -- Build files have been written to: /home/michael/dobot_ws/src/build/nova2_moveit
[0.770s] Invoked command in '/home/michael/dobot_ws/src/build/nova2_moveit' returned '0': AMENT_PREFIX_PATH=/home/michael/dobot_ws/src/install/dobot_rviz:${AMENT_PREFIX_PATH} CMAKE_PREFIX_PATH=/home/michael/dobot_ws/src/install/dobot_rviz:/home/michael/dobot_ws/install/nova5_moveit:/home/michael/dobot_ws/install/nova2_moveit:/home/michael/dobot_ws/install/me6_moveit:/home/michael/dobot_ws/install/cr7_moveit:/home/michael/dobot_ws/install/cr5_moveit:/home/michael/dobot_ws/install/cr3_moveit:/home/michael/dobot_ws/install/cr30h_moveit:/home/michael/dobot_ws/install/cr20_moveit:/home/michael/dobot_ws/install/cr16_moveit:/home/michael/dobot_ws/install/cr12_moveit:/home/michael/dobot_ws/install/cr10af_moveit:/home/michael/dobot_ws/install/cr10_moveit:/home/michael/dobot_ws/install/dobot_rviz:/home/michael/dobot_ws/install/cr_robot_ros2:/home/michael/dobot_ws/install/dobot_msgs_v4:/home/michael/dobot_ws/install/dobot_gazebo:/home/michael/dobot_ws/install/cra_description:/home/michael/dobot_ws/install/servo_action:/home/michael/dobot_ws/install/dobot_moveit:/home/michael/dobot_ws/install/dobot_demo:/opt/ros/humble /usr/bin/cmake /home/michael/dobot_ws/src/DOBOT_6Axis_ROS2_V4/nova2_moveit -DCMAKE_INSTALL_PREFIX=/home/michael/dobot_ws/src/install/nova2_moveit
[0.771s] Invoking command in '/home/michael/dobot_ws/src/build/nova2_moveit': AMENT_PREFIX_PATH=/home/michael/dobot_ws/src/install/dobot_rviz:${AMENT_PREFIX_PATH} CMAKE_PREFIX_PATH=/home/michael/dobot_ws/src/install/dobot_rviz:/home/michael/dobot_ws/install/nova5_moveit:/home/michael/dobot_ws/install/nova2_moveit:/home/michael/dobot_ws/install/me6_moveit:/home/michael/dobot_ws/install/cr7_moveit:/home/michael/dobot_ws/install/cr5_moveit:/home/michael/dobot_ws/install/cr3_moveit:/home/michael/dobot_ws/install/cr30h_moveit:/home/michael/dobot_ws/install/cr20_moveit:/home/michael/dobot_ws/install/cr16_moveit:/home/michael/dobot_ws/install/cr12_moveit:/home/michael/dobot_ws/install/cr10af_moveit:/home/michael/dobot_ws/install/cr10_moveit:/home/michael/dobot_ws/install/dobot_rviz:/home/michael/dobot_ws/install/cr_robot_ros2:/home/michael/dobot_ws/install/dobot_msgs_v4:/home/michael/dobot_ws/install/dobot_gazebo:/home/michael/dobot_ws/install/cra_description:/home/michael/dobot_ws/install/servo_action:/home/michael/dobot_ws/install/dobot_moveit:/home/michael/dobot_ws/install/dobot_demo:/opt/ros/humble /usr/bin/cmake --build /home/michael/dobot_ws/src/build/nova2_moveit -- -j2 -l2
[0.801s] Invoked command in '/home/michael/dobot_ws/src/build/nova2_moveit' returned '0': AMENT_PREFIX_PATH=/home/michael/dobot_ws/src/install/dobot_rviz:${AMENT_PREFIX_PATH} CMAKE_PREFIX_PATH=/home/michael/dobot_ws/src/install/dobot_rviz:/home/michael/dobot_ws/install/nova5_moveit:/home/michael/dobot_ws/install/nova2_moveit:/home/michael/dobot_ws/install/me6_moveit:/home/michael/dobot_ws/install/cr7_moveit:/home/michael/dobot_ws/install/cr5_moveit:/home/michael/dobot_ws/install/cr3_moveit:/home/michael/dobot_ws/install/cr30h_moveit:/home/michael/dobot_ws/install/cr20_moveit:/home/michael/dobot_ws/install/cr16_moveit:/home/michael/dobot_ws/install/cr12_moveit:/home/michael/dobot_ws/install/cr10af_moveit:/home/michael/dobot_ws/install/cr10_moveit:/home/michael/dobot_ws/install/dobot_rviz:/home/michael/dobot_ws/install/cr_robot_ros2:/home/michael/dobot_ws/install/dobot_msgs_v4:/home/michael/dobot_ws/install/dobot_gazebo:/home/michael/dobot_ws/install/cra_description:/home/michael/dobot_ws/install/servo_action:/home/michael/dobot_ws/install/dobot_moveit:/home/michael/dobot_ws/install/dobot_demo:/opt/ros/humble /usr/bin/cmake --build /home/michael/dobot_ws/src/build/nova2_moveit -- -j2 -l2
[0.803s] Invoking command in '/home/michael/dobot_ws/src/build/nova2_moveit': AMENT_PREFIX_PATH=/home/michael/dobot_ws/src/install/dobot_rviz:${AMENT_PREFIX_PATH} CMAKE_PREFIX_PATH=/home/michael/dobot_ws/src/install/dobot_rviz:/home/michael/dobot_ws/install/nova5_moveit:/home/michael/dobot_ws/install/nova2_moveit:/home/michael/dobot_ws/install/me6_moveit:/home/michael/dobot_ws/install/cr7_moveit:/home/michael/dobot_ws/install/cr5_moveit:/home/michael/dobot_ws/install/cr3_moveit:/home/michael/dobot_ws/install/cr30h_moveit:/home/michael/dobot_ws/install/cr20_moveit:/home/michael/dobot_ws/install/cr16_moveit:/home/michael/dobot_ws/install/cr12_moveit:/home/michael/dobot_ws/install/cr10af_moveit:/home/michael/dobot_ws/install/cr10_moveit:/home/michael/dobot_ws/install/dobot_rviz:/home/michael/dobot_ws/install/cr_robot_ros2:/home/michael/dobot_ws/install/dobot_msgs_v4:/home/michael/dobot_ws/install/dobot_gazebo:/home/michael/dobot_ws/install/cra_description:/home/michael/dobot_ws/install/servo_action:/home/michael/dobot_ws/install/dobot_moveit:/home/michael/dobot_ws/install/dobot_demo:/opt/ros/humble /usr/bin/cmake --install /home/michael/dobot_ws/src/build/nova2_moveit
[0.815s] -- Install configuration: ""
[0.815s] -- Installing: /home/michael/dobot_ws/src/install/nova2_moveit/share/ament_index/resource_index/package_run_dependencies/nova2_moveit
[0.815s] -- Installing: /home/michael/dobot_ws/src/install/nova2_moveit/share/ament_index/resource_index/parent_prefix_path/nova2_moveit
[0.815s] -- Installing: /home/michael/dobot_ws/src/install/nova2_moveit/share/nova2_moveit/environment/ament_prefix_path.sh
[0.815s] -- Installing: /home/michael/dobot_ws/src/install/nova2_moveit/share/nova2_moveit/environment/ament_prefix_path.dsv
[0.815s] -- Installing: /home/michael/dobot_ws/src/install/nova2_moveit/share/nova2_moveit/environment/path.sh
[0.815s] -- Installing: /home/michael/dobot_ws/src/install/nova2_moveit/share/nova2_moveit/environment/path.dsv
[0.815s] -- Installing: /home/michael/dobot_ws/src/install/nova2_moveit/share/nova2_moveit/local_setup.bash
[0.815s] -- Installing: /home/michael/dobot_ws/src/install/nova2_moveit/share/nova2_moveit/local_setup.sh
[0.815s] -- Installing: /home/michael/dobot_ws/src/install/nova2_moveit/share/nova2_moveit/local_setup.zsh
[0.815s] -- Installing: /home/michael/dobot_ws/src/install/nova2_moveit/share/nova2_moveit/local_setup.dsv
[0.815s] -- Installing: /home/michael/dobot_ws/src/install/nova2_moveit/share/nova2_moveit/package.dsv
[0.815s] -- Installing: /home/michael/dobot_ws/src/install/nova2_moveit/share/ament_index/resource_index/packages/nova2_moveit
[0.816s] -- Installing: /home/michael/dobot_ws/src/install/nova2_moveit/share/nova2_moveit/cmake/nova2_moveitConfig.cmake
[0.816s] -- Installing: /home/michael/dobot_ws/src/install/nova2_moveit/share/nova2_moveit/cmake/nova2_moveitConfig-version.cmake
[0.816s] -- Installing: /home/michael/dobot_ws/src/install/nova2_moveit/share/nova2_moveit/package.xml
[0.816s] -- Installing: /home/michael/dobot_ws/src/install/nova2_moveit/share/nova2_moveit/launch
[0.817s] -- Installing: /home/michael/dobot_ws/src/install/nova2_moveit/share/nova2_moveit/launch/spawn_controllers.launch.py
[0.818s] -- Installing: /home/michael/dobot_ws/src/install/nova2_moveit/share/nova2_moveit/launch/warehouse_db.launch.py
[0.819s] -- Installing: /home/michael/dobot_ws/src/install/nova2_moveit/share/nova2_moveit/launch/setup_assistant.launch.py
[0.819s] -- Installing: /home/michael/dobot_ws/src/install/nova2_moveit/share/nova2_moveit/launch/moveit_rviz.launch.py
[0.820s] -- Installing: /home/michael/dobot_ws/src/install/nova2_moveit/share/nova2_moveit/launch/moveit_gazebo.launch.py
[0.821s] -- Installing: /home/michael/dobot_ws/src/install/nova2_moveit/share/nova2_moveit/launch/move_group.launch.py
[0.822s] -- Installing: /home/michael/dobot_ws/src/install/nova2_moveit/share/nova2_moveit/launch/demo.launch.py
[0.825s] -- Installing: /home/michael/dobot_ws/src/install/nova2_moveit/share/nova2_moveit/launch/rsp.launch.py
[0.825s] -- Installing: /home/michael/dobot_ws/src/install/nova2_moveit/share/nova2_moveit/launch/static_virtual_joint_tfs.launch.py
[0.826s] -- Installing: /home/michael/dobot_ws/src/install/nova2_moveit/share/nova2_moveit/launch/dobot_moveit.launch.py
[0.826s] -- Installing: /home/michael/dobot_ws/src/install/nova2_moveit/share/nova2_moveit/config
[0.827s] -- Installing: /home/michael/dobot_ws/src/install/nova2_moveit/share/nova2_moveit/config/initial_positions.yaml
[0.828s] -- Installing: /home/michael/dobot_ws/src/install/nova2_moveit/share/nova2_moveit/config/nova2_robot.ros2_control.xacro
[0.829s] -- Installing: /home/michael/dobot_ws/src/install/nova2_moveit/share/nova2_moveit/config/nova2_robot.urdf.xacro
[0.830s] -- Installing: /home/michael/dobot_ws/src/install/nova2_moveit/share/nova2_moveit/config/joint_limits.yaml
[0.831s] -- Installing: /home/michael/dobot_ws/src/install/nova2_moveit/share/nova2_moveit/config/moveit.rviz
[0.831s] -- Installing: /home/michael/dobot_ws/src/install/nova2_moveit/share/nova2_moveit/config/nova2_robot.srdf
[0.833s] -- Installing: /home/michael/dobot_ws/src/install/nova2_moveit/share/nova2_moveit/config/ros2_controllers.yaml
[0.834s] -- Installing: /home/michael/dobot_ws/src/install/nova2_moveit/share/nova2_moveit/config/moveit_controllers.yaml
[0.835s] -- Installing: /home/michael/dobot_ws/src/install/nova2_moveit/share/nova2_moveit/config/kinematics.yaml
[0.835s] -- Installing: /home/michael/dobot_ws/src/install/nova2_moveit/share/nova2_moveit/config/pilz_cartesian_limits.yaml
[0.835s] -- Installing: /home/michael/dobot_ws/src/install/nova2_moveit/share/nova2_moveit/.setup_assistant
[0.840s] Invoked command in '/home/michael/dobot_ws/src/build/nova2_moveit' returned '0': AMENT_PREFIX_PATH=/home/michael/dobot_ws/src/install/dobot_rviz:${AMENT_PREFIX_PATH} CMAKE_PREFIX_PATH=/home/michael/dobot_ws/src/install/dobot_rviz:/home/michael/dobot_ws/install/nova5_moveit:/home/michael/dobot_ws/install/nova2_moveit:/home/michael/dobot_ws/install/me6_moveit:/home/michael/dobot_ws/install/cr7_moveit:/home/michael/dobot_ws/install/cr5_moveit:/home/michael/dobot_ws/install/cr3_moveit:/home/michael/dobot_ws/install/cr30h_moveit:/home/michael/dobot_ws/install/cr20_moveit:/home/michael/dobot_ws/install/cr16_moveit:/home/michael/dobot_ws/install/cr12_moveit:/home/michael/dobot_ws/install/cr10af_moveit:/home/michael/dobot_ws/install/cr10_moveit:/home/michael/dobot_ws/install/dobot_rviz:/home/michael/dobot_ws/install/cr_robot_ros2:/home/michael/dobot_ws/install/dobot_msgs_v4:/home/michael/dobot_ws/install/dobot_gazebo:/home/michael/dobot_ws/install/cra_description:/home/michael/dobot_ws/install/servo_action:/home/michael/dobot_ws/install/dobot_moveit:/home/michael/dobot_ws/install/dobot_demo:/opt/ros/humble /usr/bin/cmake --install /home/michael/dobot_ws/src/build/nova2_moveit
