[0.434s] Invoking command in '/home/michael/dobot_ws/src/DOBOT_6Axis_ROS2_V4/servo_action': PYTHONPATH=/home/michael/dobot_ws/src/build/servo_action/prefix_override:/usr/lib/python3/dist-packages/colcon_core/task/python/colcon_distutils_commands:/home/michael/dobot_ws/src/install/servo_action/lib/python3.10/site-packages:${PYTHONPATH} /usr/bin/python3 -W ignore:setup.py install is deprecated -W ignore:easy_install command is deprecated setup.py egg_info --egg-base ../../build/servo_action build --build-base /home/michael/dobot_ws/src/build/servo_action/build install --record /home/michael/dobot_ws/src/build/servo_action/install.log --single-version-externally-managed install_data
[0.555s] running egg_info
[0.556s] creating ../../build/servo_action/servo_action.egg-info
[0.556s] writing ../../build/servo_action/servo_action.egg-info/PKG-INFO
[0.556s] writing dependency_links to ../../build/servo_action/servo_action.egg-info/dependency_links.txt
[0.556s] writing entry points to ../../build/servo_action/servo_action.egg-info/entry_points.txt
[0.556s] writing requirements to ../../build/servo_action/servo_action.egg-info/requires.txt
[0.556s] writing top-level names to ../../build/servo_action/servo_action.egg-info/top_level.txt
[0.556s] writing manifest file '../../build/servo_action/servo_action.egg-info/SOURCES.txt'
[0.557s] reading manifest file '../../build/servo_action/servo_action.egg-info/SOURCES.txt'
[0.561s] writing manifest file '../../build/servo_action/servo_action.egg-info/SOURCES.txt'
[0.561s] running build
[0.561s] running build_py
[0.561s] creating /home/michael/dobot_ws/src/build/servo_action/build
[0.561s] creating /home/michael/dobot_ws/src/build/servo_action/build/lib
[0.561s] creating /home/michael/dobot_ws/src/build/servo_action/build/lib/servo_action
[0.561s] copying servo_action/action_move_client.py -> /home/michael/dobot_ws/src/build/servo_action/build/lib/servo_action
[0.561s] copying servo_action/Joint_Position.py -> /home/michael/dobot_ws/src/build/servo_action/build/lib/servo_action
[0.561s] copying servo_action/__init__.py -> /home/michael/dobot_ws/src/build/servo_action/build/lib/servo_action
[0.561s] running install
[0.561s] running install_lib
[0.561s] creating /home/michael/dobot_ws/src/install/servo_action/lib/python3.10/site-packages/servo_action
[0.561s] copying /home/michael/dobot_ws/src/build/servo_action/build/lib/servo_action/action_move_client.py -> /home/michael/dobot_ws/src/install/servo_action/lib/python3.10/site-packages/servo_action
[0.562s] copying /home/michael/dobot_ws/src/build/servo_action/build/lib/servo_action/Joint_Position.py -> /home/michael/dobot_ws/src/install/servo_action/lib/python3.10/site-packages/servo_action
[0.562s] copying /home/michael/dobot_ws/src/build/servo_action/build/lib/servo_action/__init__.py -> /home/michael/dobot_ws/src/install/servo_action/lib/python3.10/site-packages/servo_action
[0.562s] byte-compiling /home/michael/dobot_ws/src/install/servo_action/lib/python3.10/site-packages/servo_action/action_move_client.py to action_move_client.cpython-310.pyc
[0.562s] byte-compiling /home/michael/dobot_ws/src/install/servo_action/lib/python3.10/site-packages/servo_action/Joint_Position.py to Joint_Position.cpython-310.pyc
[0.563s] byte-compiling /home/michael/dobot_ws/src/install/servo_action/lib/python3.10/site-packages/servo_action/__init__.py to __init__.cpython-310.pyc
[0.564s] running install_data
[0.564s] creating /home/michael/dobot_ws/src/install/servo_action/share/ament_index
[0.564s] creating /home/michael/dobot_ws/src/install/servo_action/share/ament_index/resource_index
[0.564s] creating /home/michael/dobot_ws/src/install/servo_action/share/ament_index/resource_index/packages
[0.564s] copying resource/servo_action -> /home/michael/dobot_ws/src/install/servo_action/share/ament_index/resource_index/packages
[0.564s] copying package.xml -> /home/michael/dobot_ws/src/install/servo_action/share/servo_action
[0.564s] running install_egg_info
[0.567s] Copying ../../build/servo_action/servo_action.egg-info to /home/michael/dobot_ws/src/install/servo_action/lib/python3.10/site-packages/servo_action-0.0.0-py3.10.egg-info
[0.568s] running install_scripts
[0.582s] Installing Joint_Position script to /home/michael/dobot_ws/src/install/servo_action/lib/servo_action
[0.582s] Installing action_move_client script to /home/michael/dobot_ws/src/install/servo_action/lib/servo_action
[0.582s] writing list of installed files to '/home/michael/dobot_ws/src/build/servo_action/install.log'
[0.598s] Invoked command in '/home/michael/dobot_ws/src/DOBOT_6Axis_ROS2_V4/servo_action' returned '0': PYTHONPATH=/home/michael/dobot_ws/src/build/servo_action/prefix_override:/usr/lib/python3/dist-packages/colcon_core/task/python/colcon_distutils_commands:/home/michael/dobot_ws/src/install/servo_action/lib/python3.10/site-packages:${PYTHONPATH} /usr/bin/python3 -W ignore:setup.py install is deprecated -W ignore:easy_install command is deprecated setup.py egg_info --egg-base ../../build/servo_action build --build-base /home/michael/dobot_ws/src/build/servo_action/build install --record /home/michael/dobot_ws/src/build/servo_action/install.log --single-version-externally-managed install_data
