[0.018s] Invoking command in '/home/michael/dobot_ws/src/build/cr12_moveit': AMENT_PREFIX_PATH=/home/michael/dobot_ws/src/install/dobot_rviz:${AMENT_PREFIX_PATH} CMAKE_PREFIX_PATH=/home/michael/dobot_ws/src/install/dobot_rviz:/home/michael/dobot_ws/install/nova5_moveit:/home/michael/dobot_ws/install/nova2_moveit:/home/michael/dobot_ws/install/me6_moveit:/home/michael/dobot_ws/install/cr7_moveit:/home/michael/dobot_ws/install/cr5_moveit:/home/michael/dobot_ws/install/cr3_moveit:/home/michael/dobot_ws/install/cr30h_moveit:/home/michael/dobot_ws/install/cr20_moveit:/home/michael/dobot_ws/install/cr16_moveit:/home/michael/dobot_ws/install/cr12_moveit:/home/michael/dobot_ws/install/cr10af_moveit:/home/michael/dobot_ws/install/cr10_moveit:/home/michael/dobot_ws/install/dobot_rviz:/home/michael/dobot_ws/install/cr_robot_ros2:/home/michael/dobot_ws/install/dobot_msgs_v4:/home/michael/dobot_ws/install/dobot_gazebo:/home/michael/dobot_ws/install/cra_description:/home/michael/dobot_ws/install/servo_action:/home/michael/dobot_ws/install/dobot_moveit:/home/michael/dobot_ws/install/dobot_demo:/opt/ros/humble /usr/bin/cmake /home/michael/dobot_ws/src/DOBOT_6Axis_ROS2_V4/cr12_moveit -DCMAKE_INSTALL_PREFIX=/home/michael/dobot_ws/src/install/cr12_moveit
[0.123s] -- The C compiler identification is GNU 11.4.0
[0.232s] -- The CXX compiler identification is GNU 11.4.0
[0.241s] -- Detecting C compiler ABI info
[0.374s] -- Detecting C compiler ABI info - done
[0.385s] -- Check for working C compiler: /usr/bin/cc - skipped
[0.385s] -- Detecting C compile features
[0.386s] -- Detecting C compile features - done
[0.391s] -- Detecting CXX compiler ABI info
[0.568s] -- Detecting CXX compiler ABI info - done
[0.585s] -- Check for working CXX compiler: /usr/bin/c++ - skipped
[0.585s] -- Detecting CXX compile features
[0.585s] -- Detecting CXX compile features - done
[0.595s] -- Found ament_cmake: 1.3.14 (/opt/ros/humble/share/ament_cmake/cmake)
[0.799s] -- Found Python3: /usr/bin/python3 (found version "3.10.12") found components: Interpreter 
[1.064s] -- Configuring done
[1.066s] -- Generating done
[1.071s] -- Build files have been written to: /home/michael/dobot_ws/src/build/cr12_moveit
[1.084s] Invoked command in '/home/michael/dobot_ws/src/build/cr12_moveit' returned '0': AMENT_PREFIX_PATH=/home/michael/dobot_ws/src/install/dobot_rviz:${AMENT_PREFIX_PATH} CMAKE_PREFIX_PATH=/home/michael/dobot_ws/src/install/dobot_rviz:/home/michael/dobot_ws/install/nova5_moveit:/home/michael/dobot_ws/install/nova2_moveit:/home/michael/dobot_ws/install/me6_moveit:/home/michael/dobot_ws/install/cr7_moveit:/home/michael/dobot_ws/install/cr5_moveit:/home/michael/dobot_ws/install/cr3_moveit:/home/michael/dobot_ws/install/cr30h_moveit:/home/michael/dobot_ws/install/cr20_moveit:/home/michael/dobot_ws/install/cr16_moveit:/home/michael/dobot_ws/install/cr12_moveit:/home/michael/dobot_ws/install/cr10af_moveit:/home/michael/dobot_ws/install/cr10_moveit:/home/michael/dobot_ws/install/dobot_rviz:/home/michael/dobot_ws/install/cr_robot_ros2:/home/michael/dobot_ws/install/dobot_msgs_v4:/home/michael/dobot_ws/install/dobot_gazebo:/home/michael/dobot_ws/install/cra_description:/home/michael/dobot_ws/install/servo_action:/home/michael/dobot_ws/install/dobot_moveit:/home/michael/dobot_ws/install/dobot_demo:/opt/ros/humble /usr/bin/cmake /home/michael/dobot_ws/src/DOBOT_6Axis_ROS2_V4/cr12_moveit -DCMAKE_INSTALL_PREFIX=/home/michael/dobot_ws/src/install/cr12_moveit
[1.084s] Invoking command in '/home/michael/dobot_ws/src/build/cr12_moveit': AMENT_PREFIX_PATH=/home/michael/dobot_ws/src/install/dobot_rviz:${AMENT_PREFIX_PATH} CMAKE_PREFIX_PATH=/home/michael/dobot_ws/src/install/dobot_rviz:/home/michael/dobot_ws/install/nova5_moveit:/home/michael/dobot_ws/install/nova2_moveit:/home/michael/dobot_ws/install/me6_moveit:/home/michael/dobot_ws/install/cr7_moveit:/home/michael/dobot_ws/install/cr5_moveit:/home/michael/dobot_ws/install/cr3_moveit:/home/michael/dobot_ws/install/cr30h_moveit:/home/michael/dobot_ws/install/cr20_moveit:/home/michael/dobot_ws/install/cr16_moveit:/home/michael/dobot_ws/install/cr12_moveit:/home/michael/dobot_ws/install/cr10af_moveit:/home/michael/dobot_ws/install/cr10_moveit:/home/michael/dobot_ws/install/dobot_rviz:/home/michael/dobot_ws/install/cr_robot_ros2:/home/michael/dobot_ws/install/dobot_msgs_v4:/home/michael/dobot_ws/install/dobot_gazebo:/home/michael/dobot_ws/install/cra_description:/home/michael/dobot_ws/install/servo_action:/home/michael/dobot_ws/install/dobot_moveit:/home/michael/dobot_ws/install/dobot_demo:/opt/ros/humble /usr/bin/cmake --build /home/michael/dobot_ws/src/build/cr12_moveit -- -j2 -l2
[1.154s] Invoked command in '/home/michael/dobot_ws/src/build/cr12_moveit' returned '0': AMENT_PREFIX_PATH=/home/michael/dobot_ws/src/install/dobot_rviz:${AMENT_PREFIX_PATH} CMAKE_PREFIX_PATH=/home/michael/dobot_ws/src/install/dobot_rviz:/home/michael/dobot_ws/install/nova5_moveit:/home/michael/dobot_ws/install/nova2_moveit:/home/michael/dobot_ws/install/me6_moveit:/home/michael/dobot_ws/install/cr7_moveit:/home/michael/dobot_ws/install/cr5_moveit:/home/michael/dobot_ws/install/cr3_moveit:/home/michael/dobot_ws/install/cr30h_moveit:/home/michael/dobot_ws/install/cr20_moveit:/home/michael/dobot_ws/install/cr16_moveit:/home/michael/dobot_ws/install/cr12_moveit:/home/michael/dobot_ws/install/cr10af_moveit:/home/michael/dobot_ws/install/cr10_moveit:/home/michael/dobot_ws/install/dobot_rviz:/home/michael/dobot_ws/install/cr_robot_ros2:/home/michael/dobot_ws/install/dobot_msgs_v4:/home/michael/dobot_ws/install/dobot_gazebo:/home/michael/dobot_ws/install/cra_description:/home/michael/dobot_ws/install/servo_action:/home/michael/dobot_ws/install/dobot_moveit:/home/michael/dobot_ws/install/dobot_demo:/opt/ros/humble /usr/bin/cmake --build /home/michael/dobot_ws/src/build/cr12_moveit -- -j2 -l2
[1.154s] Invoking command in '/home/michael/dobot_ws/src/build/cr12_moveit': AMENT_PREFIX_PATH=/home/michael/dobot_ws/src/install/dobot_rviz:${AMENT_PREFIX_PATH} CMAKE_PREFIX_PATH=/home/michael/dobot_ws/src/install/dobot_rviz:/home/michael/dobot_ws/install/nova5_moveit:/home/michael/dobot_ws/install/nova2_moveit:/home/michael/dobot_ws/install/me6_moveit:/home/michael/dobot_ws/install/cr7_moveit:/home/michael/dobot_ws/install/cr5_moveit:/home/michael/dobot_ws/install/cr3_moveit:/home/michael/dobot_ws/install/cr30h_moveit:/home/michael/dobot_ws/install/cr20_moveit:/home/michael/dobot_ws/install/cr16_moveit:/home/michael/dobot_ws/install/cr12_moveit:/home/michael/dobot_ws/install/cr10af_moveit:/home/michael/dobot_ws/install/cr10_moveit:/home/michael/dobot_ws/install/dobot_rviz:/home/michael/dobot_ws/install/cr_robot_ros2:/home/michael/dobot_ws/install/dobot_msgs_v4:/home/michael/dobot_ws/install/dobot_gazebo:/home/michael/dobot_ws/install/cra_description:/home/michael/dobot_ws/install/servo_action:/home/michael/dobot_ws/install/dobot_moveit:/home/michael/dobot_ws/install/dobot_demo:/opt/ros/humble /usr/bin/cmake --install /home/michael/dobot_ws/src/build/cr12_moveit
[1.165s] -- Install configuration: ""
[1.165s] -- Installing: /home/michael/dobot_ws/src/install/cr12_moveit/share/ament_index/resource_index/package_run_dependencies/cr12_moveit
[1.166s] -- Installing: /home/michael/dobot_ws/src/install/cr12_moveit/share/ament_index/resource_index/parent_prefix_path/cr12_moveit
[1.166s] -- Installing: /home/michael/dobot_ws/src/install/cr12_moveit/share/cr12_moveit/environment/ament_prefix_path.sh
[1.166s] -- Installing: /home/michael/dobot_ws/src/install/cr12_moveit/share/cr12_moveit/environment/ament_prefix_path.dsv
[1.166s] -- Installing: /home/michael/dobot_ws/src/install/cr12_moveit/share/cr12_moveit/environment/path.sh
[1.166s] -- Installing: /home/michael/dobot_ws/src/install/cr12_moveit/share/cr12_moveit/environment/path.dsv
[1.167s] -- Installing: /home/michael/dobot_ws/src/install/cr12_moveit/share/cr12_moveit/local_setup.bash
[1.167s] -- Installing: /home/michael/dobot_ws/src/install/cr12_moveit/share/cr12_moveit/local_setup.sh
[1.167s] -- Installing: /home/michael/dobot_ws/src/install/cr12_moveit/share/cr12_moveit/local_setup.zsh
[1.168s] -- Installing: /home/michael/dobot_ws/src/install/cr12_moveit/share/cr12_moveit/local_setup.dsv
[1.168s] -- Installing: /home/michael/dobot_ws/src/install/cr12_moveit/share/cr12_moveit/package.dsv
[1.168s] -- Installing: /home/michael/dobot_ws/src/install/cr12_moveit/share/ament_index/resource_index/packages/cr12_moveit
[1.168s] -- Installing: /home/michael/dobot_ws/src/install/cr12_moveit/share/cr12_moveit/cmake/cr12_moveitConfig.cmake
[1.168s] -- Installing: /home/michael/dobot_ws/src/install/cr12_moveit/share/cr12_moveit/cmake/cr12_moveitConfig-version.cmake
[1.169s] -- Installing: /home/michael/dobot_ws/src/install/cr12_moveit/share/cr12_moveit/package.xml
[1.169s] -- Installing: /home/michael/dobot_ws/src/install/cr12_moveit/share/cr12_moveit/launch
[1.170s] -- Installing: /home/michael/dobot_ws/src/install/cr12_moveit/share/cr12_moveit/launch/spawn_controllers.launch.py
[1.170s] -- Installing: /home/michael/dobot_ws/src/install/cr12_moveit/share/cr12_moveit/launch/warehouse_db.launch.py
[1.171s] -- Installing: /home/michael/dobot_ws/src/install/cr12_moveit/share/cr12_moveit/launch/setup_assistant.launch.py
[1.171s] -- Installing: /home/michael/dobot_ws/src/install/cr12_moveit/share/cr12_moveit/launch/moveit_rviz.launch.py
[1.172s] -- Installing: /home/michael/dobot_ws/src/install/cr12_moveit/share/cr12_moveit/launch/moveit_gazebo.launch.py
[1.172s] -- Installing: /home/michael/dobot_ws/src/install/cr12_moveit/share/cr12_moveit/launch/move_group.launch.py
[1.173s] -- Installing: /home/michael/dobot_ws/src/install/cr12_moveit/share/cr12_moveit/launch/demo.launch.py
[1.175s] -- Installing: /home/michael/dobot_ws/src/install/cr12_moveit/share/cr12_moveit/launch/rsp.launch.py
[1.175s] -- Installing: /home/michael/dobot_ws/src/install/cr12_moveit/share/cr12_moveit/launch/static_virtual_joint_tfs.launch.py
[1.175s] -- Installing: /home/michael/dobot_ws/src/install/cr12_moveit/share/cr12_moveit/launch/dobot_moveit.launch.py
[1.176s] -- Installing: /home/michael/dobot_ws/src/install/cr12_moveit/share/cr12_moveit/config
[1.177s] -- Installing: /home/michael/dobot_ws/src/install/cr12_moveit/share/cr12_moveit/config/initial_positions.yaml
[1.178s] -- Installing: /home/michael/dobot_ws/src/install/cr12_moveit/share/cr12_moveit/config/cr12_robot.srdf
[1.178s] -- Installing: /home/michael/dobot_ws/src/install/cr12_moveit/share/cr12_moveit/config/cr12_robot.urdf.xacro
[1.180s] -- Installing: /home/michael/dobot_ws/src/install/cr12_moveit/share/cr12_moveit/config/joint_limits.yaml
[1.181s] -- Installing: /home/michael/dobot_ws/src/install/cr12_moveit/share/cr12_moveit/config/moveit.rviz
[1.182s] -- Installing: /home/michael/dobot_ws/src/install/cr12_moveit/share/cr12_moveit/config/ros2_controllers.yaml
[1.182s] -- Installing: /home/michael/dobot_ws/src/install/cr12_moveit/share/cr12_moveit/config/moveit_controllers.yaml
[1.183s] -- Installing: /home/michael/dobot_ws/src/install/cr12_moveit/share/cr12_moveit/config/kinematics.yaml
[1.184s] -- Installing: /home/michael/dobot_ws/src/install/cr12_moveit/share/cr12_moveit/config/pilz_cartesian_limits.yaml
[1.184s] -- Installing: /home/michael/dobot_ws/src/install/cr12_moveit/share/cr12_moveit/config/cr12_robot.ros2_control.xacro
[1.185s] -- Installing: /home/michael/dobot_ws/src/install/cr12_moveit/share/cr12_moveit/.setup_assistant
[1.193s] Invoked command in '/home/michael/dobot_ws/src/build/cr12_moveit' returned '0': AMENT_PREFIX_PATH=/home/michael/dobot_ws/src/install/dobot_rviz:${AMENT_PREFIX_PATH} CMAKE_PREFIX_PATH=/home/michael/dobot_ws/src/install/dobot_rviz:/home/michael/dobot_ws/install/nova5_moveit:/home/michael/dobot_ws/install/nova2_moveit:/home/michael/dobot_ws/install/me6_moveit:/home/michael/dobot_ws/install/cr7_moveit:/home/michael/dobot_ws/install/cr5_moveit:/home/michael/dobot_ws/install/cr3_moveit:/home/michael/dobot_ws/install/cr30h_moveit:/home/michael/dobot_ws/install/cr20_moveit:/home/michael/dobot_ws/install/cr16_moveit:/home/michael/dobot_ws/install/cr12_moveit:/home/michael/dobot_ws/install/cr10af_moveit:/home/michael/dobot_ws/install/cr10_moveit:/home/michael/dobot_ws/install/dobot_rviz:/home/michael/dobot_ws/install/cr_robot_ros2:/home/michael/dobot_ws/install/dobot_msgs_v4:/home/michael/dobot_ws/install/dobot_gazebo:/home/michael/dobot_ws/install/cra_description:/home/michael/dobot_ws/install/servo_action:/home/michael/dobot_ws/install/dobot_moveit:/home/michael/dobot_ws/install/dobot_demo:/opt/ros/humble /usr/bin/cmake --install /home/michael/dobot_ws/src/build/cr12_moveit
