[  1%] Built target dobot_msgs_v4__rs
[35m[1mConsolidate compiler generated dependencies of target dobot_msgs_v4__rosidl_generator_c[0m
[  1%] [32mBuilding C object CMakeFiles/dobot_msgs_v4__rosidl_generator_c.dir/rosidl_generator_c/dobot_msgs_v4/srv/detail/stop_move_jog__functions.c.o[0m
[  1%] Built target dobot_msgs_v4__cpp
[  1%] [32mBuilding C object CMakeFiles/dobot_msgs_v4__rosidl_generator_c.dir/rosidl_generator_c/dobot_msgs_v4/srv/detail/do_group__functions.c.o[0m
[  1%] Built target ament_cmake_python_copy_dobot_msgs_v4
[  1%] [34m[1mGenerating C++ type support for eProsima Fast-RTPS[0m
[  2%] [32mBuilding C object CMakeFiles/dobot_msgs_v4__rosidl_generator_c.dir/rosidl_generator_c/dobot_msgs_v4/srv/detail/brake_control__functions.c.o[0m
[  2%] [32mBuilding C object CMakeFiles/dobot_msgs_v4__rosidl_generator_c.dir/rosidl_generator_c/dobot_msgs_v4/srv/detail/start_drag__functions.c.o[0m
[  2%] [32mBuilding C object CMakeFiles/dobot_msgs_v4__rosidl_generator_c.dir/rosidl_generator_c/dobot_msgs_v4/srv/detail/enable_safe_skin__functions.c.o[0m
[  2%] [32mBuilding C object CMakeFiles/dobot_msgs_v4__rosidl_generator_c.dir/rosidl_generator_c/dobot_msgs_v4/srv/detail/get_start_pose__functions.c.o[0m
[  2%] [32mBuilding C object CMakeFiles/dobot_msgs_v4__rosidl_generator_c.dir/rosidl_generator_c/dobot_msgs_v4/srv/detail/start_path__functions.c.o[0m
[  2%] [32mBuilding C object CMakeFiles/dobot_msgs_v4__rosidl_generator_c.dir/rosidl_generator_c/dobot_msgs_v4/srv/detail/inverse_solution__functions.c.o[0m
[  2%] [32mBuilding C object CMakeFiles/dobot_msgs_v4__rosidl_generator_c.dir/rosidl_generator_c/dobot_msgs_v4/srv/detail/get_error_id__functions.c.o[0m
[  2%] [32mBuilding C object CMakeFiles/dobot_msgs_v4__rosidl_generator_c.dir/rosidl_generator_c/dobot_msgs_v4/srv/detail/di__functions.c.o[0m
[  2%] [32mBuilding C object CMakeFiles/dobot_msgs_v4__rosidl_generator_c.dir/rosidl_generator_c/dobot_msgs_v4/srv/detail/tool_di__functions.c.o[0m
[  2%] [32mBuilding C object CMakeFiles/dobot_msgs_v4__rosidl_generator_c.dir/rosidl_generator_c/dobot_msgs_v4/srv/detail/ai__functions.c.o[0m
[  3%] [32mBuilding C object CMakeFiles/dobot_msgs_v4__rosidl_generator_c.dir/rosidl_generator_c/dobot_msgs_v4/srv/detail/tool_ai__functions.c.o[0m
[  3%] [32mBuilding C object CMakeFiles/dobot_msgs_v4__rosidl_generator_c.dir/rosidl_generator_c/dobot_msgs_v4/srv/detail/di_group__functions.c.o[0m
[  3%] [32mBuilding C object CMakeFiles/dobot_msgs_v4__rosidl_generator_c.dir/rosidl_generator_c/dobot_msgs_v4/srv/detail/stop_drag__functions.c.o[0m
[  3%] [32mBuilding C object CMakeFiles/dobot_msgs_v4__rosidl_generator_c.dir/rosidl_generator_c/dobot_msgs_v4/srv/detail/drag_sensivity__functions.c.o[0m
[  3%] [32mBuilding C object CMakeFiles/dobot_msgs_v4__rosidl_generator_c.dir/rosidl_generator_c/dobot_msgs_v4/srv/detail/get_do__functions.c.o[0m
[  3%] [32mBuilding C object CMakeFiles/dobot_msgs_v4__rosidl_generator_c.dir/rosidl_generator_c/dobot_msgs_v4/srv/detail/get_ao__functions.c.o[0m
[  3%] [32mBuilding C object CMakeFiles/dobot_msgs_v4__rosidl_generator_c.dir/rosidl_generator_c/dobot_msgs_v4/srv/detail/get_do_group__functions.c.o[0m
[  3%] [32mBuilding C object CMakeFiles/dobot_msgs_v4__rosidl_generator_c.dir/rosidl_generator_c/dobot_msgs_v4/srv/detail/set_tool485__functions.c.o[0m
[  3%] [32mBuilding C object CMakeFiles/dobot_msgs_v4__rosidl_generator_c.dir/rosidl_generator_c/dobot_msgs_v4/srv/detail/set_safe_wall_enable__functions.c.o[0m
[  3%] [32mBuilding C object CMakeFiles/dobot_msgs_v4__rosidl_generator_c.dir/rosidl_generator_c/dobot_msgs_v4/srv/detail/set_tool_power__functions.c.o[0m
[  3%] [32mBuilding C object CMakeFiles/dobot_msgs_v4__rosidl_generator_c.dir/rosidl_generator_c/dobot_msgs_v4/srv/detail/set_tool_mode__functions.c.o[0m
[  4%] [32mBuilding C object CMakeFiles/dobot_msgs_v4__rosidl_generator_c.dir/rosidl_generator_c/dobot_msgs_v4/srv/detail/set_back_distance__functions.c.o[0m
[  4%] [32mBuilding C object CMakeFiles/dobot_msgs_v4__rosidl_generator_c.dir/rosidl_generator_c/dobot_msgs_v4/srv/detail/set_post_collision_mode__functions.c.o[0m
[  4%] [32mBuilding C object CMakeFiles/dobot_msgs_v4__rosidl_generator_c.dir/rosidl_generator_c/dobot_msgs_v4/srv/detail/set_user__functions.c.o[0m
[  4%] [32mBuilding C object CMakeFiles/dobot_msgs_v4__rosidl_generator_c.dir/rosidl_generator_c/dobot_msgs_v4/srv/detail/set_tool__functions.c.o[0m
[  4%] [32mBuilding C object CMakeFiles/dobot_msgs_v4__rosidl_generator_c.dir/rosidl_generator_c/dobot_msgs_v4/srv/detail/calc_user__functions.c.o[0m
[  4%] [32mBuilding C object CMakeFiles/dobot_msgs_v4__rosidl_generator_c.dir/rosidl_generator_c/dobot_msgs_v4/srv/detail/calc_tool__functions.c.o[0m
[  4%] [32mBuilding C object CMakeFiles/dobot_msgs_v4__rosidl_generator_c.dir/rosidl_generator_c/dobot_msgs_v4/srv/detail/get_input_bool__functions.c.o[0m
[  4%] [32mBuilding C object CMakeFiles/dobot_msgs_v4__rosidl_generator_c.dir/rosidl_generator_c/dobot_msgs_v4/srv/detail/get_input_int__functions.c.o[0m
[  4%] [32mBuilding C object CMakeFiles/dobot_msgs_v4__rosidl_generator_c.dir/rosidl_generator_c/dobot_msgs_v4/srv/detail/get_input_float__functions.c.o[0m
[  4%] [32mBuilding C object CMakeFiles/dobot_msgs_v4__rosidl_generator_c.dir/rosidl_generator_c/dobot_msgs_v4/srv/detail/get_output_bool__functions.c.o[0m
[  5%] [32mBuilding C object CMakeFiles/dobot_msgs_v4__rosidl_generator_c.dir/rosidl_generator_c/dobot_msgs_v4/srv/detail/get_output_int__functions.c.o[0m
[  5%] [32mBuilding C object CMakeFiles/dobot_msgs_v4__rosidl_generator_c.dir/rosidl_generator_c/dobot_msgs_v4/srv/detail/get_output_float__functions.c.o[0m
[  5%] [32mBuilding C object CMakeFiles/dobot_msgs_v4__rosidl_generator_c.dir/rosidl_generator_c/dobot_msgs_v4/srv/detail/set_output_bool__functions.c.o[0m
[  5%] [32mBuilding C object CMakeFiles/dobot_msgs_v4__rosidl_generator_c.dir/rosidl_generator_c/dobot_msgs_v4/srv/detail/set_output_int__functions.c.o[0m
[  5%] [32mBuilding C object CMakeFiles/dobot_msgs_v4__rosidl_generator_c.dir/rosidl_generator_c/dobot_msgs_v4/srv/detail/set_output_float__functions.c.o[0m
[  5%] [32mBuilding C object CMakeFiles/dobot_msgs_v4__rosidl_generator_c.dir/rosidl_generator_c/dobot_msgs_v4/srv/detail/mov_lio__functions.c.o[0m
[  5%] [32mBuilding C object CMakeFiles/dobot_msgs_v4__rosidl_generator_c.dir/rosidl_generator_c/dobot_msgs_v4/srv/detail/mov_jio__functions.c.o[0m
[  5%] [32mBuilding C object CMakeFiles/dobot_msgs_v4__rosidl_generator_c.dir/rosidl_generator_c/dobot_msgs_v4/srv/detail/arc__functions.c.o[0m
[  5%] [32mBuilding C object CMakeFiles/dobot_msgs_v4__rosidl_generator_c.dir/rosidl_generator_c/dobot_msgs_v4/srv/detail/circle__functions.c.o[0m
[  5%] [32mBuilding C object CMakeFiles/dobot_msgs_v4__rosidl_generator_c.dir/rosidl_generator_c/dobot_msgs_v4/srv/detail/rel_mov_j_tool__functions.c.o[0m
[  6%] [32mBuilding C object CMakeFiles/dobot_msgs_v4__rosidl_generator_c.dir/rosidl_generator_c/dobot_msgs_v4/srv/detail/rel_mov_l_tool__functions.c.o[0m
[  6%] [32mBuilding C object CMakeFiles/dobot_msgs_v4__rosidl_generator_c.dir/rosidl_generator_c/dobot_msgs_v4/srv/detail/rel_mov_j_user__functions.c.o[0m
[  6%] [32mBuilding C object CMakeFiles/dobot_msgs_v4__rosidl_generator_c.dir/rosidl_generator_c/dobot_msgs_v4/srv/detail/rel_mov_l_user__functions.c.o[0m
[  6%] [32mBuilding C object CMakeFiles/dobot_msgs_v4__rosidl_generator_c.dir/rosidl_generator_c/dobot_msgs_v4/srv/detail/get_current_command_id__functions.c.o[0m
[  6%] [32mBuilding C object CMakeFiles/dobot_msgs_v4__rosidl_generator_c.dir/rosidl_generator_c/dobot_msgs_v4/srv/detail/servo_j__functions.c.o[0m
[  6%] [32mBuilding C object CMakeFiles/dobot_msgs_v4__rosidl_generator_c.dir/rosidl_generator_c/dobot_msgs_v4/srv/detail/servo_p__functions.c.o[0m
[  6%] [32mBuilding C object CMakeFiles/dobot_msgs_v4__rosidl_generator_c.dir/rosidl_generator_c/dobot_msgs_v4/srv/detail/tcp_dashboard__functions.c.o[0m
[  6%] [32mBuilding C object CMakeFiles/dobot_msgs_v4__rosidl_generator_c.dir/rosidl_generator_c/dobot_msgs_v4/srv/detail/enable_ft_sensor__functions.c.o[0m
[  6%] [32mBuilding C object CMakeFiles/dobot_msgs_v4__rosidl_generator_c.dir/rosidl_generator_c/dobot_msgs_v4/srv/detail/six_force_home__functions.c.o[0m
[  6%] [32mBuilding C object CMakeFiles/dobot_msgs_v4__rosidl_generator_c.dir/rosidl_generator_c/dobot_msgs_v4/srv/detail/get_force__functions.c.o[0m
[  6%] [32mBuilding C object CMakeFiles/dobot_msgs_v4__rosidl_generator_c.dir/rosidl_generator_c/dobot_msgs_v4/srv/detail/force_drive_mode__functions.c.o[0m
[  7%] [32mBuilding C object CMakeFiles/dobot_msgs_v4__rosidl_generator_c.dir/rosidl_generator_c/dobot_msgs_v4/srv/detail/force_drive_speed__functions.c.o[0m
[  7%] [32mBuilding C object CMakeFiles/dobot_msgs_v4__rosidl_generator_c.dir/rosidl_generator_c/dobot_msgs_v4/srv/detail/fc_force_mode__functions.c.o[0m
[  7%] [32mBuilding C object CMakeFiles/dobot_msgs_v4__rosidl_generator_c.dir/rosidl_generator_c/dobot_msgs_v4/srv/detail/fc_set_deviation__functions.c.o[0m
[  7%] [32mBuilding C object CMakeFiles/dobot_msgs_v4__rosidl_generator_c.dir/rosidl_generator_c/dobot_msgs_v4/srv/detail/fc_set_force_limit__functions.c.o[0m
[  7%] [32mBuilding C object CMakeFiles/dobot_msgs_v4__rosidl_generator_c.dir/rosidl_generator_c/dobot_msgs_v4/srv/detail/fc_set_mass__functions.c.o[0m
[  7%] [32mBuilding C object CMakeFiles/dobot_msgs_v4__rosidl_generator_c.dir/rosidl_generator_c/dobot_msgs_v4/srv/detail/fc_set_stiffness__functions.c.o[0m
[  7%] [32mBuilding C object CMakeFiles/dobot_msgs_v4__rosidl_generator_c.dir/rosidl_generator_c/dobot_msgs_v4/srv/detail/fc_set_damping__functions.c.o[0m
[  7%] [32mBuilding C object CMakeFiles/dobot_msgs_v4__rosidl_generator_c.dir/rosidl_generator_c/dobot_msgs_v4/srv/detail/fc_off__functions.c.o[0m
[  7%] [32mBuilding C object CMakeFiles/dobot_msgs_v4__rosidl_generator_c.dir/rosidl_generator_c/dobot_msgs_v4/srv/detail/fc_set_force_speed_limit__functions.c.o[0m
[  7%] [32mBuilding C object CMakeFiles/dobot_msgs_v4__rosidl_generator_c.dir/rosidl_generator_c/dobot_msgs_v4/srv/detail/fc_set_force__functions.c.o[0m
[  8%] [32mBuilding C object CMakeFiles/dobot_msgs_v4__rosidl_generator_c.dir/rosidl_generator_c/dobot_msgs_v4/srv/detail/set_fc_collision__functions.c.o[0m
[  8%] [32mBuilding C object CMakeFiles/dobot_msgs_v4__rosidl_generator_c.dir/rosidl_generator_c/dobot_msgs_v4/srv/detail/fc_collision_switch__functions.c.o[0m
[  8%] [32mBuilding C object CMakeFiles/dobot_msgs_v4__rosidl_generator_c.dir/rosidl_generator_c/dobot_msgs_v4/srv/detail/set_work_zone_enable__functions.c.o[0m
[  8%] [32mBuilding C object CMakeFiles/dobot_msgs_v4__rosidl_generator_c.dir/rosidl_generator_c/dobot_msgs_v4/srv/detail/get_tool_do__functions.c.o[0m
[  8%] [32mBuilding C object CMakeFiles/dobot_msgs_v4__rosidl_generator_c.dir/rosidl_generator_c/dobot_msgs_v4/srv/detail/reset_robot__functions.c.o[0m
[  8%] [32mBuilding C object CMakeFiles/dobot_msgs_v4__rosidl_generator_c.dir/rosidl_generator_c/dobot_msgs_v4/srv/detail/run_to__functions.c.o[0m
[  8%] [32mBuilding C object CMakeFiles/dobot_msgs_v4__rosidl_generator_c.dir/rosidl_generator_c/dobot_msgs_v4/srv/detail/start_rt_offset__functions.c.o[0m
[  8%] [32mBuilding C object CMakeFiles/dobot_msgs_v4__rosidl_generator_c.dir/rosidl_generator_c/dobot_msgs_v4/srv/detail/end_rt_offset__functions.c.o[0m
[  8%] [32mBuilding C object CMakeFiles/dobot_msgs_v4__rosidl_generator_c.dir/rosidl_generator_c/dobot_msgs_v4/srv/detail/get_error__functions.c.o[0m
[  8%] [32mBuilding C object CMakeFiles/dobot_msgs_v4__rosidl_generator_c.dir/rosidl_generator_c/dobot_msgs_v4/srv/detail/do_group_dec__functions.c.o[0m
[  9%] [32mBuilding C object CMakeFiles/dobot_msgs_v4__rosidl_generator_c.dir/rosidl_generator_c/dobot_msgs_v4/srv/detail/get_do_group_dec__functions.c.o[0m
[  9%] [32mBuilding C object CMakeFiles/dobot_msgs_v4__rosidl_generator_c.dir/rosidl_generator_c/dobot_msgs_v4/srv/detail/di_group_dec__functions.c.o[0m
[  9%] [32mBuilding C object CMakeFiles/dobot_msgs_v4__rosidl_generator_c.dir/rosidl_generator_c/dobot_msgs_v4/srv/detail/request_control__functions.c.o[0m
[  9%] [32mBuilding C object CMakeFiles/dobot_msgs_v4__rosidl_generator_c.dir/rosidl_generator_c/dobot_msgs_v4/srv/detail/check_odd_mov_l__functions.c.o[0m
[  9%] [32mBuilding C object CMakeFiles/dobot_msgs_v4__rosidl_generator_c.dir/rosidl_generator_c/dobot_msgs_v4/srv/detail/check_odd_mov_j__functions.c.o[0m
[  9%] [32mBuilding C object CMakeFiles/dobot_msgs_v4__rosidl_generator_c.dir/rosidl_generator_c/dobot_msgs_v4/srv/detail/check_odd_mov_c__functions.c.o[0m
[  9%] [32m[1mLinking C shared library libdobot_msgs_v4__rosidl_generator_c.so[0m
[ 13%] Built target dobot_msgs_v4__rosidl_generator_c
[ 13%] [34m[1mGenerating C++ introspection for ROS interfaces[0m
[ 13%] [32mBuilding CXX object CMakeFiles/dobot_msgs_v4__rosidl_typesupport_fastrtps_cpp.dir/rosidl_typesupport_fastrtps_cpp/dobot_msgs_v4/msg/detail/dds_fastrtps/robot_status__type_support.cpp.o[0m
[ 13%] [32mBuilding CXX object CMakeFiles/dobot_msgs_v4__rosidl_typesupport_fastrtps_cpp.dir/rosidl_typesupport_fastrtps_cpp/dobot_msgs_v4/msg/detail/dds_fastrtps/tool_vector_actual__type_support.cpp.o[0m
[ 13%] [32mBuilding CXX object CMakeFiles/dobot_msgs_v4__rosidl_typesupport_fastrtps_cpp.dir/rosidl_typesupport_fastrtps_cpp/dobot_msgs_v4/srv/detail/dds_fastrtps/enable_robot__type_support.cpp.o[0m
[ 13%] [32mBuilding CXX object CMakeFiles/dobot_msgs_v4__rosidl_typesupport_fastrtps_cpp.dir/rosidl_typesupport_fastrtps_cpp/dobot_msgs_v4/srv/detail/dds_fastrtps/disable_robot__type_support.cpp.o[0m
[ 14%] [32mBuilding CXX object CMakeFiles/dobot_msgs_v4__rosidl_typesupport_fastrtps_cpp.dir/rosidl_typesupport_fastrtps_cpp/dobot_msgs_v4/srv/detail/dds_fastrtps/clear_error__type_support.cpp.o[0m
[ 14%] [32mBuilding CXX object CMakeFiles/dobot_msgs_v4__rosidl_typesupport_fastrtps_cpp.dir/rosidl_typesupport_fastrtps_cpp/dobot_msgs_v4/srv/detail/dds_fastrtps/speed_factor__type_support.cpp.o[0m
[ 14%] [32mBuilding CXX object CMakeFiles/dobot_msgs_v4__rosidl_typesupport_fastrtps_cpp.dir/rosidl_typesupport_fastrtps_cpp/dobot_msgs_v4/srv/detail/dds_fastrtps/user__type_support.cpp.o[0m
[ 14%] [32mBuilding CXX object CMakeFiles/dobot_msgs_v4__rosidl_typesupport_fastrtps_cpp.dir/rosidl_typesupport_fastrtps_cpp/dobot_msgs_v4/srv/detail/dds_fastrtps/tool__type_support.cpp.o[0m
[ 14%] [32mBuilding CXX object CMakeFiles/dobot_msgs_v4__rosidl_typesupport_fastrtps_cpp.dir/rosidl_typesupport_fastrtps_cpp/dobot_msgs_v4/srv/detail/dds_fastrtps/robot_mode__type_support.cpp.o[0m
[ 14%] [32mBuilding CXX object CMakeFiles/dobot_msgs_v4__rosidl_typesupport_fastrtps_cpp.dir/rosidl_typesupport_fastrtps_cpp/dobot_msgs_v4/srv/detail/dds_fastrtps/set_payload__type_support.cpp.o[0m
[ 14%] [32mBuilding CXX object CMakeFiles/dobot_msgs_v4__rosidl_typesupport_fastrtps_cpp.dir/rosidl_typesupport_fastrtps_cpp/dobot_msgs_v4/srv/detail/dds_fastrtps/do__type_support.cpp.o[0m
[ 14%] [32mBuilding CXX object CMakeFiles/dobot_msgs_v4__rosidl_typesupport_introspection_cpp.dir/rosidl_typesupport_introspection_cpp/dobot_msgs_v4/msg/detail/robot_status__type_support.cpp.o[0m
[ 14%] [32mBuilding CXX object CMakeFiles/dobot_msgs_v4__rosidl_typesupport_fastrtps_cpp.dir/rosidl_typesupport_fastrtps_cpp/dobot_msgs_v4/srv/detail/dds_fastrtps/do_instant__type_support.cpp.o[0m
[ 14%] [32mBuilding CXX object CMakeFiles/dobot_msgs_v4__rosidl_typesupport_introspection_cpp.dir/rosidl_typesupport_introspection_cpp/dobot_msgs_v4/msg/detail/tool_vector_actual__type_support.cpp.o[0m
[ 14%] [32mBuilding CXX object CMakeFiles/dobot_msgs_v4__rosidl_typesupport_fastrtps_cpp.dir/rosidl_typesupport_fastrtps_cpp/dobot_msgs_v4/srv/detail/dds_fastrtps/tool_do__type_support.cpp.o[0m
[ 14%] [32mBuilding CXX object CMakeFiles/dobot_msgs_v4__rosidl_typesupport_introspection_cpp.dir/rosidl_typesupport_introspection_cpp/dobot_msgs_v4/srv/detail/enable_robot__type_support.cpp.o[0m
[ 14%] [32mBuilding CXX object CMakeFiles/dobot_msgs_v4__rosidl_typesupport_fastrtps_cpp.dir/rosidl_typesupport_fastrtps_cpp/dobot_msgs_v4/srv/detail/dds_fastrtps/tool_do_instant__type_support.cpp.o[0m
[ 14%] [32mBuilding CXX object CMakeFiles/dobot_msgs_v4__rosidl_typesupport_introspection_cpp.dir/rosidl_typesupport_introspection_cpp/dobot_msgs_v4/srv/detail/disable_robot__type_support.cpp.o[0m
[ 15%] [32mBuilding CXX object CMakeFiles/dobot_msgs_v4__rosidl_typesupport_fastrtps_cpp.dir/rosidl_typesupport_fastrtps_cpp/dobot_msgs_v4/srv/detail/dds_fastrtps/ao__type_support.cpp.o[0m
[ 15%] [32mBuilding CXX object CMakeFiles/dobot_msgs_v4__rosidl_typesupport_fastrtps_cpp.dir/rosidl_typesupport_fastrtps_cpp/dobot_msgs_v4/srv/detail/dds_fastrtps/ao_instant__type_support.cpp.o[0m
[ 16%] [32mBuilding CXX object CMakeFiles/dobot_msgs_v4__rosidl_typesupport_introspection_cpp.dir/rosidl_typesupport_introspection_cpp/dobot_msgs_v4/srv/detail/clear_error__type_support.cpp.o[0m
[ 16%] [32mBuilding CXX object CMakeFiles/dobot_msgs_v4__rosidl_typesupport_fastrtps_cpp.dir/rosidl_typesupport_fastrtps_cpp/dobot_msgs_v4/srv/detail/dds_fastrtps/acc_j__type_support.cpp.o[0m
[ 16%] [32mBuilding CXX object CMakeFiles/dobot_msgs_v4__rosidl_typesupport_introspection_cpp.dir/rosidl_typesupport_introspection_cpp/dobot_msgs_v4/srv/detail/speed_factor__type_support.cpp.o[0m
[ 16%] [32mBuilding CXX object CMakeFiles/dobot_msgs_v4__rosidl_typesupport_fastrtps_cpp.dir/rosidl_typesupport_fastrtps_cpp/dobot_msgs_v4/srv/detail/dds_fastrtps/acc_l__type_support.cpp.o[0m
[ 16%] [32mBuilding CXX object CMakeFiles/dobot_msgs_v4__rosidl_typesupport_introspection_cpp.dir/rosidl_typesupport_introspection_cpp/dobot_msgs_v4/srv/detail/user__type_support.cpp.o[0m
[ 16%] [32mBuilding CXX object CMakeFiles/dobot_msgs_v4__rosidl_typesupport_fastrtps_cpp.dir/rosidl_typesupport_fastrtps_cpp/dobot_msgs_v4/srv/detail/dds_fastrtps/vel_j__type_support.cpp.o[0m
[ 16%] [32mBuilding CXX object CMakeFiles/dobot_msgs_v4__rosidl_typesupport_introspection_cpp.dir/rosidl_typesupport_introspection_cpp/dobot_msgs_v4/srv/detail/tool__type_support.cpp.o[0m
[ 16%] [32mBuilding CXX object CMakeFiles/dobot_msgs_v4__rosidl_typesupport_fastrtps_cpp.dir/rosidl_typesupport_fastrtps_cpp/dobot_msgs_v4/srv/detail/dds_fastrtps/vel_l__type_support.cpp.o[0m
[ 16%] [32mBuilding CXX object CMakeFiles/dobot_msgs_v4__rosidl_typesupport_introspection_cpp.dir/rosidl_typesupport_introspection_cpp/dobot_msgs_v4/srv/detail/robot_mode__type_support.cpp.o[0m
[ 16%] [32mBuilding CXX object CMakeFiles/dobot_msgs_v4__rosidl_typesupport_fastrtps_cpp.dir/rosidl_typesupport_fastrtps_cpp/dobot_msgs_v4/srv/detail/dds_fastrtps/cp__type_support.cpp.o[0m
[ 16%] [32mBuilding CXX object CMakeFiles/dobot_msgs_v4__rosidl_typesupport_fastrtps_cpp.dir/rosidl_typesupport_fastrtps_cpp/dobot_msgs_v4/srv/detail/dds_fastrtps/power_on__type_support.cpp.o[0m
[ 16%] [32mBuilding CXX object CMakeFiles/dobot_msgs_v4__rosidl_typesupport_introspection_cpp.dir/rosidl_typesupport_introspection_cpp/dobot_msgs_v4/srv/detail/set_payload__type_support.cpp.o[0m
[ 16%] [32mBuilding CXX object CMakeFiles/dobot_msgs_v4__rosidl_typesupport_fastrtps_cpp.dir/rosidl_typesupport_fastrtps_cpp/dobot_msgs_v4/srv/detail/dds_fastrtps/run_script__type_support.cpp.o[0m
[ 16%] [32mBuilding CXX object CMakeFiles/dobot_msgs_v4__rosidl_typesupport_introspection_cpp.dir/rosidl_typesupport_introspection_cpp/dobot_msgs_v4/srv/detail/do__type_support.cpp.o[0m
[ 16%] [32mBuilding CXX object CMakeFiles/dobot_msgs_v4__rosidl_typesupport_fastrtps_cpp.dir/rosidl_typesupport_fastrtps_cpp/dobot_msgs_v4/srv/detail/dds_fastrtps/stop__type_support.cpp.o[0m
[ 16%] [32mBuilding CXX object CMakeFiles/dobot_msgs_v4__rosidl_typesupport_introspection_cpp.dir/rosidl_typesupport_introspection_cpp/dobot_msgs_v4/srv/detail/do_instant__type_support.cpp.o[0m
[ 17%] [32mBuilding CXX object CMakeFiles/dobot_msgs_v4__rosidl_typesupport_fastrtps_cpp.dir/rosidl_typesupport_fastrtps_cpp/dobot_msgs_v4/srv/detail/dds_fastrtps/pause__type_support.cpp.o[0m
[ 17%] [32mBuilding CXX object CMakeFiles/dobot_msgs_v4__rosidl_typesupport_introspection_cpp.dir/rosidl_typesupport_introspection_cpp/dobot_msgs_v4/srv/detail/tool_do__type_support.cpp.o[0m
[ 17%] [32mBuilding CXX object CMakeFiles/dobot_msgs_v4__rosidl_typesupport_fastrtps_cpp.dir/rosidl_typesupport_fastrtps_cpp/dobot_msgs_v4/srv/detail/dds_fastrtps/continue__type_support.cpp.o[0m
[ 17%] [32mBuilding CXX object CMakeFiles/dobot_msgs_v4__rosidl_typesupport_introspection_cpp.dir/rosidl_typesupport_introspection_cpp/dobot_msgs_v4/srv/detail/tool_do_instant__type_support.cpp.o[0m
[ 18%] [32mBuilding CXX object CMakeFiles/dobot_msgs_v4__rosidl_typesupport_introspection_cpp.dir/rosidl_typesupport_introspection_cpp/dobot_msgs_v4/srv/detail/ao__type_support.cpp.o[0m
[ 18%] [32mBuilding CXX object CMakeFiles/dobot_msgs_v4__rosidl_typesupport_fastrtps_cpp.dir/rosidl_typesupport_fastrtps_cpp/dobot_msgs_v4/srv/detail/dds_fastrtps/positive_kin__type_support.cpp.o[0m
[ 18%] [32mBuilding CXX object CMakeFiles/dobot_msgs_v4__rosidl_typesupport_introspection_cpp.dir/rosidl_typesupport_introspection_cpp/dobot_msgs_v4/srv/detail/ao_instant__type_support.cpp.o[0m
[ 18%] [32mBuilding CXX object CMakeFiles/dobot_msgs_v4__rosidl_typesupport_fastrtps_cpp.dir/rosidl_typesupport_fastrtps_cpp/dobot_msgs_v4/srv/detail/dds_fastrtps/inverse_kin__type_support.cpp.o[0m
[ 18%] [32mBuilding CXX object CMakeFiles/dobot_msgs_v4__rosidl_typesupport_introspection_cpp.dir/rosidl_typesupport_introspection_cpp/dobot_msgs_v4/srv/detail/acc_j__type_support.cpp.o[0m
[ 18%] [32mBuilding CXX object CMakeFiles/dobot_msgs_v4__rosidl_typesupport_fastrtps_cpp.dir/rosidl_typesupport_fastrtps_cpp/dobot_msgs_v4/srv/detail/dds_fastrtps/set_collision_level__type_support.cpp.o[0m
[ 18%] [32mBuilding CXX object CMakeFiles/dobot_msgs_v4__rosidl_typesupport_introspection_cpp.dir/rosidl_typesupport_introspection_cpp/dobot_msgs_v4/srv/detail/acc_l__type_support.cpp.o[0m
[ 18%] [32mBuilding CXX object CMakeFiles/dobot_msgs_v4__rosidl_typesupport_fastrtps_cpp.dir/rosidl_typesupport_fastrtps_cpp/dobot_msgs_v4/srv/detail/dds_fastrtps/get_angle__type_support.cpp.o[0m
[ 18%] [32mBuilding CXX object CMakeFiles/dobot_msgs_v4__rosidl_typesupport_introspection_cpp.dir/rosidl_typesupport_introspection_cpp/dobot_msgs_v4/srv/detail/vel_j__type_support.cpp.o[0m
[ 18%] [32mBuilding CXX object CMakeFiles/dobot_msgs_v4__rosidl_typesupport_fastrtps_cpp.dir/rosidl_typesupport_fastrtps_cpp/dobot_msgs_v4/srv/detail/dds_fastrtps/get_pose__type_support.cpp.o[0m
[ 18%] [32mBuilding CXX object CMakeFiles/dobot_msgs_v4__rosidl_typesupport_introspection_cpp.dir/rosidl_typesupport_introspection_cpp/dobot_msgs_v4/srv/detail/vel_l__type_support.cpp.o[0m
[ 18%] [32mBuilding CXX object CMakeFiles/dobot_msgs_v4__rosidl_typesupport_fastrtps_cpp.dir/rosidl_typesupport_fastrtps_cpp/dobot_msgs_v4/srv/detail/dds_fastrtps/emergency_stop__type_support.cpp.o[0m
[ 18%] [32mBuilding CXX object CMakeFiles/dobot_msgs_v4__rosidl_typesupport_introspection_cpp.dir/rosidl_typesupport_introspection_cpp/dobot_msgs_v4/srv/detail/cp__type_support.cpp.o[0m
[ 18%] [32mBuilding CXX object CMakeFiles/dobot_msgs_v4__rosidl_typesupport_fastrtps_cpp.dir/rosidl_typesupport_fastrtps_cpp/dobot_msgs_v4/srv/detail/dds_fastrtps/modbus_rtu_create__type_support.cpp.o[0m
[ 18%] [32mBuilding CXX object CMakeFiles/dobot_msgs_v4__rosidl_typesupport_introspection_cpp.dir/rosidl_typesupport_introspection_cpp/dobot_msgs_v4/srv/detail/power_on__type_support.cpp.o[0m
[ 18%] [32mBuilding CXX object CMakeFiles/dobot_msgs_v4__rosidl_typesupport_fastrtps_cpp.dir/rosidl_typesupport_fastrtps_cpp/dobot_msgs_v4/srv/detail/dds_fastrtps/modbus_create__type_support.cpp.o[0m
[ 18%] [32mBuilding CXX object CMakeFiles/dobot_msgs_v4__rosidl_typesupport_introspection_cpp.dir/rosidl_typesupport_introspection_cpp/dobot_msgs_v4/srv/detail/run_script__type_support.cpp.o[0m
[ 18%] [32mBuilding CXX object CMakeFiles/dobot_msgs_v4__rosidl_typesupport_fastrtps_cpp.dir/rosidl_typesupport_fastrtps_cpp/dobot_msgs_v4/srv/detail/dds_fastrtps/modbus_close__type_support.cpp.o[0m
[ 18%] [32mBuilding CXX object CMakeFiles/dobot_msgs_v4__rosidl_typesupport_introspection_cpp.dir/rosidl_typesupport_introspection_cpp/dobot_msgs_v4/srv/detail/stop__type_support.cpp.o[0m
[ 19%] [32mBuilding CXX object CMakeFiles/dobot_msgs_v4__rosidl_typesupport_fastrtps_cpp.dir/rosidl_typesupport_fastrtps_cpp/dobot_msgs_v4/srv/detail/dds_fastrtps/get_in_bits__type_support.cpp.o[0m
[ 20%] [32mBuilding CXX object CMakeFiles/dobot_msgs_v4__rosidl_typesupport_introspection_cpp.dir/rosidl_typesupport_introspection_cpp/dobot_msgs_v4/srv/detail/pause__type_support.cpp.o[0m
[ 20%] [32mBuilding CXX object CMakeFiles/dobot_msgs_v4__rosidl_typesupport_fastrtps_cpp.dir/rosidl_typesupport_fastrtps_cpp/dobot_msgs_v4/srv/detail/dds_fastrtps/get_in_regs__type_support.cpp.o[0m
[ 20%] [32mBuilding CXX object CMakeFiles/dobot_msgs_v4__rosidl_typesupport_introspection_cpp.dir/rosidl_typesupport_introspection_cpp/dobot_msgs_v4/srv/detail/continue__type_support.cpp.o[0m
[ 20%] [32mBuilding CXX object CMakeFiles/dobot_msgs_v4__rosidl_typesupport_fastrtps_cpp.dir/rosidl_typesupport_fastrtps_cpp/dobot_msgs_v4/srv/detail/dds_fastrtps/get_coils__type_support.cpp.o[0m
[ 20%] [32mBuilding CXX object CMakeFiles/dobot_msgs_v4__rosidl_typesupport_introspection_cpp.dir/rosidl_typesupport_introspection_cpp/dobot_msgs_v4/srv/detail/positive_kin__type_support.cpp.o[0m
[ 20%] [32mBuilding CXX object CMakeFiles/dobot_msgs_v4__rosidl_typesupport_fastrtps_cpp.dir/rosidl_typesupport_fastrtps_cpp/dobot_msgs_v4/srv/detail/dds_fastrtps/set_coils__type_support.cpp.o[0m
[ 20%] [32mBuilding CXX object CMakeFiles/dobot_msgs_v4__rosidl_typesupport_introspection_cpp.dir/rosidl_typesupport_introspection_cpp/dobot_msgs_v4/srv/detail/inverse_kin__type_support.cpp.o[0m
[ 20%] [32mBuilding CXX object CMakeFiles/dobot_msgs_v4__rosidl_typesupport_fastrtps_cpp.dir/rosidl_typesupport_fastrtps_cpp/dobot_msgs_v4/srv/detail/dds_fastrtps/get_hold_regs__type_support.cpp.o[0m
[ 20%] [32mBuilding CXX object CMakeFiles/dobot_msgs_v4__rosidl_typesupport_introspection_cpp.dir/rosidl_typesupport_introspection_cpp/dobot_msgs_v4/srv/detail/set_collision_level__type_support.cpp.o[0m
[ 20%] [32mBuilding CXX object CMakeFiles/dobot_msgs_v4__rosidl_typesupport_fastrtps_cpp.dir/rosidl_typesupport_fastrtps_cpp/dobot_msgs_v4/srv/detail/dds_fastrtps/set_hold_regs__type_support.cpp.o[0m
[ 20%] [32mBuilding CXX object CMakeFiles/dobot_msgs_v4__rosidl_typesupport_introspection_cpp.dir/rosidl_typesupport_introspection_cpp/dobot_msgs_v4/srv/detail/get_angle__type_support.cpp.o[0m
[ 20%] [32mBuilding CXX object CMakeFiles/dobot_msgs_v4__rosidl_typesupport_fastrtps_cpp.dir/rosidl_typesupport_fastrtps_cpp/dobot_msgs_v4/srv/detail/dds_fastrtps/set_safe_skin__type_support.cpp.o[0m
[ 20%] [32mBuilding CXX object CMakeFiles/dobot_msgs_v4__rosidl_typesupport_introspection_cpp.dir/rosidl_typesupport_introspection_cpp/dobot_msgs_v4/srv/detail/get_pose__type_support.cpp.o[0m
[ 20%] [32mBuilding CXX object CMakeFiles/dobot_msgs_v4__rosidl_typesupport_fastrtps_cpp.dir/rosidl_typesupport_fastrtps_cpp/dobot_msgs_v4/srv/detail/dds_fastrtps/mov_j__type_support.cpp.o[0m
[ 20%] [32mBuilding CXX object CMakeFiles/dobot_msgs_v4__rosidl_typesupport_introspection_cpp.dir/rosidl_typesupport_introspection_cpp/dobot_msgs_v4/srv/detail/emergency_stop__type_support.cpp.o[0m
[ 20%] [32mBuilding CXX object CMakeFiles/dobot_msgs_v4__rosidl_typesupport_fastrtps_cpp.dir/rosidl_typesupport_fastrtps_cpp/dobot_msgs_v4/srv/detail/dds_fastrtps/mov_l__type_support.cpp.o[0m
[ 20%] [32mBuilding CXX object CMakeFiles/dobot_msgs_v4__rosidl_typesupport_introspection_cpp.dir/rosidl_typesupport_introspection_cpp/dobot_msgs_v4/srv/detail/modbus_rtu_create__type_support.cpp.o[0m
[ 20%] [32mBuilding CXX object CMakeFiles/dobot_msgs_v4__rosidl_typesupport_fastrtps_cpp.dir/rosidl_typesupport_fastrtps_cpp/dobot_msgs_v4/srv/detail/dds_fastrtps/rel_joint_mov_j__type_support.cpp.o[0m
[ 20%] [32mBuilding CXX object CMakeFiles/dobot_msgs_v4__rosidl_typesupport_introspection_cpp.dir/rosidl_typesupport_introspection_cpp/dobot_msgs_v4/srv/detail/modbus_create__type_support.cpp.o[0m
[ 21%] [32mBuilding CXX object CMakeFiles/dobot_msgs_v4__rosidl_typesupport_fastrtps_cpp.dir/rosidl_typesupport_fastrtps_cpp/dobot_msgs_v4/srv/detail/dds_fastrtps/move_jog__type_support.cpp.o[0m
[ 21%] [32mBuilding CXX object CMakeFiles/dobot_msgs_v4__rosidl_typesupport_introspection_cpp.dir/rosidl_typesupport_introspection_cpp/dobot_msgs_v4/srv/detail/modbus_close__type_support.cpp.o[0m
[ 21%] [32mBuilding CXX object CMakeFiles/dobot_msgs_v4__rosidl_typesupport_fastrtps_cpp.dir/rosidl_typesupport_fastrtps_cpp/dobot_msgs_v4/srv/detail/dds_fastrtps/stop_move_jog__type_support.cpp.o[0m
[ 22%] [32mBuilding CXX object CMakeFiles/dobot_msgs_v4__rosidl_typesupport_introspection_cpp.dir/rosidl_typesupport_introspection_cpp/dobot_msgs_v4/srv/detail/get_in_bits__type_support.cpp.o[0m
[ 22%] [32mBuilding CXX object CMakeFiles/dobot_msgs_v4__rosidl_typesupport_fastrtps_cpp.dir/rosidl_typesupport_fastrtps_cpp/dobot_msgs_v4/srv/detail/dds_fastrtps/do_group__type_support.cpp.o[0m
[ 22%] [32mBuilding CXX object CMakeFiles/dobot_msgs_v4__rosidl_typesupport_introspection_cpp.dir/rosidl_typesupport_introspection_cpp/dobot_msgs_v4/srv/detail/get_in_regs__type_support.cpp.o[0m
[ 22%] [32mBuilding CXX object CMakeFiles/dobot_msgs_v4__rosidl_typesupport_fastrtps_cpp.dir/rosidl_typesupport_fastrtps_cpp/dobot_msgs_v4/srv/detail/dds_fastrtps/brake_control__type_support.cpp.o[0m
[ 22%] [32mBuilding CXX object CMakeFiles/dobot_msgs_v4__rosidl_typesupport_introspection_cpp.dir/rosidl_typesupport_introspection_cpp/dobot_msgs_v4/srv/detail/get_coils__type_support.cpp.o[0m
[ 22%] [32mBuilding CXX object CMakeFiles/dobot_msgs_v4__rosidl_typesupport_introspection_cpp.dir/rosidl_typesupport_introspection_cpp/dobot_msgs_v4/srv/detail/set_coils__type_support.cpp.o[0m
[ 22%] [32mBuilding CXX object CMakeFiles/dobot_msgs_v4__rosidl_typesupport_fastrtps_cpp.dir/rosidl_typesupport_fastrtps_cpp/dobot_msgs_v4/srv/detail/dds_fastrtps/start_drag__type_support.cpp.o[0m
[ 22%] [32mBuilding CXX object CMakeFiles/dobot_msgs_v4__rosidl_typesupport_introspection_cpp.dir/rosidl_typesupport_introspection_cpp/dobot_msgs_v4/srv/detail/get_hold_regs__type_support.cpp.o[0m
[ 22%] [32mBuilding CXX object CMakeFiles/dobot_msgs_v4__rosidl_typesupport_fastrtps_cpp.dir/rosidl_typesupport_fastrtps_cpp/dobot_msgs_v4/srv/detail/dds_fastrtps/enable_safe_skin__type_support.cpp.o[0m
[ 22%] [32mBuilding CXX object CMakeFiles/dobot_msgs_v4__rosidl_typesupport_introspection_cpp.dir/rosidl_typesupport_introspection_cpp/dobot_msgs_v4/srv/detail/set_hold_regs__type_support.cpp.o[0m
[ 22%] [32mBuilding CXX object CMakeFiles/dobot_msgs_v4__rosidl_typesupport_fastrtps_cpp.dir/rosidl_typesupport_fastrtps_cpp/dobot_msgs_v4/srv/detail/dds_fastrtps/get_start_pose__type_support.cpp.o[0m
[ 22%] [32mBuilding CXX object CMakeFiles/dobot_msgs_v4__rosidl_typesupport_introspection_cpp.dir/rosidl_typesupport_introspection_cpp/dobot_msgs_v4/srv/detail/set_safe_skin__type_support.cpp.o[0m
[ 22%] [32mBuilding CXX object CMakeFiles/dobot_msgs_v4__rosidl_typesupport_fastrtps_cpp.dir/rosidl_typesupport_fastrtps_cpp/dobot_msgs_v4/srv/detail/dds_fastrtps/start_path__type_support.cpp.o[0m
[ 22%] [32mBuilding CXX object CMakeFiles/dobot_msgs_v4__rosidl_typesupport_introspection_cpp.dir/rosidl_typesupport_introspection_cpp/dobot_msgs_v4/srv/detail/mov_j__type_support.cpp.o[0m
[ 22%] [32mBuilding CXX object CMakeFiles/dobot_msgs_v4__rosidl_typesupport_introspection_cpp.dir/rosidl_typesupport_introspection_cpp/dobot_msgs_v4/srv/detail/mov_l__type_support.cpp.o[0m
[ 22%] [32mBuilding CXX object CMakeFiles/dobot_msgs_v4__rosidl_typesupport_fastrtps_cpp.dir/rosidl_typesupport_fastrtps_cpp/dobot_msgs_v4/srv/detail/dds_fastrtps/inverse_solution__type_support.cpp.o[0m
[ 22%] [32mBuilding CXX object CMakeFiles/dobot_msgs_v4__rosidl_typesupport_introspection_cpp.dir/rosidl_typesupport_introspection_cpp/dobot_msgs_v4/srv/detail/rel_joint_mov_j__type_support.cpp.o[0m
[ 22%] [32mBuilding CXX object CMakeFiles/dobot_msgs_v4__rosidl_typesupport_fastrtps_cpp.dir/rosidl_typesupport_fastrtps_cpp/dobot_msgs_v4/srv/detail/dds_fastrtps/get_error_id__type_support.cpp.o[0m
[ 23%] [32mBuilding CXX object CMakeFiles/dobot_msgs_v4__rosidl_typesupport_introspection_cpp.dir/rosidl_typesupport_introspection_cpp/dobot_msgs_v4/srv/detail/move_jog__type_support.cpp.o[0m
[ 24%] [32mBuilding CXX object CMakeFiles/dobot_msgs_v4__rosidl_typesupport_fastrtps_cpp.dir/rosidl_typesupport_fastrtps_cpp/dobot_msgs_v4/srv/detail/dds_fastrtps/di__type_support.cpp.o[0m
[ 24%] [32mBuilding CXX object CMakeFiles/dobot_msgs_v4__rosidl_typesupport_introspection_cpp.dir/rosidl_typesupport_introspection_cpp/dobot_msgs_v4/srv/detail/stop_move_jog__type_support.cpp.o[0m
[ 24%] [32mBuilding CXX object CMakeFiles/dobot_msgs_v4__rosidl_typesupport_fastrtps_cpp.dir/rosidl_typesupport_fastrtps_cpp/dobot_msgs_v4/srv/detail/dds_fastrtps/tool_di__type_support.cpp.o[0m
[ 24%] [32mBuilding CXX object CMakeFiles/dobot_msgs_v4__rosidl_typesupport_introspection_cpp.dir/rosidl_typesupport_introspection_cpp/dobot_msgs_v4/srv/detail/do_group__type_support.cpp.o[0m
[ 24%] [32mBuilding CXX object CMakeFiles/dobot_msgs_v4__rosidl_typesupport_fastrtps_cpp.dir/rosidl_typesupport_fastrtps_cpp/dobot_msgs_v4/srv/detail/dds_fastrtps/ai__type_support.cpp.o[0m
[ 24%] [32mBuilding CXX object CMakeFiles/dobot_msgs_v4__rosidl_typesupport_introspection_cpp.dir/rosidl_typesupport_introspection_cpp/dobot_msgs_v4/srv/detail/brake_control__type_support.cpp.o[0m
[ 24%] [32mBuilding CXX object CMakeFiles/dobot_msgs_v4__rosidl_typesupport_fastrtps_cpp.dir/rosidl_typesupport_fastrtps_cpp/dobot_msgs_v4/srv/detail/dds_fastrtps/tool_ai__type_support.cpp.o[0m
[ 24%] [32mBuilding CXX object CMakeFiles/dobot_msgs_v4__rosidl_typesupport_introspection_cpp.dir/rosidl_typesupport_introspection_cpp/dobot_msgs_v4/srv/detail/start_drag__type_support.cpp.o[0m
[ 24%] [32mBuilding CXX object CMakeFiles/dobot_msgs_v4__rosidl_typesupport_fastrtps_cpp.dir/rosidl_typesupport_fastrtps_cpp/dobot_msgs_v4/srv/detail/dds_fastrtps/di_group__type_support.cpp.o[0m
[ 24%] [32mBuilding CXX object CMakeFiles/dobot_msgs_v4__rosidl_typesupport_introspection_cpp.dir/rosidl_typesupport_introspection_cpp/dobot_msgs_v4/srv/detail/enable_safe_skin__type_support.cpp.o[0m
[ 24%] [32mBuilding CXX object CMakeFiles/dobot_msgs_v4__rosidl_typesupport_fastrtps_cpp.dir/rosidl_typesupport_fastrtps_cpp/dobot_msgs_v4/srv/detail/dds_fastrtps/stop_drag__type_support.cpp.o[0m
[ 24%] [32mBuilding CXX object CMakeFiles/dobot_msgs_v4__rosidl_typesupport_introspection_cpp.dir/rosidl_typesupport_introspection_cpp/dobot_msgs_v4/srv/detail/get_start_pose__type_support.cpp.o[0m
[ 24%] [32mBuilding CXX object CMakeFiles/dobot_msgs_v4__rosidl_typesupport_fastrtps_cpp.dir/rosidl_typesupport_fastrtps_cpp/dobot_msgs_v4/srv/detail/dds_fastrtps/drag_sensivity__type_support.cpp.o[0m
[ 24%] [32mBuilding CXX object CMakeFiles/dobot_msgs_v4__rosidl_typesupport_introspection_cpp.dir/rosidl_typesupport_introspection_cpp/dobot_msgs_v4/srv/detail/start_path__type_support.cpp.o[0m
[ 24%] [32mBuilding CXX object CMakeFiles/dobot_msgs_v4__rosidl_typesupport_fastrtps_cpp.dir/rosidl_typesupport_fastrtps_cpp/dobot_msgs_v4/srv/detail/dds_fastrtps/get_do__type_support.cpp.o[0m
[ 24%] [32mBuilding CXX object CMakeFiles/dobot_msgs_v4__rosidl_typesupport_fastrtps_cpp.dir/rosidl_typesupport_fastrtps_cpp/dobot_msgs_v4/srv/detail/dds_fastrtps/get_ao__type_support.cpp.o[0m
[ 24%] [32mBuilding CXX object CMakeFiles/dobot_msgs_v4__rosidl_typesupport_introspection_cpp.dir/rosidl_typesupport_introspection_cpp/dobot_msgs_v4/srv/detail/inverse_solution__type_support.cpp.o[0m
[ 24%] [32mBuilding CXX object CMakeFiles/dobot_msgs_v4__rosidl_typesupport_introspection_cpp.dir/rosidl_typesupport_introspection_cpp/dobot_msgs_v4/srv/detail/get_error_id__type_support.cpp.o[0m
[ 24%] [32mBuilding CXX object CMakeFiles/dobot_msgs_v4__rosidl_typesupport_fastrtps_cpp.dir/rosidl_typesupport_fastrtps_cpp/dobot_msgs_v4/srv/detail/dds_fastrtps/get_do_group__type_support.cpp.o[0m
[ 24%] [32mBuilding CXX object CMakeFiles/dobot_msgs_v4__rosidl_typesupport_fastrtps_cpp.dir/rosidl_typesupport_fastrtps_cpp/dobot_msgs_v4/srv/detail/dds_fastrtps/set_tool485__type_support.cpp.o[0m
[ 25%] [32mBuilding CXX object CMakeFiles/dobot_msgs_v4__rosidl_typesupport_introspection_cpp.dir/rosidl_typesupport_introspection_cpp/dobot_msgs_v4/srv/detail/di__type_support.cpp.o[0m
[ 26%] [32mBuilding CXX object CMakeFiles/dobot_msgs_v4__rosidl_typesupport_fastrtps_cpp.dir/rosidl_typesupport_fastrtps_cpp/dobot_msgs_v4/srv/detail/dds_fastrtps/set_safe_wall_enable__type_support.cpp.o[0m
[ 26%] [32mBuilding CXX object CMakeFiles/dobot_msgs_v4__rosidl_typesupport_introspection_cpp.dir/rosidl_typesupport_introspection_cpp/dobot_msgs_v4/srv/detail/tool_di__type_support.cpp.o[0m
[ 26%] [32mBuilding CXX object CMakeFiles/dobot_msgs_v4__rosidl_typesupport_fastrtps_cpp.dir/rosidl_typesupport_fastrtps_cpp/dobot_msgs_v4/srv/detail/dds_fastrtps/set_tool_power__type_support.cpp.o[0m
[ 26%] [32mBuilding CXX object CMakeFiles/dobot_msgs_v4__rosidl_typesupport_introspection_cpp.dir/rosidl_typesupport_introspection_cpp/dobot_msgs_v4/srv/detail/ai__type_support.cpp.o[0m
[ 26%] [32mBuilding CXX object CMakeFiles/dobot_msgs_v4__rosidl_typesupport_introspection_cpp.dir/rosidl_typesupport_introspection_cpp/dobot_msgs_v4/srv/detail/tool_ai__type_support.cpp.o[0m
[ 26%] [32mBuilding CXX object CMakeFiles/dobot_msgs_v4__rosidl_typesupport_fastrtps_cpp.dir/rosidl_typesupport_fastrtps_cpp/dobot_msgs_v4/srv/detail/dds_fastrtps/set_tool_mode__type_support.cpp.o[0m
[ 26%] [32mBuilding CXX object CMakeFiles/dobot_msgs_v4__rosidl_typesupport_introspection_cpp.dir/rosidl_typesupport_introspection_cpp/dobot_msgs_v4/srv/detail/di_group__type_support.cpp.o[0m
[ 26%] [32mBuilding CXX object CMakeFiles/dobot_msgs_v4__rosidl_typesupport_fastrtps_cpp.dir/rosidl_typesupport_fastrtps_cpp/dobot_msgs_v4/srv/detail/dds_fastrtps/set_back_distance__type_support.cpp.o[0m
