[0.016s] Invoking command in '/home/michael/dobot_ws/src/build/dobot_msgs_v4': CMAKE_PREFIX_PATH=${CMAKE_PREFIX_PATH}:/home/michael/dobot_ws/install/servo_action:/home/michael/dobot_ws/install/dobot_moveit:/home/michael/dobot_ws/install/dobot_demo:/opt/ros/humble /usr/bin/cmake --build /home/michael/dobot_ws/src/build/dobot_msgs_v4 -- -j2 -l2
[0.215s] [  1%] Built target dobot_msgs_v4__rs
[0.245s] [35m[1mConsolidate compiler generated dependencies of target dobot_msgs_v4__rosidl_generator_c[0m
[0.272s] [  1%] [32mBuilding C object CMakeFiles/dobot_msgs_v4__rosidl_generator_c.dir/rosidl_generator_c/dobot_msgs_v4/srv/detail/stop_move_jog__functions.c.o[0m
[0.282s] [  1%] Built target dobot_msgs_v4__cpp
[0.338s] [  1%] [32mBuilding C object CMakeFiles/dobot_msgs_v4__rosidl_generator_c.dir/rosidl_generator_c/dobot_msgs_v4/srv/detail/do_group__functions.c.o[0m
[0.339s] [  1%] Built target ament_cmake_python_copy_dobot_msgs_v4
[0.363s] [  1%] [34m[1mGenerating C++ type support for eProsima Fast-RTPS[0m
[0.422s] [  2%] [32mBuilding C object CMakeFiles/dobot_msgs_v4__rosidl_generator_c.dir/rosidl_generator_c/dobot_msgs_v4/srv/detail/brake_control__functions.c.o[0m
[0.526s] [  2%] [32mBuilding C object CMakeFiles/dobot_msgs_v4__rosidl_generator_c.dir/rosidl_generator_c/dobot_msgs_v4/srv/detail/start_drag__functions.c.o[0m
[0.644s] [  2%] [32mBuilding C object CMakeFiles/dobot_msgs_v4__rosidl_generator_c.dir/rosidl_generator_c/dobot_msgs_v4/srv/detail/enable_safe_skin__functions.c.o[0m
[0.743s] [  2%] [32mBuilding C object CMakeFiles/dobot_msgs_v4__rosidl_generator_c.dir/rosidl_generator_c/dobot_msgs_v4/srv/detail/get_start_pose__functions.c.o[0m
[0.869s] [  2%] [32mBuilding C object CMakeFiles/dobot_msgs_v4__rosidl_generator_c.dir/rosidl_generator_c/dobot_msgs_v4/srv/detail/start_path__functions.c.o[0m
[0.936s] [  2%] [32mBuilding C object CMakeFiles/dobot_msgs_v4__rosidl_generator_c.dir/rosidl_generator_c/dobot_msgs_v4/srv/detail/inverse_solution__functions.c.o[0m
[1.032s] [  2%] [32mBuilding C object CMakeFiles/dobot_msgs_v4__rosidl_generator_c.dir/rosidl_generator_c/dobot_msgs_v4/srv/detail/get_error_id__functions.c.o[0m
[1.136s] [  2%] [32mBuilding C object CMakeFiles/dobot_msgs_v4__rosidl_generator_c.dir/rosidl_generator_c/dobot_msgs_v4/srv/detail/di__functions.c.o[0m
[1.214s] [  2%] [32mBuilding C object CMakeFiles/dobot_msgs_v4__rosidl_generator_c.dir/rosidl_generator_c/dobot_msgs_v4/srv/detail/tool_di__functions.c.o[0m
[1.293s] [  2%] [32mBuilding C object CMakeFiles/dobot_msgs_v4__rosidl_generator_c.dir/rosidl_generator_c/dobot_msgs_v4/srv/detail/ai__functions.c.o[0m
[1.372s] [  3%] [32mBuilding C object CMakeFiles/dobot_msgs_v4__rosidl_generator_c.dir/rosidl_generator_c/dobot_msgs_v4/srv/detail/tool_ai__functions.c.o[0m
[1.462s] [  3%] [32mBuilding C object CMakeFiles/dobot_msgs_v4__rosidl_generator_c.dir/rosidl_generator_c/dobot_msgs_v4/srv/detail/di_group__functions.c.o[0m
[1.534s] [  3%] [32mBuilding C object CMakeFiles/dobot_msgs_v4__rosidl_generator_c.dir/rosidl_generator_c/dobot_msgs_v4/srv/detail/stop_drag__functions.c.o[0m
[1.573s] [  3%] [32mBuilding C object CMakeFiles/dobot_msgs_v4__rosidl_generator_c.dir/rosidl_generator_c/dobot_msgs_v4/srv/detail/drag_sensivity__functions.c.o[0m
[1.646s] [  3%] [32mBuilding C object CMakeFiles/dobot_msgs_v4__rosidl_generator_c.dir/rosidl_generator_c/dobot_msgs_v4/srv/detail/get_do__functions.c.o[0m
[1.688s] [  3%] [32mBuilding C object CMakeFiles/dobot_msgs_v4__rosidl_generator_c.dir/rosidl_generator_c/dobot_msgs_v4/srv/detail/get_ao__functions.c.o[0m
[1.730s] [  3%] [32mBuilding C object CMakeFiles/dobot_msgs_v4__rosidl_generator_c.dir/rosidl_generator_c/dobot_msgs_v4/srv/detail/get_do_group__functions.c.o[0m
[1.779s] [  3%] [32mBuilding C object CMakeFiles/dobot_msgs_v4__rosidl_generator_c.dir/rosidl_generator_c/dobot_msgs_v4/srv/detail/set_tool485__functions.c.o[0m
[1.819s] [  3%] [32mBuilding C object CMakeFiles/dobot_msgs_v4__rosidl_generator_c.dir/rosidl_generator_c/dobot_msgs_v4/srv/detail/set_safe_wall_enable__functions.c.o[0m
[1.877s] [  3%] [32mBuilding C object CMakeFiles/dobot_msgs_v4__rosidl_generator_c.dir/rosidl_generator_c/dobot_msgs_v4/srv/detail/set_tool_power__functions.c.o[0m
[1.977s] [  3%] [32mBuilding C object CMakeFiles/dobot_msgs_v4__rosidl_generator_c.dir/rosidl_generator_c/dobot_msgs_v4/srv/detail/set_tool_mode__functions.c.o[0m
[2.060s] [  4%] [32mBuilding C object CMakeFiles/dobot_msgs_v4__rosidl_generator_c.dir/rosidl_generator_c/dobot_msgs_v4/srv/detail/set_back_distance__functions.c.o[0m
[2.148s] [  4%] [32mBuilding C object CMakeFiles/dobot_msgs_v4__rosidl_generator_c.dir/rosidl_generator_c/dobot_msgs_v4/srv/detail/set_post_collision_mode__functions.c.o[0m
[2.227s] [  4%] [32mBuilding C object CMakeFiles/dobot_msgs_v4__rosidl_generator_c.dir/rosidl_generator_c/dobot_msgs_v4/srv/detail/set_user__functions.c.o[0m
[2.308s] [  4%] [32mBuilding C object CMakeFiles/dobot_msgs_v4__rosidl_generator_c.dir/rosidl_generator_c/dobot_msgs_v4/srv/detail/set_tool__functions.c.o[0m
[2.384s] [  4%] [32mBuilding C object CMakeFiles/dobot_msgs_v4__rosidl_generator_c.dir/rosidl_generator_c/dobot_msgs_v4/srv/detail/calc_user__functions.c.o[0m
[2.462s] [  4%] [32mBuilding C object CMakeFiles/dobot_msgs_v4__rosidl_generator_c.dir/rosidl_generator_c/dobot_msgs_v4/srv/detail/calc_tool__functions.c.o[0m
[2.537s] [  4%] [32mBuilding C object CMakeFiles/dobot_msgs_v4__rosidl_generator_c.dir/rosidl_generator_c/dobot_msgs_v4/srv/detail/get_input_bool__functions.c.o[0m
[2.621s] [  4%] [32mBuilding C object CMakeFiles/dobot_msgs_v4__rosidl_generator_c.dir/rosidl_generator_c/dobot_msgs_v4/srv/detail/get_input_int__functions.c.o[0m
[2.703s] [  4%] [32mBuilding C object CMakeFiles/dobot_msgs_v4__rosidl_generator_c.dir/rosidl_generator_c/dobot_msgs_v4/srv/detail/get_input_float__functions.c.o[0m
[2.784s] [  4%] [32mBuilding C object CMakeFiles/dobot_msgs_v4__rosidl_generator_c.dir/rosidl_generator_c/dobot_msgs_v4/srv/detail/get_output_bool__functions.c.o[0m
[2.866s] [  5%] [32mBuilding C object CMakeFiles/dobot_msgs_v4__rosidl_generator_c.dir/rosidl_generator_c/dobot_msgs_v4/srv/detail/get_output_int__functions.c.o[0m
[2.944s] [  5%] [32mBuilding C object CMakeFiles/dobot_msgs_v4__rosidl_generator_c.dir/rosidl_generator_c/dobot_msgs_v4/srv/detail/get_output_float__functions.c.o[0m
[3.021s] [  5%] [32mBuilding C object CMakeFiles/dobot_msgs_v4__rosidl_generator_c.dir/rosidl_generator_c/dobot_msgs_v4/srv/detail/set_output_bool__functions.c.o[0m
[3.069s] [  5%] [32mBuilding C object CMakeFiles/dobot_msgs_v4__rosidl_generator_c.dir/rosidl_generator_c/dobot_msgs_v4/srv/detail/set_output_int__functions.c.o[0m
[3.104s] [  5%] [32mBuilding C object CMakeFiles/dobot_msgs_v4__rosidl_generator_c.dir/rosidl_generator_c/dobot_msgs_v4/srv/detail/set_output_float__functions.c.o[0m
[3.145s] [  5%] [32mBuilding C object CMakeFiles/dobot_msgs_v4__rosidl_generator_c.dir/rosidl_generator_c/dobot_msgs_v4/srv/detail/mov_lio__functions.c.o[0m
[3.189s] [  5%] [32mBuilding C object CMakeFiles/dobot_msgs_v4__rosidl_generator_c.dir/rosidl_generator_c/dobot_msgs_v4/srv/detail/mov_jio__functions.c.o[0m
[3.230s] [  5%] [32mBuilding C object CMakeFiles/dobot_msgs_v4__rosidl_generator_c.dir/rosidl_generator_c/dobot_msgs_v4/srv/detail/arc__functions.c.o[0m
[3.278s] [  5%] [32mBuilding C object CMakeFiles/dobot_msgs_v4__rosidl_generator_c.dir/rosidl_generator_c/dobot_msgs_v4/srv/detail/circle__functions.c.o[0m
[3.322s] [  5%] [32mBuilding C object CMakeFiles/dobot_msgs_v4__rosidl_generator_c.dir/rosidl_generator_c/dobot_msgs_v4/srv/detail/rel_mov_j_tool__functions.c.o[0m
[3.372s] [  6%] [32mBuilding C object CMakeFiles/dobot_msgs_v4__rosidl_generator_c.dir/rosidl_generator_c/dobot_msgs_v4/srv/detail/rel_mov_l_tool__functions.c.o[0m
[3.414s] [  6%] [32mBuilding C object CMakeFiles/dobot_msgs_v4__rosidl_generator_c.dir/rosidl_generator_c/dobot_msgs_v4/srv/detail/rel_mov_j_user__functions.c.o[0m
[3.464s] [  6%] [32mBuilding C object CMakeFiles/dobot_msgs_v4__rosidl_generator_c.dir/rosidl_generator_c/dobot_msgs_v4/srv/detail/rel_mov_l_user__functions.c.o[0m
[3.504s] [  6%] [32mBuilding C object CMakeFiles/dobot_msgs_v4__rosidl_generator_c.dir/rosidl_generator_c/dobot_msgs_v4/srv/detail/get_current_command_id__functions.c.o[0m
[3.546s] [  6%] [32mBuilding C object CMakeFiles/dobot_msgs_v4__rosidl_generator_c.dir/rosidl_generator_c/dobot_msgs_v4/srv/detail/servo_j__functions.c.o[0m
[3.587s] [  6%] [32mBuilding C object CMakeFiles/dobot_msgs_v4__rosidl_generator_c.dir/rosidl_generator_c/dobot_msgs_v4/srv/detail/servo_p__functions.c.o[0m
[3.629s] [  6%] [32mBuilding C object CMakeFiles/dobot_msgs_v4__rosidl_generator_c.dir/rosidl_generator_c/dobot_msgs_v4/srv/detail/tcp_dashboard__functions.c.o[0m
[3.672s] [  6%] [32mBuilding C object CMakeFiles/dobot_msgs_v4__rosidl_generator_c.dir/rosidl_generator_c/dobot_msgs_v4/srv/detail/enable_ft_sensor__functions.c.o[0m
[3.714s] [  6%] [32mBuilding C object CMakeFiles/dobot_msgs_v4__rosidl_generator_c.dir/rosidl_generator_c/dobot_msgs_v4/srv/detail/six_force_home__functions.c.o[0m
[3.762s] [  6%] [32mBuilding C object CMakeFiles/dobot_msgs_v4__rosidl_generator_c.dir/rosidl_generator_c/dobot_msgs_v4/srv/detail/get_force__functions.c.o[0m
[3.805s] [  6%] [32mBuilding C object CMakeFiles/dobot_msgs_v4__rosidl_generator_c.dir/rosidl_generator_c/dobot_msgs_v4/srv/detail/force_drive_mode__functions.c.o[0m
[3.852s] [  7%] [32mBuilding C object CMakeFiles/dobot_msgs_v4__rosidl_generator_c.dir/rosidl_generator_c/dobot_msgs_v4/srv/detail/force_drive_speed__functions.c.o[0m
[3.895s] [  7%] [32mBuilding C object CMakeFiles/dobot_msgs_v4__rosidl_generator_c.dir/rosidl_generator_c/dobot_msgs_v4/srv/detail/fc_force_mode__functions.c.o[0m
[3.938s] [  7%] [32mBuilding C object CMakeFiles/dobot_msgs_v4__rosidl_generator_c.dir/rosidl_generator_c/dobot_msgs_v4/srv/detail/fc_set_deviation__functions.c.o[0m
[3.986s] [  7%] [32mBuilding C object CMakeFiles/dobot_msgs_v4__rosidl_generator_c.dir/rosidl_generator_c/dobot_msgs_v4/srv/detail/fc_set_force_limit__functions.c.o[0m
[4.029s] [  7%] [32mBuilding C object CMakeFiles/dobot_msgs_v4__rosidl_generator_c.dir/rosidl_generator_c/dobot_msgs_v4/srv/detail/fc_set_mass__functions.c.o[0m
[4.075s] [  7%] [32mBuilding C object CMakeFiles/dobot_msgs_v4__rosidl_generator_c.dir/rosidl_generator_c/dobot_msgs_v4/srv/detail/fc_set_stiffness__functions.c.o[0m
[4.115s] [  7%] [32mBuilding C object CMakeFiles/dobot_msgs_v4__rosidl_generator_c.dir/rosidl_generator_c/dobot_msgs_v4/srv/detail/fc_set_damping__functions.c.o[0m
[4.156s] [  7%] [32mBuilding C object CMakeFiles/dobot_msgs_v4__rosidl_generator_c.dir/rosidl_generator_c/dobot_msgs_v4/srv/detail/fc_off__functions.c.o[0m
[4.194s] [  7%] [32mBuilding C object CMakeFiles/dobot_msgs_v4__rosidl_generator_c.dir/rosidl_generator_c/dobot_msgs_v4/srv/detail/fc_set_force_speed_limit__functions.c.o[0m
[4.236s] [  7%] [32mBuilding C object CMakeFiles/dobot_msgs_v4__rosidl_generator_c.dir/rosidl_generator_c/dobot_msgs_v4/srv/detail/fc_set_force__functions.c.o[0m
[4.274s] [  8%] [32mBuilding C object CMakeFiles/dobot_msgs_v4__rosidl_generator_c.dir/rosidl_generator_c/dobot_msgs_v4/srv/detail/set_fc_collision__functions.c.o[0m
[4.316s] [  8%] [32mBuilding C object CMakeFiles/dobot_msgs_v4__rosidl_generator_c.dir/rosidl_generator_c/dobot_msgs_v4/srv/detail/fc_collision_switch__functions.c.o[0m
[4.356s] [  8%] [32mBuilding C object CMakeFiles/dobot_msgs_v4__rosidl_generator_c.dir/rosidl_generator_c/dobot_msgs_v4/srv/detail/set_work_zone_enable__functions.c.o[0m
[4.397s] [  8%] [32mBuilding C object CMakeFiles/dobot_msgs_v4__rosidl_generator_c.dir/rosidl_generator_c/dobot_msgs_v4/srv/detail/get_tool_do__functions.c.o[0m
[4.440s] [  8%] [32mBuilding C object CMakeFiles/dobot_msgs_v4__rosidl_generator_c.dir/rosidl_generator_c/dobot_msgs_v4/srv/detail/reset_robot__functions.c.o[0m
[4.482s] [  8%] [32mBuilding C object CMakeFiles/dobot_msgs_v4__rosidl_generator_c.dir/rosidl_generator_c/dobot_msgs_v4/srv/detail/run_to__functions.c.o[0m
[4.523s] [  8%] [32mBuilding C object CMakeFiles/dobot_msgs_v4__rosidl_generator_c.dir/rosidl_generator_c/dobot_msgs_v4/srv/detail/start_rt_offset__functions.c.o[0m
[4.565s] [  8%] [32mBuilding C object CMakeFiles/dobot_msgs_v4__rosidl_generator_c.dir/rosidl_generator_c/dobot_msgs_v4/srv/detail/end_rt_offset__functions.c.o[0m
[4.604s] [  8%] [32mBuilding C object CMakeFiles/dobot_msgs_v4__rosidl_generator_c.dir/rosidl_generator_c/dobot_msgs_v4/srv/detail/get_error__functions.c.o[0m
[4.644s] [  8%] [32mBuilding C object CMakeFiles/dobot_msgs_v4__rosidl_generator_c.dir/rosidl_generator_c/dobot_msgs_v4/srv/detail/do_group_dec__functions.c.o[0m
[4.684s] [  9%] [32mBuilding C object CMakeFiles/dobot_msgs_v4__rosidl_generator_c.dir/rosidl_generator_c/dobot_msgs_v4/srv/detail/get_do_group_dec__functions.c.o[0m
[4.729s] [  9%] [32mBuilding C object CMakeFiles/dobot_msgs_v4__rosidl_generator_c.dir/rosidl_generator_c/dobot_msgs_v4/srv/detail/di_group_dec__functions.c.o[0m
[4.768s] [  9%] [32mBuilding C object CMakeFiles/dobot_msgs_v4__rosidl_generator_c.dir/rosidl_generator_c/dobot_msgs_v4/srv/detail/request_control__functions.c.o[0m
[4.809s] [  9%] [32mBuilding C object CMakeFiles/dobot_msgs_v4__rosidl_generator_c.dir/rosidl_generator_c/dobot_msgs_v4/srv/detail/check_odd_mov_l__functions.c.o[0m
[4.849s] [  9%] [32mBuilding C object CMakeFiles/dobot_msgs_v4__rosidl_generator_c.dir/rosidl_generator_c/dobot_msgs_v4/srv/detail/check_odd_mov_j__functions.c.o[0m
[4.889s] [  9%] [32mBuilding C object CMakeFiles/dobot_msgs_v4__rosidl_generator_c.dir/rosidl_generator_c/dobot_msgs_v4/srv/detail/check_odd_mov_c__functions.c.o[0m
[4.929s] [  9%] [32m[1mLinking C shared library libdobot_msgs_v4__rosidl_generator_c.so[0m
[4.987s] [ 13%] Built target dobot_msgs_v4__rosidl_generator_c
[5.053s] [ 13%] [34m[1mGenerating C++ introspection for ROS interfaces[0m
[6.476s] [ 13%] [32mBuilding CXX object CMakeFiles/dobot_msgs_v4__rosidl_typesupport_fastrtps_cpp.dir/rosidl_typesupport_fastrtps_cpp/dobot_msgs_v4/msg/detail/dds_fastrtps/robot_status__type_support.cpp.o[0m
[6.937s] [ 13%] [32mBuilding CXX object CMakeFiles/dobot_msgs_v4__rosidl_typesupport_fastrtps_cpp.dir/rosidl_typesupport_fastrtps_cpp/dobot_msgs_v4/msg/detail/dds_fastrtps/tool_vector_actual__type_support.cpp.o[0m
[7.175s] [ 13%] [32mBuilding CXX object CMakeFiles/dobot_msgs_v4__rosidl_typesupport_fastrtps_cpp.dir/rosidl_typesupport_fastrtps_cpp/dobot_msgs_v4/srv/detail/dds_fastrtps/enable_robot__type_support.cpp.o[0m
[7.444s] [ 13%] [32mBuilding CXX object CMakeFiles/dobot_msgs_v4__rosidl_typesupport_fastrtps_cpp.dir/rosidl_typesupport_fastrtps_cpp/dobot_msgs_v4/srv/detail/dds_fastrtps/disable_robot__type_support.cpp.o[0m
[7.703s] [ 14%] [32mBuilding CXX object CMakeFiles/dobot_msgs_v4__rosidl_typesupport_fastrtps_cpp.dir/rosidl_typesupport_fastrtps_cpp/dobot_msgs_v4/srv/detail/dds_fastrtps/clear_error__type_support.cpp.o[0m
[7.946s] [ 14%] [32mBuilding CXX object CMakeFiles/dobot_msgs_v4__rosidl_typesupport_fastrtps_cpp.dir/rosidl_typesupport_fastrtps_cpp/dobot_msgs_v4/srv/detail/dds_fastrtps/speed_factor__type_support.cpp.o[0m
[8.195s] [ 14%] [32mBuilding CXX object CMakeFiles/dobot_msgs_v4__rosidl_typesupport_fastrtps_cpp.dir/rosidl_typesupport_fastrtps_cpp/dobot_msgs_v4/srv/detail/dds_fastrtps/user__type_support.cpp.o[0m
[8.409s] [ 14%] [32mBuilding CXX object CMakeFiles/dobot_msgs_v4__rosidl_typesupport_fastrtps_cpp.dir/rosidl_typesupport_fastrtps_cpp/dobot_msgs_v4/srv/detail/dds_fastrtps/tool__type_support.cpp.o[0m
[8.664s] [ 14%] [32mBuilding CXX object CMakeFiles/dobot_msgs_v4__rosidl_typesupport_fastrtps_cpp.dir/rosidl_typesupport_fastrtps_cpp/dobot_msgs_v4/srv/detail/dds_fastrtps/robot_mode__type_support.cpp.o[0m
[8.927s] [ 14%] [32mBuilding CXX object CMakeFiles/dobot_msgs_v4__rosidl_typesupport_fastrtps_cpp.dir/rosidl_typesupport_fastrtps_cpp/dobot_msgs_v4/srv/detail/dds_fastrtps/set_payload__type_support.cpp.o[0m
[9.149s] [ 14%] [32mBuilding CXX object CMakeFiles/dobot_msgs_v4__rosidl_typesupport_fastrtps_cpp.dir/rosidl_typesupport_fastrtps_cpp/dobot_msgs_v4/srv/detail/dds_fastrtps/do__type_support.cpp.o[0m
[9.318s] [ 14%] [32mBuilding CXX object CMakeFiles/dobot_msgs_v4__rosidl_typesupport_introspection_cpp.dir/rosidl_typesupport_introspection_cpp/dobot_msgs_v4/msg/detail/robot_status__type_support.cpp.o[0m
[9.411s] [ 14%] [32mBuilding CXX object CMakeFiles/dobot_msgs_v4__rosidl_typesupport_fastrtps_cpp.dir/rosidl_typesupport_fastrtps_cpp/dobot_msgs_v4/srv/detail/dds_fastrtps/do_instant__type_support.cpp.o[0m
[9.566s] [ 14%] [32mBuilding CXX object CMakeFiles/dobot_msgs_v4__rosidl_typesupport_introspection_cpp.dir/rosidl_typesupport_introspection_cpp/dobot_msgs_v4/msg/detail/tool_vector_actual__type_support.cpp.o[0m
[9.631s] [ 14%] [32mBuilding CXX object CMakeFiles/dobot_msgs_v4__rosidl_typesupport_fastrtps_cpp.dir/rosidl_typesupport_fastrtps_cpp/dobot_msgs_v4/srv/detail/dds_fastrtps/tool_do__type_support.cpp.o[0m
[9.793s] [ 14%] [32mBuilding CXX object CMakeFiles/dobot_msgs_v4__rosidl_typesupport_introspection_cpp.dir/rosidl_typesupport_introspection_cpp/dobot_msgs_v4/srv/detail/enable_robot__type_support.cpp.o[0m
[9.852s] [ 14%] [32mBuilding CXX object CMakeFiles/dobot_msgs_v4__rosidl_typesupport_fastrtps_cpp.dir/rosidl_typesupport_fastrtps_cpp/dobot_msgs_v4/srv/detail/dds_fastrtps/tool_do_instant__type_support.cpp.o[0m
[10.050s] [ 14%] [32mBuilding CXX object CMakeFiles/dobot_msgs_v4__rosidl_typesupport_introspection_cpp.dir/rosidl_typesupport_introspection_cpp/dobot_msgs_v4/srv/detail/disable_robot__type_support.cpp.o[0m
[10.081s] [ 15%] [32mBuilding CXX object CMakeFiles/dobot_msgs_v4__rosidl_typesupport_fastrtps_cpp.dir/rosidl_typesupport_fastrtps_cpp/dobot_msgs_v4/srv/detail/dds_fastrtps/ao__type_support.cpp.o[0m
[10.283s] [ 15%] [32mBuilding CXX object CMakeFiles/dobot_msgs_v4__rosidl_typesupport_fastrtps_cpp.dir/rosidl_typesupport_fastrtps_cpp/dobot_msgs_v4/srv/detail/dds_fastrtps/ao_instant__type_support.cpp.o[0m
[10.301s] [ 16%] [32mBuilding CXX object CMakeFiles/dobot_msgs_v4__rosidl_typesupport_introspection_cpp.dir/rosidl_typesupport_introspection_cpp/dobot_msgs_v4/srv/detail/clear_error__type_support.cpp.o[0m
[10.480s] [ 16%] [32mBuilding CXX object CMakeFiles/dobot_msgs_v4__rosidl_typesupport_fastrtps_cpp.dir/rosidl_typesupport_fastrtps_cpp/dobot_msgs_v4/srv/detail/dds_fastrtps/acc_j__type_support.cpp.o[0m
[10.547s] [ 16%] [32mBuilding CXX object CMakeFiles/dobot_msgs_v4__rosidl_typesupport_introspection_cpp.dir/rosidl_typesupport_introspection_cpp/dobot_msgs_v4/srv/detail/speed_factor__type_support.cpp.o[0m
[10.674s] [ 16%] [32mBuilding CXX object CMakeFiles/dobot_msgs_v4__rosidl_typesupport_fastrtps_cpp.dir/rosidl_typesupport_fastrtps_cpp/dobot_msgs_v4/srv/detail/dds_fastrtps/acc_l__type_support.cpp.o[0m
[10.797s] [ 16%] [32mBuilding CXX object CMakeFiles/dobot_msgs_v4__rosidl_typesupport_introspection_cpp.dir/rosidl_typesupport_introspection_cpp/dobot_msgs_v4/srv/detail/user__type_support.cpp.o[0m
[10.880s] [ 16%] [32mBuilding CXX object CMakeFiles/dobot_msgs_v4__rosidl_typesupport_fastrtps_cpp.dir/rosidl_typesupport_fastrtps_cpp/dobot_msgs_v4/srv/detail/dds_fastrtps/vel_j__type_support.cpp.o[0m
[11.038s] [ 16%] [32mBuilding CXX object CMakeFiles/dobot_msgs_v4__rosidl_typesupport_introspection_cpp.dir/rosidl_typesupport_introspection_cpp/dobot_msgs_v4/srv/detail/tool__type_support.cpp.o[0m
[11.089s] [ 16%] [32mBuilding CXX object CMakeFiles/dobot_msgs_v4__rosidl_typesupport_fastrtps_cpp.dir/rosidl_typesupport_fastrtps_cpp/dobot_msgs_v4/srv/detail/dds_fastrtps/vel_l__type_support.cpp.o[0m
[11.289s] [ 16%] [32mBuilding CXX object CMakeFiles/dobot_msgs_v4__rosidl_typesupport_introspection_cpp.dir/rosidl_typesupport_introspection_cpp/dobot_msgs_v4/srv/detail/robot_mode__type_support.cpp.o[0m
[11.295s] [ 16%] [32mBuilding CXX object CMakeFiles/dobot_msgs_v4__rosidl_typesupport_fastrtps_cpp.dir/rosidl_typesupport_fastrtps_cpp/dobot_msgs_v4/srv/detail/dds_fastrtps/cp__type_support.cpp.o[0m
[11.503s] [ 16%] [32mBuilding CXX object CMakeFiles/dobot_msgs_v4__rosidl_typesupport_fastrtps_cpp.dir/rosidl_typesupport_fastrtps_cpp/dobot_msgs_v4/srv/detail/dds_fastrtps/power_on__type_support.cpp.o[0m
[11.529s] [ 16%] [32mBuilding CXX object CMakeFiles/dobot_msgs_v4__rosidl_typesupport_introspection_cpp.dir/rosidl_typesupport_introspection_cpp/dobot_msgs_v4/srv/detail/set_payload__type_support.cpp.o[0m
[11.709s] [ 16%] [32mBuilding CXX object CMakeFiles/dobot_msgs_v4__rosidl_typesupport_fastrtps_cpp.dir/rosidl_typesupport_fastrtps_cpp/dobot_msgs_v4/srv/detail/dds_fastrtps/run_script__type_support.cpp.o[0m
[11.762s] [ 16%] [32mBuilding CXX object CMakeFiles/dobot_msgs_v4__rosidl_typesupport_introspection_cpp.dir/rosidl_typesupport_introspection_cpp/dobot_msgs_v4/srv/detail/do__type_support.cpp.o[0m
[11.939s] [ 16%] [32mBuilding CXX object CMakeFiles/dobot_msgs_v4__rosidl_typesupport_fastrtps_cpp.dir/rosidl_typesupport_fastrtps_cpp/dobot_msgs_v4/srv/detail/dds_fastrtps/stop__type_support.cpp.o[0m
[12.022s] [ 16%] [32mBuilding CXX object CMakeFiles/dobot_msgs_v4__rosidl_typesupport_introspection_cpp.dir/rosidl_typesupport_introspection_cpp/dobot_msgs_v4/srv/detail/do_instant__type_support.cpp.o[0m
[12.152s] [ 17%] [32mBuilding CXX object CMakeFiles/dobot_msgs_v4__rosidl_typesupport_fastrtps_cpp.dir/rosidl_typesupport_fastrtps_cpp/dobot_msgs_v4/srv/detail/dds_fastrtps/pause__type_support.cpp.o[0m
[12.263s] [ 17%] [32mBuilding CXX object CMakeFiles/dobot_msgs_v4__rosidl_typesupport_introspection_cpp.dir/rosidl_typesupport_introspection_cpp/dobot_msgs_v4/srv/detail/tool_do__type_support.cpp.o[0m
[12.383s] [ 17%] [32mBuilding CXX object CMakeFiles/dobot_msgs_v4__rosidl_typesupport_fastrtps_cpp.dir/rosidl_typesupport_fastrtps_cpp/dobot_msgs_v4/srv/detail/dds_fastrtps/continue__type_support.cpp.o[0m
[12.462s] [ 17%] [32mBuilding CXX object CMakeFiles/dobot_msgs_v4__rosidl_typesupport_introspection_cpp.dir/rosidl_typesupport_introspection_cpp/dobot_msgs_v4/srv/detail/tool_do_instant__type_support.cpp.o[0m
[12.652s] [ 18%] [32mBuilding CXX object CMakeFiles/dobot_msgs_v4__rosidl_typesupport_introspection_cpp.dir/rosidl_typesupport_introspection_cpp/dobot_msgs_v4/srv/detail/ao__type_support.cpp.o[0m
[12.652s] [ 18%] [32mBuilding CXX object CMakeFiles/dobot_msgs_v4__rosidl_typesupport_fastrtps_cpp.dir/rosidl_typesupport_fastrtps_cpp/dobot_msgs_v4/srv/detail/dds_fastrtps/positive_kin__type_support.cpp.o[0m
[12.853s] [ 18%] [32mBuilding CXX object CMakeFiles/dobot_msgs_v4__rosidl_typesupport_introspection_cpp.dir/rosidl_typesupport_introspection_cpp/dobot_msgs_v4/srv/detail/ao_instant__type_support.cpp.o[0m
[12.908s] [ 18%] [32mBuilding CXX object CMakeFiles/dobot_msgs_v4__rosidl_typesupport_fastrtps_cpp.dir/rosidl_typesupport_fastrtps_cpp/dobot_msgs_v4/srv/detail/dds_fastrtps/inverse_kin__type_support.cpp.o[0m
[13.081s] [ 18%] [32mBuilding CXX object CMakeFiles/dobot_msgs_v4__rosidl_typesupport_introspection_cpp.dir/rosidl_typesupport_introspection_cpp/dobot_msgs_v4/srv/detail/acc_j__type_support.cpp.o[0m
[13.141s] [ 18%] [32mBuilding CXX object CMakeFiles/dobot_msgs_v4__rosidl_typesupport_fastrtps_cpp.dir/rosidl_typesupport_fastrtps_cpp/dobot_msgs_v4/srv/detail/dds_fastrtps/set_collision_level__type_support.cpp.o[0m
[13.304s] [ 18%] [32mBuilding CXX object CMakeFiles/dobot_msgs_v4__rosidl_typesupport_introspection_cpp.dir/rosidl_typesupport_introspection_cpp/dobot_msgs_v4/srv/detail/acc_l__type_support.cpp.o[0m
[13.361s] [ 18%] [32mBuilding CXX object CMakeFiles/dobot_msgs_v4__rosidl_typesupport_fastrtps_cpp.dir/rosidl_typesupport_fastrtps_cpp/dobot_msgs_v4/srv/detail/dds_fastrtps/get_angle__type_support.cpp.o[0m
[13.523s] [ 18%] [32mBuilding CXX object CMakeFiles/dobot_msgs_v4__rosidl_typesupport_introspection_cpp.dir/rosidl_typesupport_introspection_cpp/dobot_msgs_v4/srv/detail/vel_j__type_support.cpp.o[0m
[13.586s] [ 18%] [32mBuilding CXX object CMakeFiles/dobot_msgs_v4__rosidl_typesupport_fastrtps_cpp.dir/rosidl_typesupport_fastrtps_cpp/dobot_msgs_v4/srv/detail/dds_fastrtps/get_pose__type_support.cpp.o[0m
[13.744s] [ 18%] [32mBuilding CXX object CMakeFiles/dobot_msgs_v4__rosidl_typesupport_introspection_cpp.dir/rosidl_typesupport_introspection_cpp/dobot_msgs_v4/srv/detail/vel_l__type_support.cpp.o[0m
[13.819s] [ 18%] [32mBuilding CXX object CMakeFiles/dobot_msgs_v4__rosidl_typesupport_fastrtps_cpp.dir/rosidl_typesupport_fastrtps_cpp/dobot_msgs_v4/srv/detail/dds_fastrtps/emergency_stop__type_support.cpp.o[0m
[13.968s] [ 18%] [32mBuilding CXX object CMakeFiles/dobot_msgs_v4__rosidl_typesupport_introspection_cpp.dir/rosidl_typesupport_introspection_cpp/dobot_msgs_v4/srv/detail/cp__type_support.cpp.o[0m
[14.039s] [ 18%] [32mBuilding CXX object CMakeFiles/dobot_msgs_v4__rosidl_typesupport_fastrtps_cpp.dir/rosidl_typesupport_fastrtps_cpp/dobot_msgs_v4/srv/detail/dds_fastrtps/modbus_rtu_create__type_support.cpp.o[0m
[14.188s] [ 18%] [32mBuilding CXX object CMakeFiles/dobot_msgs_v4__rosidl_typesupport_introspection_cpp.dir/rosidl_typesupport_introspection_cpp/dobot_msgs_v4/srv/detail/power_on__type_support.cpp.o[0m
[14.269s] [ 18%] [32mBuilding CXX object CMakeFiles/dobot_msgs_v4__rosidl_typesupport_fastrtps_cpp.dir/rosidl_typesupport_fastrtps_cpp/dobot_msgs_v4/srv/detail/dds_fastrtps/modbus_create__type_support.cpp.o[0m
[14.418s] [ 18%] [32mBuilding CXX object CMakeFiles/dobot_msgs_v4__rosidl_typesupport_introspection_cpp.dir/rosidl_typesupport_introspection_cpp/dobot_msgs_v4/srv/detail/run_script__type_support.cpp.o[0m
[14.493s] [ 18%] [32mBuilding CXX object CMakeFiles/dobot_msgs_v4__rosidl_typesupport_fastrtps_cpp.dir/rosidl_typesupport_fastrtps_cpp/dobot_msgs_v4/srv/detail/dds_fastrtps/modbus_close__type_support.cpp.o[0m
[14.639s] [ 18%] [32mBuilding CXX object CMakeFiles/dobot_msgs_v4__rosidl_typesupport_introspection_cpp.dir/rosidl_typesupport_introspection_cpp/dobot_msgs_v4/srv/detail/stop__type_support.cpp.o[0m
[14.716s] [ 19%] [32mBuilding CXX object CMakeFiles/dobot_msgs_v4__rosidl_typesupport_fastrtps_cpp.dir/rosidl_typesupport_fastrtps_cpp/dobot_msgs_v4/srv/detail/dds_fastrtps/get_in_bits__type_support.cpp.o[0m
[14.873s] [ 20%] [32mBuilding CXX object CMakeFiles/dobot_msgs_v4__rosidl_typesupport_introspection_cpp.dir/rosidl_typesupport_introspection_cpp/dobot_msgs_v4/srv/detail/pause__type_support.cpp.o[0m
[14.935s] [ 20%] [32mBuilding CXX object CMakeFiles/dobot_msgs_v4__rosidl_typesupport_fastrtps_cpp.dir/rosidl_typesupport_fastrtps_cpp/dobot_msgs_v4/srv/detail/dds_fastrtps/get_in_regs__type_support.cpp.o[0m
[15.099s] [ 20%] [32mBuilding CXX object CMakeFiles/dobot_msgs_v4__rosidl_typesupport_introspection_cpp.dir/rosidl_typesupport_introspection_cpp/dobot_msgs_v4/srv/detail/continue__type_support.cpp.o[0m
[15.165s] [ 20%] [32mBuilding CXX object CMakeFiles/dobot_msgs_v4__rosidl_typesupport_fastrtps_cpp.dir/rosidl_typesupport_fastrtps_cpp/dobot_msgs_v4/srv/detail/dds_fastrtps/get_coils__type_support.cpp.o[0m
[15.323s] [ 20%] [32mBuilding CXX object CMakeFiles/dobot_msgs_v4__rosidl_typesupport_introspection_cpp.dir/rosidl_typesupport_introspection_cpp/dobot_msgs_v4/srv/detail/positive_kin__type_support.cpp.o[0m
[15.389s] [ 20%] [32mBuilding CXX object CMakeFiles/dobot_msgs_v4__rosidl_typesupport_fastrtps_cpp.dir/rosidl_typesupport_fastrtps_cpp/dobot_msgs_v4/srv/detail/dds_fastrtps/set_coils__type_support.cpp.o[0m
[15.542s] [ 20%] [32mBuilding CXX object CMakeFiles/dobot_msgs_v4__rosidl_typesupport_introspection_cpp.dir/rosidl_typesupport_introspection_cpp/dobot_msgs_v4/srv/detail/inverse_kin__type_support.cpp.o[0m
[15.619s] [ 20%] [32mBuilding CXX object CMakeFiles/dobot_msgs_v4__rosidl_typesupport_fastrtps_cpp.dir/rosidl_typesupport_fastrtps_cpp/dobot_msgs_v4/srv/detail/dds_fastrtps/get_hold_regs__type_support.cpp.o[0m
[15.760s] [ 20%] [32mBuilding CXX object CMakeFiles/dobot_msgs_v4__rosidl_typesupport_introspection_cpp.dir/rosidl_typesupport_introspection_cpp/dobot_msgs_v4/srv/detail/set_collision_level__type_support.cpp.o[0m
[15.854s] [ 20%] [32mBuilding CXX object CMakeFiles/dobot_msgs_v4__rosidl_typesupport_fastrtps_cpp.dir/rosidl_typesupport_fastrtps_cpp/dobot_msgs_v4/srv/detail/dds_fastrtps/set_hold_regs__type_support.cpp.o[0m
[15.988s] [ 20%] [32mBuilding CXX object CMakeFiles/dobot_msgs_v4__rosidl_typesupport_introspection_cpp.dir/rosidl_typesupport_introspection_cpp/dobot_msgs_v4/srv/detail/get_angle__type_support.cpp.o[0m
[16.068s] [ 20%] [32mBuilding CXX object CMakeFiles/dobot_msgs_v4__rosidl_typesupport_fastrtps_cpp.dir/rosidl_typesupport_fastrtps_cpp/dobot_msgs_v4/srv/detail/dds_fastrtps/set_safe_skin__type_support.cpp.o[0m
[16.227s] [ 20%] [32mBuilding CXX object CMakeFiles/dobot_msgs_v4__rosidl_typesupport_introspection_cpp.dir/rosidl_typesupport_introspection_cpp/dobot_msgs_v4/srv/detail/get_pose__type_support.cpp.o[0m
[16.281s] [ 20%] [32mBuilding CXX object CMakeFiles/dobot_msgs_v4__rosidl_typesupport_fastrtps_cpp.dir/rosidl_typesupport_fastrtps_cpp/dobot_msgs_v4/srv/detail/dds_fastrtps/mov_j__type_support.cpp.o[0m
[16.465s] [ 20%] [32mBuilding CXX object CMakeFiles/dobot_msgs_v4__rosidl_typesupport_introspection_cpp.dir/rosidl_typesupport_introspection_cpp/dobot_msgs_v4/srv/detail/emergency_stop__type_support.cpp.o[0m
[16.550s] [ 20%] [32mBuilding CXX object CMakeFiles/dobot_msgs_v4__rosidl_typesupport_fastrtps_cpp.dir/rosidl_typesupport_fastrtps_cpp/dobot_msgs_v4/srv/detail/dds_fastrtps/mov_l__type_support.cpp.o[0m
[16.678s] [ 20%] [32mBuilding CXX object CMakeFiles/dobot_msgs_v4__rosidl_typesupport_introspection_cpp.dir/rosidl_typesupport_introspection_cpp/dobot_msgs_v4/srv/detail/modbus_rtu_create__type_support.cpp.o[0m
[16.832s] [ 20%] [32mBuilding CXX object CMakeFiles/dobot_msgs_v4__rosidl_typesupport_fastrtps_cpp.dir/rosidl_typesupport_fastrtps_cpp/dobot_msgs_v4/srv/detail/dds_fastrtps/rel_joint_mov_j__type_support.cpp.o[0m
[16.891s] [ 20%] [32mBuilding CXX object CMakeFiles/dobot_msgs_v4__rosidl_typesupport_introspection_cpp.dir/rosidl_typesupport_introspection_cpp/dobot_msgs_v4/srv/detail/modbus_create__type_support.cpp.o[0m
[17.088s] [ 21%] [32mBuilding CXX object CMakeFiles/dobot_msgs_v4__rosidl_typesupport_fastrtps_cpp.dir/rosidl_typesupport_fastrtps_cpp/dobot_msgs_v4/srv/detail/dds_fastrtps/move_jog__type_support.cpp.o[0m
[17.137s] [ 21%] [32mBuilding CXX object CMakeFiles/dobot_msgs_v4__rosidl_typesupport_introspection_cpp.dir/rosidl_typesupport_introspection_cpp/dobot_msgs_v4/srv/detail/modbus_close__type_support.cpp.o[0m
[17.327s] [ 21%] [32mBuilding CXX object CMakeFiles/dobot_msgs_v4__rosidl_typesupport_fastrtps_cpp.dir/rosidl_typesupport_fastrtps_cpp/dobot_msgs_v4/srv/detail/dds_fastrtps/stop_move_jog__type_support.cpp.o[0m
[17.381s] [ 22%] [32mBuilding CXX object CMakeFiles/dobot_msgs_v4__rosidl_typesupport_introspection_cpp.dir/rosidl_typesupport_introspection_cpp/dobot_msgs_v4/srv/detail/get_in_bits__type_support.cpp.o[0m
[17.538s] [ 22%] [32mBuilding CXX object CMakeFiles/dobot_msgs_v4__rosidl_typesupport_fastrtps_cpp.dir/rosidl_typesupport_fastrtps_cpp/dobot_msgs_v4/srv/detail/dds_fastrtps/do_group__type_support.cpp.o[0m
[17.627s] [ 22%] [32mBuilding CXX object CMakeFiles/dobot_msgs_v4__rosidl_typesupport_introspection_cpp.dir/rosidl_typesupport_introspection_cpp/dobot_msgs_v4/srv/detail/get_in_regs__type_support.cpp.o[0m
[17.802s] [ 22%] [32mBuilding CXX object CMakeFiles/dobot_msgs_v4__rosidl_typesupport_fastrtps_cpp.dir/rosidl_typesupport_fastrtps_cpp/dobot_msgs_v4/srv/detail/dds_fastrtps/brake_control__type_support.cpp.o[0m
[17.834s] [ 22%] [32mBuilding CXX object CMakeFiles/dobot_msgs_v4__rosidl_typesupport_introspection_cpp.dir/rosidl_typesupport_introspection_cpp/dobot_msgs_v4/srv/detail/get_coils__type_support.cpp.o[0m
[18.035s] [ 22%] [32mBuilding CXX object CMakeFiles/dobot_msgs_v4__rosidl_typesupport_introspection_cpp.dir/rosidl_typesupport_introspection_cpp/dobot_msgs_v4/srv/detail/set_coils__type_support.cpp.o[0m
[18.062s] [ 22%] [32mBuilding CXX object CMakeFiles/dobot_msgs_v4__rosidl_typesupport_fastrtps_cpp.dir/rosidl_typesupport_fastrtps_cpp/dobot_msgs_v4/srv/detail/dds_fastrtps/start_drag__type_support.cpp.o[0m
[18.231s] [ 22%] [32mBuilding CXX object CMakeFiles/dobot_msgs_v4__rosidl_typesupport_introspection_cpp.dir/rosidl_typesupport_introspection_cpp/dobot_msgs_v4/srv/detail/get_hold_regs__type_support.cpp.o[0m
[18.331s] [ 22%] [32mBuilding CXX object CMakeFiles/dobot_msgs_v4__rosidl_typesupport_fastrtps_cpp.dir/rosidl_typesupport_fastrtps_cpp/dobot_msgs_v4/srv/detail/dds_fastrtps/enable_safe_skin__type_support.cpp.o[0m
[18.436s] [ 22%] [32mBuilding CXX object CMakeFiles/dobot_msgs_v4__rosidl_typesupport_introspection_cpp.dir/rosidl_typesupport_introspection_cpp/dobot_msgs_v4/srv/detail/set_hold_regs__type_support.cpp.o[0m
[18.590s] [ 22%] [32mBuilding CXX object CMakeFiles/dobot_msgs_v4__rosidl_typesupport_fastrtps_cpp.dir/rosidl_typesupport_fastrtps_cpp/dobot_msgs_v4/srv/detail/dds_fastrtps/get_start_pose__type_support.cpp.o[0m
[18.637s] [ 22%] [32mBuilding CXX object CMakeFiles/dobot_msgs_v4__rosidl_typesupport_introspection_cpp.dir/rosidl_typesupport_introspection_cpp/dobot_msgs_v4/srv/detail/set_safe_skin__type_support.cpp.o[0m
[18.833s] [ 22%] [32mBuilding CXX object CMakeFiles/dobot_msgs_v4__rosidl_typesupport_fastrtps_cpp.dir/rosidl_typesupport_fastrtps_cpp/dobot_msgs_v4/srv/detail/dds_fastrtps/start_path__type_support.cpp.o[0m
[18.841s] [ 22%] [32mBuilding CXX object CMakeFiles/dobot_msgs_v4__rosidl_typesupport_introspection_cpp.dir/rosidl_typesupport_introspection_cpp/dobot_msgs_v4/srv/detail/mov_j__type_support.cpp.o[0m
[19.066s] [ 22%] [32mBuilding CXX object CMakeFiles/dobot_msgs_v4__rosidl_typesupport_introspection_cpp.dir/rosidl_typesupport_introspection_cpp/dobot_msgs_v4/srv/detail/mov_l__type_support.cpp.o[0m
[19.118s] [ 22%] [32mBuilding CXX object CMakeFiles/dobot_msgs_v4__rosidl_typesupport_fastrtps_cpp.dir/rosidl_typesupport_fastrtps_cpp/dobot_msgs_v4/srv/detail/dds_fastrtps/inverse_solution__type_support.cpp.o[0m
[19.286s] [ 22%] [32mBuilding CXX object CMakeFiles/dobot_msgs_v4__rosidl_typesupport_introspection_cpp.dir/rosidl_typesupport_introspection_cpp/dobot_msgs_v4/srv/detail/rel_joint_mov_j__type_support.cpp.o[0m
[19.386s] [ 22%] [32mBuilding CXX object CMakeFiles/dobot_msgs_v4__rosidl_typesupport_fastrtps_cpp.dir/rosidl_typesupport_fastrtps_cpp/dobot_msgs_v4/srv/detail/dds_fastrtps/get_error_id__type_support.cpp.o[0m
[19.499s] [ 23%] [32mBuilding CXX object CMakeFiles/dobot_msgs_v4__rosidl_typesupport_introspection_cpp.dir/rosidl_typesupport_introspection_cpp/dobot_msgs_v4/srv/detail/move_jog__type_support.cpp.o[0m
[19.652s] [ 24%] [32mBuilding CXX object CMakeFiles/dobot_msgs_v4__rosidl_typesupport_fastrtps_cpp.dir/rosidl_typesupport_fastrtps_cpp/dobot_msgs_v4/srv/detail/dds_fastrtps/di__type_support.cpp.o[0m
[19.719s] [ 24%] [32mBuilding CXX object CMakeFiles/dobot_msgs_v4__rosidl_typesupport_introspection_cpp.dir/rosidl_typesupport_introspection_cpp/dobot_msgs_v4/srv/detail/stop_move_jog__type_support.cpp.o[0m
[19.888s] [ 24%] [32mBuilding CXX object CMakeFiles/dobot_msgs_v4__rosidl_typesupport_fastrtps_cpp.dir/rosidl_typesupport_fastrtps_cpp/dobot_msgs_v4/srv/detail/dds_fastrtps/tool_di__type_support.cpp.o[0m
[19.930s] [ 24%] [32mBuilding CXX object CMakeFiles/dobot_msgs_v4__rosidl_typesupport_introspection_cpp.dir/rosidl_typesupport_introspection_cpp/dobot_msgs_v4/srv/detail/do_group__type_support.cpp.o[0m
[20.108s] [ 24%] [32mBuilding CXX object CMakeFiles/dobot_msgs_v4__rosidl_typesupport_fastrtps_cpp.dir/rosidl_typesupport_fastrtps_cpp/dobot_msgs_v4/srv/detail/dds_fastrtps/ai__type_support.cpp.o[0m
[20.172s] [ 24%] [32mBuilding CXX object CMakeFiles/dobot_msgs_v4__rosidl_typesupport_introspection_cpp.dir/rosidl_typesupport_introspection_cpp/dobot_msgs_v4/srv/detail/brake_control__type_support.cpp.o[0m
[20.331s] [ 24%] [32mBuilding CXX object CMakeFiles/dobot_msgs_v4__rosidl_typesupport_fastrtps_cpp.dir/rosidl_typesupport_fastrtps_cpp/dobot_msgs_v4/srv/detail/dds_fastrtps/tool_ai__type_support.cpp.o[0m
[20.405s] [ 24%] [32mBuilding CXX object CMakeFiles/dobot_msgs_v4__rosidl_typesupport_introspection_cpp.dir/rosidl_typesupport_introspection_cpp/dobot_msgs_v4/srv/detail/start_drag__type_support.cpp.o[0m
[20.548s] [ 24%] [32mBuilding CXX object CMakeFiles/dobot_msgs_v4__rosidl_typesupport_fastrtps_cpp.dir/rosidl_typesupport_fastrtps_cpp/dobot_msgs_v4/srv/detail/dds_fastrtps/di_group__type_support.cpp.o[0m
[20.647s] [ 24%] [32mBuilding CXX object CMakeFiles/dobot_msgs_v4__rosidl_typesupport_introspection_cpp.dir/rosidl_typesupport_introspection_cpp/dobot_msgs_v4/srv/detail/enable_safe_skin__type_support.cpp.o[0m
[20.785s] [ 24%] [32mBuilding CXX object CMakeFiles/dobot_msgs_v4__rosidl_typesupport_fastrtps_cpp.dir/rosidl_typesupport_fastrtps_cpp/dobot_msgs_v4/srv/detail/dds_fastrtps/stop_drag__type_support.cpp.o[0m
[20.891s] [ 24%] [32mBuilding CXX object CMakeFiles/dobot_msgs_v4__rosidl_typesupport_introspection_cpp.dir/rosidl_typesupport_introspection_cpp/dobot_msgs_v4/srv/detail/get_start_pose__type_support.cpp.o[0m
[20.995s] [ 24%] [32mBuilding CXX object CMakeFiles/dobot_msgs_v4__rosidl_typesupport_fastrtps_cpp.dir/rosidl_typesupport_fastrtps_cpp/dobot_msgs_v4/srv/detail/dds_fastrtps/drag_sensivity__type_support.cpp.o[0m
[21.140s] [ 24%] [32mBuilding CXX object CMakeFiles/dobot_msgs_v4__rosidl_typesupport_introspection_cpp.dir/rosidl_typesupport_introspection_cpp/dobot_msgs_v4/srv/detail/start_path__type_support.cpp.o[0m
[21.202s] [ 24%] [32mBuilding CXX object CMakeFiles/dobot_msgs_v4__rosidl_typesupport_fastrtps_cpp.dir/rosidl_typesupport_fastrtps_cpp/dobot_msgs_v4/srv/detail/dds_fastrtps/get_do__type_support.cpp.o[0m
[21.410s] [ 24%] [32mBuilding CXX object CMakeFiles/dobot_msgs_v4__rosidl_typesupport_fastrtps_cpp.dir/rosidl_typesupport_fastrtps_cpp/dobot_msgs_v4/srv/detail/dds_fastrtps/get_ao__type_support.cpp.o[0m
[21.415s] [ 24%] [32mBuilding CXX object CMakeFiles/dobot_msgs_v4__rosidl_typesupport_introspection_cpp.dir/rosidl_typesupport_introspection_cpp/dobot_msgs_v4/srv/detail/inverse_solution__type_support.cpp.o[0m
[21.640s] [ 24%] [32mBuilding CXX object CMakeFiles/dobot_msgs_v4__rosidl_typesupport_introspection_cpp.dir/rosidl_typesupport_introspection_cpp/dobot_msgs_v4/srv/detail/get_error_id__type_support.cpp.o[0m
[21.646s] [ 24%] [32mBuilding CXX object CMakeFiles/dobot_msgs_v4__rosidl_typesupport_fastrtps_cpp.dir/rosidl_typesupport_fastrtps_cpp/dobot_msgs_v4/srv/detail/dds_fastrtps/get_do_group__type_support.cpp.o[0m
[21.873s] [ 24%] [32mBuilding CXX object CMakeFiles/dobot_msgs_v4__rosidl_typesupport_fastrtps_cpp.dir/rosidl_typesupport_fastrtps_cpp/dobot_msgs_v4/srv/detail/dds_fastrtps/set_tool485__type_support.cpp.o[0m
[21.887s] [ 25%] [32mBuilding CXX object CMakeFiles/dobot_msgs_v4__rosidl_typesupport_introspection_cpp.dir/rosidl_typesupport_introspection_cpp/dobot_msgs_v4/srv/detail/di__type_support.cpp.o[0m
[22.087s] [ 26%] [32mBuilding CXX object CMakeFiles/dobot_msgs_v4__rosidl_typesupport_fastrtps_cpp.dir/rosidl_typesupport_fastrtps_cpp/dobot_msgs_v4/srv/detail/dds_fastrtps/set_safe_wall_enable__type_support.cpp.o[0m
[22.120s] [ 26%] [32mBuilding CXX object CMakeFiles/dobot_msgs_v4__rosidl_typesupport_introspection_cpp.dir/rosidl_typesupport_introspection_cpp/dobot_msgs_v4/srv/detail/tool_di__type_support.cpp.o[0m
[22.299s] [ 26%] [32mBuilding CXX object CMakeFiles/dobot_msgs_v4__rosidl_typesupport_fastrtps_cpp.dir/rosidl_typesupport_fastrtps_cpp/dobot_msgs_v4/srv/detail/dds_fastrtps/set_tool_power__type_support.cpp.o[0m
[22.345s] [ 26%] [32mBuilding CXX object CMakeFiles/dobot_msgs_v4__rosidl_typesupport_introspection_cpp.dir/rosidl_typesupport_introspection_cpp/dobot_msgs_v4/srv/detail/ai__type_support.cpp.o[0m
[22.532s] [ 26%] [32mBuilding CXX object CMakeFiles/dobot_msgs_v4__rosidl_typesupport_introspection_cpp.dir/rosidl_typesupport_introspection_cpp/dobot_msgs_v4/srv/detail/tool_ai__type_support.cpp.o[0m
[22.565s] [ 26%] [32mBuilding CXX object CMakeFiles/dobot_msgs_v4__rosidl_typesupport_fastrtps_cpp.dir/rosidl_typesupport_fastrtps_cpp/dobot_msgs_v4/srv/detail/dds_fastrtps/set_tool_mode__type_support.cpp.o[0m
[22.731s] [ 26%] [32mBuilding CXX object CMakeFiles/dobot_msgs_v4__rosidl_typesupport_introspection_cpp.dir/rosidl_typesupport_introspection_cpp/dobot_msgs_v4/srv/detail/di_group__type_support.cpp.o[0m
[22.813s] [ 26%] [32mBuilding CXX object CMakeFiles/dobot_msgs_v4__rosidl_typesupport_fastrtps_cpp.dir/rosidl_typesupport_fastrtps_cpp/dobot_msgs_v4/srv/detail/dds_fastrtps/set_back_distance__type_support.cpp.o[0m
[22.831s] gmake[2]: *** [CMakeFiles/dobot_msgs_v4__rosidl_typesupport_fastrtps_cpp.dir/build.make:1964: CMakeFiles/dobot_msgs_v4__rosidl_typesupport_fastrtps_cpp.dir/rosidl_typesupport_fastrtps_cpp/dobot_msgs_v4/srv/detail/dds_fastrtps/set_back_distance__type_support.cpp.o] Interrupt
[22.831s] gmake[1]: *** [CMakeFiles/Makefile2:310: CMakeFiles/dobot_msgs_v4__rosidl_typesupport_fastrtps_cpp.dir/all] Interrupt
[22.831s] gmake[2]: *** [CMakeFiles/dobot_msgs_v4__rosidl_typesupport_introspection_cpp.dir/build.make:1824: CMakeFiles/dobot_msgs_v4__rosidl_typesupport_introspection_cpp.dir/rosidl_typesupport_introspection_cpp/dobot_msgs_v4/srv/detail/di_group__type_support.cpp.o] Interrupt
[22.831s] gmake[1]: *** [CMakeFiles/Makefile2:388: CMakeFiles/dobot_msgs_v4__rosidl_typesupport_introspection_cpp.dir/all] Interrupt
[22.831s] gmake: *** [Makefile:146: all] Interrupt
[22.833s] Invoked command in '/home/michael/dobot_ws/src/build/dobot_msgs_v4' returned '-2': CMAKE_PREFIX_PATH=${CMAKE_PREFIX_PATH}:/home/michael/dobot_ws/install/servo_action:/home/michael/dobot_ws/install/dobot_moveit:/home/michael/dobot_ws/install/dobot_demo:/opt/ros/humble /usr/bin/cmake --build /home/michael/dobot_ws/src/build/dobot_msgs_v4 -- -j2 -l2
