[0.015s] Invoking command in '/home/michael/dobot_ws/src/build/nova5_moveit': AMENT_PREFIX_PATH=/home/michael/dobot_ws/src/install/dobot_rviz:${AMENT_PREFIX_PATH} CMAKE_PREFIX_PATH=/home/michael/dobot_ws/src/install/dobot_rviz:/home/michael/dobot_ws/install/nova5_moveit:/home/michael/dobot_ws/install/nova2_moveit:/home/michael/dobot_ws/install/me6_moveit:/home/michael/dobot_ws/install/cr7_moveit:/home/michael/dobot_ws/install/cr5_moveit:/home/michael/dobot_ws/install/cr3_moveit:/home/michael/dobot_ws/install/cr30h_moveit:/home/michael/dobot_ws/install/cr20_moveit:/home/michael/dobot_ws/install/cr16_moveit:/home/michael/dobot_ws/install/cr12_moveit:/home/michael/dobot_ws/install/cr10af_moveit:/home/michael/dobot_ws/install/cr10_moveit:/home/michael/dobot_ws/install/dobot_rviz:/home/michael/dobot_ws/install/cr_robot_ros2:/home/michael/dobot_ws/install/dobot_msgs_v4:/home/michael/dobot_ws/install/dobot_gazebo:/home/michael/dobot_ws/install/cra_description:/home/michael/dobot_ws/install/servo_action:/home/michael/dobot_ws/install/dobot_moveit:/home/michael/dobot_ws/install/dobot_demo:/opt/ros/humble /usr/bin/cmake /home/michael/dobot_ws/src/DOBOT_6Axis_ROS2_V4/nova5_moveit -DCMAKE_INSTALL_PREFIX=/home/michael/dobot_ws/src/install/nova5_moveit
[0.064s] -- The C compiler identification is GNU 11.4.0
[0.145s] -- The CXX compiler identification is GNU 11.4.0
[0.151s] -- Detecting C compiler ABI info
[0.232s] -- Detecting C compiler ABI info - done
[0.240s] -- Check for working C compiler: /usr/bin/cc - skipped
[0.240s] -- Detecting C compile features
[0.241s] -- Detecting C compile features - done
[0.244s] -- Detecting CXX compiler ABI info
[0.319s] -- Detecting CXX compiler ABI info - done
[0.326s] -- Check for working CXX compiler: /usr/bin/c++ - skipped
[0.326s] -- Detecting CXX compile features
[0.326s] -- Detecting CXX compile features - done
[0.328s] -- Found ament_cmake: 1.3.14 (/opt/ros/humble/share/ament_cmake/cmake)
[0.482s] -- Found Python3: /usr/bin/python3 (found version "3.10.12") found components: Interpreter 
[0.643s] -- Configuring done
[0.650s] -- Generating done
[0.652s] -- Build files have been written to: /home/michael/dobot_ws/src/build/nova5_moveit
[0.658s] Invoked command in '/home/michael/dobot_ws/src/build/nova5_moveit' returned '0': AMENT_PREFIX_PATH=/home/michael/dobot_ws/src/install/dobot_rviz:${AMENT_PREFIX_PATH} CMAKE_PREFIX_PATH=/home/michael/dobot_ws/src/install/dobot_rviz:/home/michael/dobot_ws/install/nova5_moveit:/home/michael/dobot_ws/install/nova2_moveit:/home/michael/dobot_ws/install/me6_moveit:/home/michael/dobot_ws/install/cr7_moveit:/home/michael/dobot_ws/install/cr5_moveit:/home/michael/dobot_ws/install/cr3_moveit:/home/michael/dobot_ws/install/cr30h_moveit:/home/michael/dobot_ws/install/cr20_moveit:/home/michael/dobot_ws/install/cr16_moveit:/home/michael/dobot_ws/install/cr12_moveit:/home/michael/dobot_ws/install/cr10af_moveit:/home/michael/dobot_ws/install/cr10_moveit:/home/michael/dobot_ws/install/dobot_rviz:/home/michael/dobot_ws/install/cr_robot_ros2:/home/michael/dobot_ws/install/dobot_msgs_v4:/home/michael/dobot_ws/install/dobot_gazebo:/home/michael/dobot_ws/install/cra_description:/home/michael/dobot_ws/install/servo_action:/home/michael/dobot_ws/install/dobot_moveit:/home/michael/dobot_ws/install/dobot_demo:/opt/ros/humble /usr/bin/cmake /home/michael/dobot_ws/src/DOBOT_6Axis_ROS2_V4/nova5_moveit -DCMAKE_INSTALL_PREFIX=/home/michael/dobot_ws/src/install/nova5_moveit
[0.658s] Invoking command in '/home/michael/dobot_ws/src/build/nova5_moveit': AMENT_PREFIX_PATH=/home/michael/dobot_ws/src/install/dobot_rviz:${AMENT_PREFIX_PATH} CMAKE_PREFIX_PATH=/home/michael/dobot_ws/src/install/dobot_rviz:/home/michael/dobot_ws/install/nova5_moveit:/home/michael/dobot_ws/install/nova2_moveit:/home/michael/dobot_ws/install/me6_moveit:/home/michael/dobot_ws/install/cr7_moveit:/home/michael/dobot_ws/install/cr5_moveit:/home/michael/dobot_ws/install/cr3_moveit:/home/michael/dobot_ws/install/cr30h_moveit:/home/michael/dobot_ws/install/cr20_moveit:/home/michael/dobot_ws/install/cr16_moveit:/home/michael/dobot_ws/install/cr12_moveit:/home/michael/dobot_ws/install/cr10af_moveit:/home/michael/dobot_ws/install/cr10_moveit:/home/michael/dobot_ws/install/dobot_rviz:/home/michael/dobot_ws/install/cr_robot_ros2:/home/michael/dobot_ws/install/dobot_msgs_v4:/home/michael/dobot_ws/install/dobot_gazebo:/home/michael/dobot_ws/install/cra_description:/home/michael/dobot_ws/install/servo_action:/home/michael/dobot_ws/install/dobot_moveit:/home/michael/dobot_ws/install/dobot_demo:/opt/ros/humble /usr/bin/cmake --build /home/michael/dobot_ws/src/build/nova5_moveit -- -j2 -l2
[0.714s] Invoked command in '/home/michael/dobot_ws/src/build/nova5_moveit' returned '0': AMENT_PREFIX_PATH=/home/michael/dobot_ws/src/install/dobot_rviz:${AMENT_PREFIX_PATH} CMAKE_PREFIX_PATH=/home/michael/dobot_ws/src/install/dobot_rviz:/home/michael/dobot_ws/install/nova5_moveit:/home/michael/dobot_ws/install/nova2_moveit:/home/michael/dobot_ws/install/me6_moveit:/home/michael/dobot_ws/install/cr7_moveit:/home/michael/dobot_ws/install/cr5_moveit:/home/michael/dobot_ws/install/cr3_moveit:/home/michael/dobot_ws/install/cr30h_moveit:/home/michael/dobot_ws/install/cr20_moveit:/home/michael/dobot_ws/install/cr16_moveit:/home/michael/dobot_ws/install/cr12_moveit:/home/michael/dobot_ws/install/cr10af_moveit:/home/michael/dobot_ws/install/cr10_moveit:/home/michael/dobot_ws/install/dobot_rviz:/home/michael/dobot_ws/install/cr_robot_ros2:/home/michael/dobot_ws/install/dobot_msgs_v4:/home/michael/dobot_ws/install/dobot_gazebo:/home/michael/dobot_ws/install/cra_description:/home/michael/dobot_ws/install/servo_action:/home/michael/dobot_ws/install/dobot_moveit:/home/michael/dobot_ws/install/dobot_demo:/opt/ros/humble /usr/bin/cmake --build /home/michael/dobot_ws/src/build/nova5_moveit -- -j2 -l2
[0.714s] Invoking command in '/home/michael/dobot_ws/src/build/nova5_moveit': AMENT_PREFIX_PATH=/home/michael/dobot_ws/src/install/dobot_rviz:${AMENT_PREFIX_PATH} CMAKE_PREFIX_PATH=/home/michael/dobot_ws/src/install/dobot_rviz:/home/michael/dobot_ws/install/nova5_moveit:/home/michael/dobot_ws/install/nova2_moveit:/home/michael/dobot_ws/install/me6_moveit:/home/michael/dobot_ws/install/cr7_moveit:/home/michael/dobot_ws/install/cr5_moveit:/home/michael/dobot_ws/install/cr3_moveit:/home/michael/dobot_ws/install/cr30h_moveit:/home/michael/dobot_ws/install/cr20_moveit:/home/michael/dobot_ws/install/cr16_moveit:/home/michael/dobot_ws/install/cr12_moveit:/home/michael/dobot_ws/install/cr10af_moveit:/home/michael/dobot_ws/install/cr10_moveit:/home/michael/dobot_ws/install/dobot_rviz:/home/michael/dobot_ws/install/cr_robot_ros2:/home/michael/dobot_ws/install/dobot_msgs_v4:/home/michael/dobot_ws/install/dobot_gazebo:/home/michael/dobot_ws/install/cra_description:/home/michael/dobot_ws/install/servo_action:/home/michael/dobot_ws/install/dobot_moveit:/home/michael/dobot_ws/install/dobot_demo:/opt/ros/humble /usr/bin/cmake --install /home/michael/dobot_ws/src/build/nova5_moveit
[0.718s] -- Install configuration: ""
[0.719s] -- Installing: /home/michael/dobot_ws/src/install/nova5_moveit/share/ament_index/resource_index/package_run_dependencies/nova5_moveit
[0.719s] -- Installing: /home/michael/dobot_ws/src/install/nova5_moveit/share/ament_index/resource_index/parent_prefix_path/nova5_moveit
[0.719s] -- Installing: /home/michael/dobot_ws/src/install/nova5_moveit/share/nova5_moveit/environment/ament_prefix_path.sh
[0.719s] -- Installing: /home/michael/dobot_ws/src/install/nova5_moveit/share/nova5_moveit/environment/ament_prefix_path.dsv
[0.719s] -- Installing: /home/michael/dobot_ws/src/install/nova5_moveit/share/nova5_moveit/environment/path.sh
[0.719s] -- Installing: /home/michael/dobot_ws/src/install/nova5_moveit/share/nova5_moveit/environment/path.dsv
[0.719s] -- Installing: /home/michael/dobot_ws/src/install/nova5_moveit/share/nova5_moveit/local_setup.bash
[0.719s] -- Installing: /home/michael/dobot_ws/src/install/nova5_moveit/share/nova5_moveit/local_setup.sh
[0.719s] -- Installing: /home/michael/dobot_ws/src/install/nova5_moveit/share/nova5_moveit/local_setup.zsh
[0.719s] -- Installing: /home/michael/dobot_ws/src/install/nova5_moveit/share/nova5_moveit/local_setup.dsv
[0.719s] -- Installing: /home/michael/dobot_ws/src/install/nova5_moveit/share/nova5_moveit/package.dsv
[0.720s] -- Installing: /home/michael/dobot_ws/src/install/nova5_moveit/share/ament_index/resource_index/packages/nova5_moveit
[0.721s] -- Installing: /home/michael/dobot_ws/src/install/nova5_moveit/share/nova5_moveit/cmake/nova5_moveitConfig.cmake
[0.721s] -- Installing: /home/michael/dobot_ws/src/install/nova5_moveit/share/nova5_moveit/cmake/nova5_moveitConfig-version.cmake
[0.721s] -- Installing: /home/michael/dobot_ws/src/install/nova5_moveit/share/nova5_moveit/package.xml
[0.721s] -- Installing: /home/michael/dobot_ws/src/install/nova5_moveit/share/nova5_moveit/launch
[0.723s] -- Installing: /home/michael/dobot_ws/src/install/nova5_moveit/share/nova5_moveit/launch/spawn_controllers.launch.py
[0.733s] -- Installing: /home/michael/dobot_ws/src/install/nova5_moveit/share/nova5_moveit/launch/warehouse_db.launch.py
[0.733s] -- Installing: /home/michael/dobot_ws/src/install/nova5_moveit/share/nova5_moveit/launch/setup_assistant.launch.py
[0.734s] -- Installing: /home/michael/dobot_ws/src/install/nova5_moveit/share/nova5_moveit/launch/moveit_rviz.launch.py
[0.735s] -- Installing: /home/michael/dobot_ws/src/install/nova5_moveit/share/nova5_moveit/launch/moveit_gazebo.launch.py
[0.735s] -- Installing: /home/michael/dobot_ws/src/install/nova5_moveit/share/nova5_moveit/launch/move_group.launch.py
[0.736s] -- Installing: /home/michael/dobot_ws/src/install/nova5_moveit/share/nova5_moveit/launch/demo.launch.py
[0.738s] -- Installing: /home/michael/dobot_ws/src/install/nova5_moveit/share/nova5_moveit/launch/rsp.launch.py
[0.738s] -- Installing: /home/michael/dobot_ws/src/install/nova5_moveit/share/nova5_moveit/launch/static_virtual_joint_tfs.launch.py
[0.738s] -- Installing: /home/michael/dobot_ws/src/install/nova5_moveit/share/nova5_moveit/launch/dobot_moveit.launch.py
[0.739s] -- Installing: /home/michael/dobot_ws/src/install/nova5_moveit/share/nova5_moveit/config
[0.739s] -- Installing: /home/michael/dobot_ws/src/install/nova5_moveit/share/nova5_moveit/config/initial_positions.yaml
[0.740s] -- Installing: /home/michael/dobot_ws/src/install/nova5_moveit/share/nova5_moveit/config/nova5_robot.ros2_control.xacro
[0.740s] -- Installing: /home/michael/dobot_ws/src/install/nova5_moveit/share/nova5_moveit/config/joint_limits.yaml
[0.741s] -- Installing: /home/michael/dobot_ws/src/install/nova5_moveit/share/nova5_moveit/config/moveit.rviz
[0.742s] -- Installing: /home/michael/dobot_ws/src/install/nova5_moveit/share/nova5_moveit/config/ros2_controllers.yaml
[0.743s] -- Installing: /home/michael/dobot_ws/src/install/nova5_moveit/share/nova5_moveit/config/moveit_controllers.yaml
[0.743s] -- Installing: /home/michael/dobot_ws/src/install/nova5_moveit/share/nova5_moveit/config/kinematics.yaml
[0.745s] -- Installing: /home/michael/dobot_ws/src/install/nova5_moveit/share/nova5_moveit/config/nova5_robot.srdf
[0.745s] -- Installing: /home/michael/dobot_ws/src/install/nova5_moveit/share/nova5_moveit/config/pilz_cartesian_limits.yaml
[0.745s] -- Installing: /home/michael/dobot_ws/src/install/nova5_moveit/share/nova5_moveit/config/nova5_robot.urdf.xacro
[0.746s] -- Installing: /home/michael/dobot_ws/src/install/nova5_moveit/share/nova5_moveit/.setup_assistant
[0.748s] Invoked command in '/home/michael/dobot_ws/src/build/nova5_moveit' returned '0': AMENT_PREFIX_PATH=/home/michael/dobot_ws/src/install/dobot_rviz:${AMENT_PREFIX_PATH} CMAKE_PREFIX_PATH=/home/michael/dobot_ws/src/install/dobot_rviz:/home/michael/dobot_ws/install/nova5_moveit:/home/michael/dobot_ws/install/nova2_moveit:/home/michael/dobot_ws/install/me6_moveit:/home/michael/dobot_ws/install/cr7_moveit:/home/michael/dobot_ws/install/cr5_moveit:/home/michael/dobot_ws/install/cr3_moveit:/home/michael/dobot_ws/install/cr30h_moveit:/home/michael/dobot_ws/install/cr20_moveit:/home/michael/dobot_ws/install/cr16_moveit:/home/michael/dobot_ws/install/cr12_moveit:/home/michael/dobot_ws/install/cr10af_moveit:/home/michael/dobot_ws/install/cr10_moveit:/home/michael/dobot_ws/install/dobot_rviz:/home/michael/dobot_ws/install/cr_robot_ros2:/home/michael/dobot_ws/install/dobot_msgs_v4:/home/michael/dobot_ws/install/dobot_gazebo:/home/michael/dobot_ws/install/cra_description:/home/michael/dobot_ws/install/servo_action:/home/michael/dobot_ws/install/dobot_moveit:/home/michael/dobot_ws/install/dobot_demo:/opt/ros/humble /usr/bin/cmake --install /home/michael/dobot_ws/src/build/nova5_moveit
