[0.006s] Invoking command in '/home/michael/dobot_ws/src/build/dobot_gazebo': AMENT_PREFIX_PATH=/home/michael/dobot_ws/src/install/cra_description:${AMENT_PREFIX_PATH} CMAKE_PREFIX_PATH=/home/michael/dobot_ws/src/install/cra_description:/home/michael/dobot_ws/install/nova5_moveit:/home/michael/dobot_ws/install/nova2_moveit:/home/michael/dobot_ws/install/me6_moveit:/home/michael/dobot_ws/install/cr7_moveit:/home/michael/dobot_ws/install/cr5_moveit:/home/michael/dobot_ws/install/cr3_moveit:/home/michael/dobot_ws/install/cr30h_moveit:/home/michael/dobot_ws/install/cr20_moveit:/home/michael/dobot_ws/install/cr16_moveit:/home/michael/dobot_ws/install/cr12_moveit:/home/michael/dobot_ws/install/cr10af_moveit:/home/michael/dobot_ws/install/cr10_moveit:/home/michael/dobot_ws/install/dobot_rviz:/home/michael/dobot_ws/install/cr_robot_ros2:/home/michael/dobot_ws/install/dobot_msgs_v4:/home/michael/dobot_ws/install/dobot_gazebo:/home/michael/dobot_ws/install/cra_description:/home/michael/dobot_ws/install/servo_action:/home/michael/dobot_ws/install/dobot_moveit:/home/michael/dobot_ws/install/dobot_demo:/opt/ros/humble /usr/bin/cmake /home/michael/dobot_ws/src/DOBOT_6Axis_ROS2_V4/dobot_gazebo -DCMAKE_INSTALL_PREFIX=/home/michael/dobot_ws/src/install/dobot_gazebo
[0.064s] -- The C compiler identification is GNU 11.4.0
[0.114s] -- The CXX compiler identification is GNU 11.4.0
[0.118s] -- Detecting C compiler ABI info
[0.176s] -- Detecting C compiler ABI info - done
[0.183s] -- Check for working C compiler: /usr/bin/cc - skipped
[0.184s] -- Detecting C compile features
[0.184s] -- Detecting C compile features - done
[0.187s] -- Detecting CXX compiler ABI info
[0.252s] -- Detecting CXX compiler ABI info - done
[0.257s] -- Check for working CXX compiler: /usr/bin/c++ - skipped
[0.257s] -- Detecting CXX compile features
[0.259s] -- Detecting CXX compile features - done
[0.260s] -- Found ament_cmake: 1.3.14 (/opt/ros/humble/share/ament_cmake/cmake)
[0.371s] -- Found Python3: /usr/bin/python3 (found version "3.10.12") found components: Interpreter 
[0.483s] -- Configuring done
[0.485s] -- Generating done
[0.488s] -- Build files have been written to: /home/michael/dobot_ws/src/build/dobot_gazebo
[0.492s] Invoked command in '/home/michael/dobot_ws/src/build/dobot_gazebo' returned '0': AMENT_PREFIX_PATH=/home/michael/dobot_ws/src/install/cra_description:${AMENT_PREFIX_PATH} CMAKE_PREFIX_PATH=/home/michael/dobot_ws/src/install/cra_description:/home/michael/dobot_ws/install/nova5_moveit:/home/michael/dobot_ws/install/nova2_moveit:/home/michael/dobot_ws/install/me6_moveit:/home/michael/dobot_ws/install/cr7_moveit:/home/michael/dobot_ws/install/cr5_moveit:/home/michael/dobot_ws/install/cr3_moveit:/home/michael/dobot_ws/install/cr30h_moveit:/home/michael/dobot_ws/install/cr20_moveit:/home/michael/dobot_ws/install/cr16_moveit:/home/michael/dobot_ws/install/cr12_moveit:/home/michael/dobot_ws/install/cr10af_moveit:/home/michael/dobot_ws/install/cr10_moveit:/home/michael/dobot_ws/install/dobot_rviz:/home/michael/dobot_ws/install/cr_robot_ros2:/home/michael/dobot_ws/install/dobot_msgs_v4:/home/michael/dobot_ws/install/dobot_gazebo:/home/michael/dobot_ws/install/cra_description:/home/michael/dobot_ws/install/servo_action:/home/michael/dobot_ws/install/dobot_moveit:/home/michael/dobot_ws/install/dobot_demo:/opt/ros/humble /usr/bin/cmake /home/michael/dobot_ws/src/DOBOT_6Axis_ROS2_V4/dobot_gazebo -DCMAKE_INSTALL_PREFIX=/home/michael/dobot_ws/src/install/dobot_gazebo
[0.493s] Invoking command in '/home/michael/dobot_ws/src/build/dobot_gazebo': AMENT_PREFIX_PATH=/home/michael/dobot_ws/src/install/cra_description:${AMENT_PREFIX_PATH} CMAKE_PREFIX_PATH=/home/michael/dobot_ws/src/install/cra_description:/home/michael/dobot_ws/install/nova5_moveit:/home/michael/dobot_ws/install/nova2_moveit:/home/michael/dobot_ws/install/me6_moveit:/home/michael/dobot_ws/install/cr7_moveit:/home/michael/dobot_ws/install/cr5_moveit:/home/michael/dobot_ws/install/cr3_moveit:/home/michael/dobot_ws/install/cr30h_moveit:/home/michael/dobot_ws/install/cr20_moveit:/home/michael/dobot_ws/install/cr16_moveit:/home/michael/dobot_ws/install/cr12_moveit:/home/michael/dobot_ws/install/cr10af_moveit:/home/michael/dobot_ws/install/cr10_moveit:/home/michael/dobot_ws/install/dobot_rviz:/home/michael/dobot_ws/install/cr_robot_ros2:/home/michael/dobot_ws/install/dobot_msgs_v4:/home/michael/dobot_ws/install/dobot_gazebo:/home/michael/dobot_ws/install/cra_description:/home/michael/dobot_ws/install/servo_action:/home/michael/dobot_ws/install/dobot_moveit:/home/michael/dobot_ws/install/dobot_demo:/opt/ros/humble /usr/bin/cmake --build /home/michael/dobot_ws/src/build/dobot_gazebo -- -j2 -l2
[0.524s] Invoked command in '/home/michael/dobot_ws/src/build/dobot_gazebo' returned '0': AMENT_PREFIX_PATH=/home/michael/dobot_ws/src/install/cra_description:${AMENT_PREFIX_PATH} CMAKE_PREFIX_PATH=/home/michael/dobot_ws/src/install/cra_description:/home/michael/dobot_ws/install/nova5_moveit:/home/michael/dobot_ws/install/nova2_moveit:/home/michael/dobot_ws/install/me6_moveit:/home/michael/dobot_ws/install/cr7_moveit:/home/michael/dobot_ws/install/cr5_moveit:/home/michael/dobot_ws/install/cr3_moveit:/home/michael/dobot_ws/install/cr30h_moveit:/home/michael/dobot_ws/install/cr20_moveit:/home/michael/dobot_ws/install/cr16_moveit:/home/michael/dobot_ws/install/cr12_moveit:/home/michael/dobot_ws/install/cr10af_moveit:/home/michael/dobot_ws/install/cr10_moveit:/home/michael/dobot_ws/install/dobot_rviz:/home/michael/dobot_ws/install/cr_robot_ros2:/home/michael/dobot_ws/install/dobot_msgs_v4:/home/michael/dobot_ws/install/dobot_gazebo:/home/michael/dobot_ws/install/cra_description:/home/michael/dobot_ws/install/servo_action:/home/michael/dobot_ws/install/dobot_moveit:/home/michael/dobot_ws/install/dobot_demo:/opt/ros/humble /usr/bin/cmake --build /home/michael/dobot_ws/src/build/dobot_gazebo -- -j2 -l2
[0.525s] Invoking command in '/home/michael/dobot_ws/src/build/dobot_gazebo': AMENT_PREFIX_PATH=/home/michael/dobot_ws/src/install/cra_description:${AMENT_PREFIX_PATH} CMAKE_PREFIX_PATH=/home/michael/dobot_ws/src/install/cra_description:/home/michael/dobot_ws/install/nova5_moveit:/home/michael/dobot_ws/install/nova2_moveit:/home/michael/dobot_ws/install/me6_moveit:/home/michael/dobot_ws/install/cr7_moveit:/home/michael/dobot_ws/install/cr5_moveit:/home/michael/dobot_ws/install/cr3_moveit:/home/michael/dobot_ws/install/cr30h_moveit:/home/michael/dobot_ws/install/cr20_moveit:/home/michael/dobot_ws/install/cr16_moveit:/home/michael/dobot_ws/install/cr12_moveit:/home/michael/dobot_ws/install/cr10af_moveit:/home/michael/dobot_ws/install/cr10_moveit:/home/michael/dobot_ws/install/dobot_rviz:/home/michael/dobot_ws/install/cr_robot_ros2:/home/michael/dobot_ws/install/dobot_msgs_v4:/home/michael/dobot_ws/install/dobot_gazebo:/home/michael/dobot_ws/install/cra_description:/home/michael/dobot_ws/install/servo_action:/home/michael/dobot_ws/install/dobot_moveit:/home/michael/dobot_ws/install/dobot_demo:/opt/ros/humble /usr/bin/cmake --install /home/michael/dobot_ws/src/build/dobot_gazebo
[0.531s] -- Install configuration: ""
[0.532s] -- Installing: /home/michael/dobot_ws/src/install/dobot_gazebo/share/dobot_gazebo/launch
[0.532s] -- Installing: /home/michael/dobot_ws/src/install/dobot_gazebo/share/dobot_gazebo/launch/gazebo_moveit.launch.py
[0.533s] -- Installing: /home/michael/dobot_ws/src/install/dobot_gazebo/share/dobot_gazebo/launch/dobot_gazebo.launch.py
[0.534s] -- Installing: /home/michael/dobot_ws/src/install/dobot_gazebo/share/dobot_gazebo/worlds
[0.535s] -- Installing: /home/michael/dobot_ws/src/install/dobot_gazebo/share/dobot_gazebo/worlds/cr.world
[0.535s] -- Installing: /home/michael/dobot_ws/src/install/dobot_gazebo/share/dobot_gazebo/config
[0.536s] -- Installing: /home/michael/dobot_ws/src/install/dobot_gazebo/share/dobot_gazebo/config/moveitcpp.rviz
[0.536s] -- Installing: /home/michael/dobot_ws/src/install/dobot_gazebo/share/ament_index/resource_index/package_run_dependencies/dobot_gazebo
[0.536s] -- Installing: /home/michael/dobot_ws/src/install/dobot_gazebo/share/ament_index/resource_index/parent_prefix_path/dobot_gazebo
[0.537s] -- Installing: /home/michael/dobot_ws/src/install/dobot_gazebo/share/dobot_gazebo/environment/ament_prefix_path.sh
[0.537s] -- Installing: /home/michael/dobot_ws/src/install/dobot_gazebo/share/dobot_gazebo/environment/ament_prefix_path.dsv
[0.537s] -- Installing: /home/michael/dobot_ws/src/install/dobot_gazebo/share/dobot_gazebo/environment/path.sh
[0.537s] -- Installing: /home/michael/dobot_ws/src/install/dobot_gazebo/share/dobot_gazebo/environment/path.dsv
[0.537s] -- Installing: /home/michael/dobot_ws/src/install/dobot_gazebo/share/dobot_gazebo/local_setup.bash
[0.537s] -- Installing: /home/michael/dobot_ws/src/install/dobot_gazebo/share/dobot_gazebo/local_setup.sh
[0.537s] -- Installing: /home/michael/dobot_ws/src/install/dobot_gazebo/share/dobot_gazebo/local_setup.zsh
[0.537s] -- Installing: /home/michael/dobot_ws/src/install/dobot_gazebo/share/dobot_gazebo/local_setup.dsv
[0.537s] -- Installing: /home/michael/dobot_ws/src/install/dobot_gazebo/share/dobot_gazebo/package.dsv
[0.538s] -- Installing: /home/michael/dobot_ws/src/install/dobot_gazebo/share/ament_index/resource_index/packages/dobot_gazebo
[0.538s] -- Installing: /home/michael/dobot_ws/src/install/dobot_gazebo/share/dobot_gazebo/cmake/dobot_gazeboConfig.cmake
[0.538s] -- Installing: /home/michael/dobot_ws/src/install/dobot_gazebo/share/dobot_gazebo/cmake/dobot_gazeboConfig-version.cmake
[0.538s] -- Installing: /home/michael/dobot_ws/src/install/dobot_gazebo/share/dobot_gazebo/package.xml
[0.542s] Invoked command in '/home/michael/dobot_ws/src/build/dobot_gazebo' returned '0': AMENT_PREFIX_PATH=/home/michael/dobot_ws/src/install/cra_description:${AMENT_PREFIX_PATH} CMAKE_PREFIX_PATH=/home/michael/dobot_ws/src/install/cra_description:/home/michael/dobot_ws/install/nova5_moveit:/home/michael/dobot_ws/install/nova2_moveit:/home/michael/dobot_ws/install/me6_moveit:/home/michael/dobot_ws/install/cr7_moveit:/home/michael/dobot_ws/install/cr5_moveit:/home/michael/dobot_ws/install/cr3_moveit:/home/michael/dobot_ws/install/cr30h_moveit:/home/michael/dobot_ws/install/cr20_moveit:/home/michael/dobot_ws/install/cr16_moveit:/home/michael/dobot_ws/install/cr12_moveit:/home/michael/dobot_ws/install/cr10af_moveit:/home/michael/dobot_ws/install/cr10_moveit:/home/michael/dobot_ws/install/dobot_rviz:/home/michael/dobot_ws/install/cr_robot_ros2:/home/michael/dobot_ws/install/dobot_msgs_v4:/home/michael/dobot_ws/install/dobot_gazebo:/home/michael/dobot_ws/install/cra_description:/home/michael/dobot_ws/install/servo_action:/home/michael/dobot_ws/install/dobot_moveit:/home/michael/dobot_ws/install/dobot_demo:/opt/ros/humble /usr/bin/cmake --install /home/michael/dobot_ws/src/build/dobot_gazebo
