[0.014s] Invoking command in '/home/michael/dobot_ws/src/build/cr10_moveit': AMENT_PREFIX_PATH=/home/michael/dobot_ws/src/install/dobot_rviz:${AMENT_PREFIX_PATH} CMAKE_PREFIX_PATH=/home/michael/dobot_ws/src/install/dobot_rviz:/home/michael/dobot_ws/install/nova5_moveit:/home/michael/dobot_ws/install/nova2_moveit:/home/michael/dobot_ws/install/me6_moveit:/home/michael/dobot_ws/install/cr7_moveit:/home/michael/dobot_ws/install/cr5_moveit:/home/michael/dobot_ws/install/cr3_moveit:/home/michael/dobot_ws/install/cr30h_moveit:/home/michael/dobot_ws/install/cr20_moveit:/home/michael/dobot_ws/install/cr16_moveit:/home/michael/dobot_ws/install/cr12_moveit:/home/michael/dobot_ws/install/cr10af_moveit:/home/michael/dobot_ws/install/cr10_moveit:/home/michael/dobot_ws/install/dobot_rviz:/home/michael/dobot_ws/install/cr_robot_ros2:/home/michael/dobot_ws/install/dobot_msgs_v4:/home/michael/dobot_ws/install/dobot_gazebo:/home/michael/dobot_ws/install/cra_description:/home/michael/dobot_ws/install/servo_action:/home/michael/dobot_ws/install/dobot_moveit:/home/michael/dobot_ws/install/dobot_demo:/opt/ros/humble /usr/bin/cmake /home/michael/dobot_ws/src/DOBOT_6Axis_ROS2_V4/cr10_moveit -DCMAKE_INSTALL_PREFIX=/home/michael/dobot_ws/src/install/cr10_moveit
[0.050s] -- The C compiler identification is GNU 11.4.0
[0.100s] -- The CXX compiler identification is GNU 11.4.0
[0.107s] -- Detecting C compiler ABI info
[0.171s] -- Detecting C compiler ABI info - done
[0.176s] -- Check for working C compiler: /usr/bin/cc - skipped
[0.176s] -- Detecting C compile features
[0.176s] -- Detecting C compile features - done
[0.178s] -- Detecting CXX compiler ABI info
[0.251s] -- Detecting CXX compiler ABI info - done
[0.254s] -- Check for working CXX compiler: /usr/bin/c++ - skipped
[0.254s] -- Detecting CXX compile features
[0.255s] -- Detecting CXX compile features - done
[0.259s] -- Found ament_cmake: 1.3.14 (/opt/ros/humble/share/ament_cmake/cmake)
[0.361s] -- Found Python3: /usr/bin/python3 (found version "3.10.12") found components: Interpreter 
[0.480s] -- Configuring done
[0.482s] -- Generating done
[0.483s] -- Build files have been written to: /home/michael/dobot_ws/src/build/cr10_moveit
[0.487s] Invoked command in '/home/michael/dobot_ws/src/build/cr10_moveit' returned '0': AMENT_PREFIX_PATH=/home/michael/dobot_ws/src/install/dobot_rviz:${AMENT_PREFIX_PATH} CMAKE_PREFIX_PATH=/home/michael/dobot_ws/src/install/dobot_rviz:/home/michael/dobot_ws/install/nova5_moveit:/home/michael/dobot_ws/install/nova2_moveit:/home/michael/dobot_ws/install/me6_moveit:/home/michael/dobot_ws/install/cr7_moveit:/home/michael/dobot_ws/install/cr5_moveit:/home/michael/dobot_ws/install/cr3_moveit:/home/michael/dobot_ws/install/cr30h_moveit:/home/michael/dobot_ws/install/cr20_moveit:/home/michael/dobot_ws/install/cr16_moveit:/home/michael/dobot_ws/install/cr12_moveit:/home/michael/dobot_ws/install/cr10af_moveit:/home/michael/dobot_ws/install/cr10_moveit:/home/michael/dobot_ws/install/dobot_rviz:/home/michael/dobot_ws/install/cr_robot_ros2:/home/michael/dobot_ws/install/dobot_msgs_v4:/home/michael/dobot_ws/install/dobot_gazebo:/home/michael/dobot_ws/install/cra_description:/home/michael/dobot_ws/install/servo_action:/home/michael/dobot_ws/install/dobot_moveit:/home/michael/dobot_ws/install/dobot_demo:/opt/ros/humble /usr/bin/cmake /home/michael/dobot_ws/src/DOBOT_6Axis_ROS2_V4/cr10_moveit -DCMAKE_INSTALL_PREFIX=/home/michael/dobot_ws/src/install/cr10_moveit
[0.487s] Invoking command in '/home/michael/dobot_ws/src/build/cr10_moveit': AMENT_PREFIX_PATH=/home/michael/dobot_ws/src/install/dobot_rviz:${AMENT_PREFIX_PATH} CMAKE_PREFIX_PATH=/home/michael/dobot_ws/src/install/dobot_rviz:/home/michael/dobot_ws/install/nova5_moveit:/home/michael/dobot_ws/install/nova2_moveit:/home/michael/dobot_ws/install/me6_moveit:/home/michael/dobot_ws/install/cr7_moveit:/home/michael/dobot_ws/install/cr5_moveit:/home/michael/dobot_ws/install/cr3_moveit:/home/michael/dobot_ws/install/cr30h_moveit:/home/michael/dobot_ws/install/cr20_moveit:/home/michael/dobot_ws/install/cr16_moveit:/home/michael/dobot_ws/install/cr12_moveit:/home/michael/dobot_ws/install/cr10af_moveit:/home/michael/dobot_ws/install/cr10_moveit:/home/michael/dobot_ws/install/dobot_rviz:/home/michael/dobot_ws/install/cr_robot_ros2:/home/michael/dobot_ws/install/dobot_msgs_v4:/home/michael/dobot_ws/install/dobot_gazebo:/home/michael/dobot_ws/install/cra_description:/home/michael/dobot_ws/install/servo_action:/home/michael/dobot_ws/install/dobot_moveit:/home/michael/dobot_ws/install/dobot_demo:/opt/ros/humble /usr/bin/cmake --build /home/michael/dobot_ws/src/build/cr10_moveit -- -j2 -l2
[0.518s] Invoked command in '/home/michael/dobot_ws/src/build/cr10_moveit' returned '0': AMENT_PREFIX_PATH=/home/michael/dobot_ws/src/install/dobot_rviz:${AMENT_PREFIX_PATH} CMAKE_PREFIX_PATH=/home/michael/dobot_ws/src/install/dobot_rviz:/home/michael/dobot_ws/install/nova5_moveit:/home/michael/dobot_ws/install/nova2_moveit:/home/michael/dobot_ws/install/me6_moveit:/home/michael/dobot_ws/install/cr7_moveit:/home/michael/dobot_ws/install/cr5_moveit:/home/michael/dobot_ws/install/cr3_moveit:/home/michael/dobot_ws/install/cr30h_moveit:/home/michael/dobot_ws/install/cr20_moveit:/home/michael/dobot_ws/install/cr16_moveit:/home/michael/dobot_ws/install/cr12_moveit:/home/michael/dobot_ws/install/cr10af_moveit:/home/michael/dobot_ws/install/cr10_moveit:/home/michael/dobot_ws/install/dobot_rviz:/home/michael/dobot_ws/install/cr_robot_ros2:/home/michael/dobot_ws/install/dobot_msgs_v4:/home/michael/dobot_ws/install/dobot_gazebo:/home/michael/dobot_ws/install/cra_description:/home/michael/dobot_ws/install/servo_action:/home/michael/dobot_ws/install/dobot_moveit:/home/michael/dobot_ws/install/dobot_demo:/opt/ros/humble /usr/bin/cmake --build /home/michael/dobot_ws/src/build/cr10_moveit -- -j2 -l2
[0.519s] Invoking command in '/home/michael/dobot_ws/src/build/cr10_moveit': AMENT_PREFIX_PATH=/home/michael/dobot_ws/src/install/dobot_rviz:${AMENT_PREFIX_PATH} CMAKE_PREFIX_PATH=/home/michael/dobot_ws/src/install/dobot_rviz:/home/michael/dobot_ws/install/nova5_moveit:/home/michael/dobot_ws/install/nova2_moveit:/home/michael/dobot_ws/install/me6_moveit:/home/michael/dobot_ws/install/cr7_moveit:/home/michael/dobot_ws/install/cr5_moveit:/home/michael/dobot_ws/install/cr3_moveit:/home/michael/dobot_ws/install/cr30h_moveit:/home/michael/dobot_ws/install/cr20_moveit:/home/michael/dobot_ws/install/cr16_moveit:/home/michael/dobot_ws/install/cr12_moveit:/home/michael/dobot_ws/install/cr10af_moveit:/home/michael/dobot_ws/install/cr10_moveit:/home/michael/dobot_ws/install/dobot_rviz:/home/michael/dobot_ws/install/cr_robot_ros2:/home/michael/dobot_ws/install/dobot_msgs_v4:/home/michael/dobot_ws/install/dobot_gazebo:/home/michael/dobot_ws/install/cra_description:/home/michael/dobot_ws/install/servo_action:/home/michael/dobot_ws/install/dobot_moveit:/home/michael/dobot_ws/install/dobot_demo:/opt/ros/humble /usr/bin/cmake --install /home/michael/dobot_ws/src/build/cr10_moveit
[0.525s] -- Install configuration: ""
[0.525s] -- Installing: /home/michael/dobot_ws/src/install/cr10_moveit/share/ament_index/resource_index/package_run_dependencies/cr10_moveit
[0.525s] -- Installing: /home/michael/dobot_ws/src/install/cr10_moveit/share/ament_index/resource_index/parent_prefix_path/cr10_moveit
[0.525s] -- Installing: /home/michael/dobot_ws/src/install/cr10_moveit/share/cr10_moveit/environment/ament_prefix_path.sh
[0.525s] -- Installing: /home/michael/dobot_ws/src/install/cr10_moveit/share/cr10_moveit/environment/ament_prefix_path.dsv
[0.525s] -- Installing: /home/michael/dobot_ws/src/install/cr10_moveit/share/cr10_moveit/environment/path.sh
[0.525s] -- Installing: /home/michael/dobot_ws/src/install/cr10_moveit/share/cr10_moveit/environment/path.dsv
[0.526s] -- Installing: /home/michael/dobot_ws/src/install/cr10_moveit/share/cr10_moveit/local_setup.bash
[0.526s] -- Installing: /home/michael/dobot_ws/src/install/cr10_moveit/share/cr10_moveit/local_setup.sh
[0.526s] -- Installing: /home/michael/dobot_ws/src/install/cr10_moveit/share/cr10_moveit/local_setup.zsh
[0.526s] -- Installing: /home/michael/dobot_ws/src/install/cr10_moveit/share/cr10_moveit/local_setup.dsv
[0.526s] -- Installing: /home/michael/dobot_ws/src/install/cr10_moveit/share/cr10_moveit/package.dsv
[0.526s] -- Installing: /home/michael/dobot_ws/src/install/cr10_moveit/share/ament_index/resource_index/packages/cr10_moveit
[0.526s] -- Installing: /home/michael/dobot_ws/src/install/cr10_moveit/share/cr10_moveit/cmake/cr10_moveitConfig.cmake
[0.526s] -- Installing: /home/michael/dobot_ws/src/install/cr10_moveit/share/cr10_moveit/cmake/cr10_moveitConfig-version.cmake
[0.526s] -- Installing: /home/michael/dobot_ws/src/install/cr10_moveit/share/cr10_moveit/package.xml
[0.527s] -- Installing: /home/michael/dobot_ws/src/install/cr10_moveit/share/cr10_moveit/launch
[0.527s] -- Installing: /home/michael/dobot_ws/src/install/cr10_moveit/share/cr10_moveit/launch/spawn_controllers.launch.py
[0.528s] -- Installing: /home/michael/dobot_ws/src/install/cr10_moveit/share/cr10_moveit/launch/warehouse_db.launch.py
[0.528s] -- Installing: /home/michael/dobot_ws/src/install/cr10_moveit/share/cr10_moveit/launch/setup_assistant.launch.py
[0.529s] -- Installing: /home/michael/dobot_ws/src/install/cr10_moveit/share/cr10_moveit/launch/moveit_rviz.launch.py
[0.529s] -- Installing: /home/michael/dobot_ws/src/install/cr10_moveit/share/cr10_moveit/launch/moveit_gazebo.launch.py
[0.530s] -- Installing: /home/michael/dobot_ws/src/install/cr10_moveit/share/cr10_moveit/launch/move_group.launch.py
[0.530s] -- Installing: /home/michael/dobot_ws/src/install/cr10_moveit/share/cr10_moveit/launch/demo.launch.py
[0.530s] -- Installing: /home/michael/dobot_ws/src/install/cr10_moveit/share/cr10_moveit/launch/rsp.launch.py
[0.531s] -- Installing: /home/michael/dobot_ws/src/install/cr10_moveit/share/cr10_moveit/launch/static_virtual_joint_tfs.launch.py
[0.531s] -- Installing: /home/michael/dobot_ws/src/install/cr10_moveit/share/cr10_moveit/launch/dobot_moveit.launch.py
[0.532s] -- Installing: /home/michael/dobot_ws/src/install/cr10_moveit/share/cr10_moveit/config
[0.532s] -- Installing: /home/michael/dobot_ws/src/install/cr10_moveit/share/cr10_moveit/config/cr10_robot.urdf.xacro
[0.533s] -- Installing: /home/michael/dobot_ws/src/install/cr10_moveit/share/cr10_moveit/config/initial_positions.yaml
[0.533s] -- Installing: /home/michael/dobot_ws/src/install/cr10_moveit/share/cr10_moveit/config/cr10_robot.srdf
[0.534s] -- Installing: /home/michael/dobot_ws/src/install/cr10_moveit/share/cr10_moveit/config/joint_limits.yaml
[0.534s] -- Installing: /home/michael/dobot_ws/src/install/cr10_moveit/share/cr10_moveit/config/moveit.rviz
[0.535s] -- Installing: /home/michael/dobot_ws/src/install/cr10_moveit/share/cr10_moveit/config/ros2_controllers.yaml
[0.536s] -- Installing: /home/michael/dobot_ws/src/install/cr10_moveit/share/cr10_moveit/config/moveit_controllers.yaml
[0.536s] -- Installing: /home/michael/dobot_ws/src/install/cr10_moveit/share/cr10_moveit/config/kinematics.yaml
[0.537s] -- Installing: /home/michael/dobot_ws/src/install/cr10_moveit/share/cr10_moveit/config/pilz_cartesian_limits.yaml
[0.537s] -- Installing: /home/michael/dobot_ws/src/install/cr10_moveit/share/cr10_moveit/config/cr10_robot.ros2_control.xacro
[0.537s] -- Installing: /home/michael/dobot_ws/src/install/cr10_moveit/share/cr10_moveit/.setup_assistant
[0.540s] Invoked command in '/home/michael/dobot_ws/src/build/cr10_moveit' returned '0': AMENT_PREFIX_PATH=/home/michael/dobot_ws/src/install/dobot_rviz:${AMENT_PREFIX_PATH} CMAKE_PREFIX_PATH=/home/michael/dobot_ws/src/install/dobot_rviz:/home/michael/dobot_ws/install/nova5_moveit:/home/michael/dobot_ws/install/nova2_moveit:/home/michael/dobot_ws/install/me6_moveit:/home/michael/dobot_ws/install/cr7_moveit:/home/michael/dobot_ws/install/cr5_moveit:/home/michael/dobot_ws/install/cr3_moveit:/home/michael/dobot_ws/install/cr30h_moveit:/home/michael/dobot_ws/install/cr20_moveit:/home/michael/dobot_ws/install/cr16_moveit:/home/michael/dobot_ws/install/cr12_moveit:/home/michael/dobot_ws/install/cr10af_moveit:/home/michael/dobot_ws/install/cr10_moveit:/home/michael/dobot_ws/install/dobot_rviz:/home/michael/dobot_ws/install/cr_robot_ros2:/home/michael/dobot_ws/install/dobot_msgs_v4:/home/michael/dobot_ws/install/dobot_gazebo:/home/michael/dobot_ws/install/cra_description:/home/michael/dobot_ws/install/servo_action:/home/michael/dobot_ws/install/dobot_moveit:/home/michael/dobot_ws/install/dobot_demo:/opt/ros/humble /usr/bin/cmake --install /home/michael/dobot_ws/src/build/cr10_moveit
