[0.006s] Invoking command in '/home/michael/dobot_ws/src/build/cr10af_moveit': AMENT_PREFIX_PATH=/home/michael/dobot_ws/src/install/dobot_rviz:${AMENT_PREFIX_PATH} CMAKE_PREFIX_PATH=/home/michael/dobot_ws/src/install/dobot_rviz:/home/michael/dobot_ws/install/nova5_moveit:/home/michael/dobot_ws/install/nova2_moveit:/home/michael/dobot_ws/install/me6_moveit:/home/michael/dobot_ws/install/cr7_moveit:/home/michael/dobot_ws/install/cr5_moveit:/home/michael/dobot_ws/install/cr3_moveit:/home/michael/dobot_ws/install/cr30h_moveit:/home/michael/dobot_ws/install/cr20_moveit:/home/michael/dobot_ws/install/cr16_moveit:/home/michael/dobot_ws/install/cr12_moveit:/home/michael/dobot_ws/install/cr10af_moveit:/home/michael/dobot_ws/install/cr10_moveit:/home/michael/dobot_ws/install/dobot_rviz:/home/michael/dobot_ws/install/cr_robot_ros2:/home/michael/dobot_ws/install/dobot_msgs_v4:/home/michael/dobot_ws/install/dobot_gazebo:/home/michael/dobot_ws/install/cra_description:/home/michael/dobot_ws/install/servo_action:/home/michael/dobot_ws/install/dobot_moveit:/home/michael/dobot_ws/install/dobot_demo:/opt/ros/humble /usr/bin/cmake /home/michael/dobot_ws/src/DOBOT_6Axis_ROS2_V4/cr10af_moveit -DCMAKE_INSTALL_PREFIX=/home/michael/dobot_ws/src/install/cr10af_moveit
[0.057s] -- The C compiler identification is GNU 11.4.0
[0.092s] -- The CXX compiler identification is GNU 11.4.0
[0.097s] -- Detecting C compiler ABI info
[0.148s] -- Detecting C compiler ABI info - done
[0.152s] -- Check for working C compiler: /usr/bin/cc - skipped
[0.152s] -- Detecting C compile features
[0.153s] -- Detecting C compile features - done
[0.154s] -- Detecting CXX compiler ABI info
[0.212s] -- Detecting CXX compiler ABI info - done
[0.217s] -- Check for working CXX compiler: /usr/bin/c++ - skipped
[0.217s] -- Detecting CXX compile features
[0.217s] -- Detecting CXX compile features - done
[0.219s] -- Found ament_cmake: 1.3.14 (/opt/ros/humble/share/ament_cmake/cmake)
[0.314s] -- Found Python3: /usr/bin/python3 (found version "3.10.12") found components: Interpreter 
[0.411s] -- Configuring done
[0.412s] -- Generating done
[0.413s] -- Build files have been written to: /home/michael/dobot_ws/src/build/cr10af_moveit
[0.420s] Invoked command in '/home/michael/dobot_ws/src/build/cr10af_moveit' returned '0': AMENT_PREFIX_PATH=/home/michael/dobot_ws/src/install/dobot_rviz:${AMENT_PREFIX_PATH} CMAKE_PREFIX_PATH=/home/michael/dobot_ws/src/install/dobot_rviz:/home/michael/dobot_ws/install/nova5_moveit:/home/michael/dobot_ws/install/nova2_moveit:/home/michael/dobot_ws/install/me6_moveit:/home/michael/dobot_ws/install/cr7_moveit:/home/michael/dobot_ws/install/cr5_moveit:/home/michael/dobot_ws/install/cr3_moveit:/home/michael/dobot_ws/install/cr30h_moveit:/home/michael/dobot_ws/install/cr20_moveit:/home/michael/dobot_ws/install/cr16_moveit:/home/michael/dobot_ws/install/cr12_moveit:/home/michael/dobot_ws/install/cr10af_moveit:/home/michael/dobot_ws/install/cr10_moveit:/home/michael/dobot_ws/install/dobot_rviz:/home/michael/dobot_ws/install/cr_robot_ros2:/home/michael/dobot_ws/install/dobot_msgs_v4:/home/michael/dobot_ws/install/dobot_gazebo:/home/michael/dobot_ws/install/cra_description:/home/michael/dobot_ws/install/servo_action:/home/michael/dobot_ws/install/dobot_moveit:/home/michael/dobot_ws/install/dobot_demo:/opt/ros/humble /usr/bin/cmake /home/michael/dobot_ws/src/DOBOT_6Axis_ROS2_V4/cr10af_moveit -DCMAKE_INSTALL_PREFIX=/home/michael/dobot_ws/src/install/cr10af_moveit
[0.422s] Invoking command in '/home/michael/dobot_ws/src/build/cr10af_moveit': AMENT_PREFIX_PATH=/home/michael/dobot_ws/src/install/dobot_rviz:${AMENT_PREFIX_PATH} CMAKE_PREFIX_PATH=/home/michael/dobot_ws/src/install/dobot_rviz:/home/michael/dobot_ws/install/nova5_moveit:/home/michael/dobot_ws/install/nova2_moveit:/home/michael/dobot_ws/install/me6_moveit:/home/michael/dobot_ws/install/cr7_moveit:/home/michael/dobot_ws/install/cr5_moveit:/home/michael/dobot_ws/install/cr3_moveit:/home/michael/dobot_ws/install/cr30h_moveit:/home/michael/dobot_ws/install/cr20_moveit:/home/michael/dobot_ws/install/cr16_moveit:/home/michael/dobot_ws/install/cr12_moveit:/home/michael/dobot_ws/install/cr10af_moveit:/home/michael/dobot_ws/install/cr10_moveit:/home/michael/dobot_ws/install/dobot_rviz:/home/michael/dobot_ws/install/cr_robot_ros2:/home/michael/dobot_ws/install/dobot_msgs_v4:/home/michael/dobot_ws/install/dobot_gazebo:/home/michael/dobot_ws/install/cra_description:/home/michael/dobot_ws/install/servo_action:/home/michael/dobot_ws/install/dobot_moveit:/home/michael/dobot_ws/install/dobot_demo:/opt/ros/humble /usr/bin/cmake --build /home/michael/dobot_ws/src/build/cr10af_moveit -- -j2 -l2
[0.466s] Invoked command in '/home/michael/dobot_ws/src/build/cr10af_moveit' returned '0': AMENT_PREFIX_PATH=/home/michael/dobot_ws/src/install/dobot_rviz:${AMENT_PREFIX_PATH} CMAKE_PREFIX_PATH=/home/michael/dobot_ws/src/install/dobot_rviz:/home/michael/dobot_ws/install/nova5_moveit:/home/michael/dobot_ws/install/nova2_moveit:/home/michael/dobot_ws/install/me6_moveit:/home/michael/dobot_ws/install/cr7_moveit:/home/michael/dobot_ws/install/cr5_moveit:/home/michael/dobot_ws/install/cr3_moveit:/home/michael/dobot_ws/install/cr30h_moveit:/home/michael/dobot_ws/install/cr20_moveit:/home/michael/dobot_ws/install/cr16_moveit:/home/michael/dobot_ws/install/cr12_moveit:/home/michael/dobot_ws/install/cr10af_moveit:/home/michael/dobot_ws/install/cr10_moveit:/home/michael/dobot_ws/install/dobot_rviz:/home/michael/dobot_ws/install/cr_robot_ros2:/home/michael/dobot_ws/install/dobot_msgs_v4:/home/michael/dobot_ws/install/dobot_gazebo:/home/michael/dobot_ws/install/cra_description:/home/michael/dobot_ws/install/servo_action:/home/michael/dobot_ws/install/dobot_moveit:/home/michael/dobot_ws/install/dobot_demo:/opt/ros/humble /usr/bin/cmake --build /home/michael/dobot_ws/src/build/cr10af_moveit -- -j2 -l2
[0.466s] Invoking command in '/home/michael/dobot_ws/src/build/cr10af_moveit': AMENT_PREFIX_PATH=/home/michael/dobot_ws/src/install/dobot_rviz:${AMENT_PREFIX_PATH} CMAKE_PREFIX_PATH=/home/michael/dobot_ws/src/install/dobot_rviz:/home/michael/dobot_ws/install/nova5_moveit:/home/michael/dobot_ws/install/nova2_moveit:/home/michael/dobot_ws/install/me6_moveit:/home/michael/dobot_ws/install/cr7_moveit:/home/michael/dobot_ws/install/cr5_moveit:/home/michael/dobot_ws/install/cr3_moveit:/home/michael/dobot_ws/install/cr30h_moveit:/home/michael/dobot_ws/install/cr20_moveit:/home/michael/dobot_ws/install/cr16_moveit:/home/michael/dobot_ws/install/cr12_moveit:/home/michael/dobot_ws/install/cr10af_moveit:/home/michael/dobot_ws/install/cr10_moveit:/home/michael/dobot_ws/install/dobot_rviz:/home/michael/dobot_ws/install/cr_robot_ros2:/home/michael/dobot_ws/install/dobot_msgs_v4:/home/michael/dobot_ws/install/dobot_gazebo:/home/michael/dobot_ws/install/cra_description:/home/michael/dobot_ws/install/servo_action:/home/michael/dobot_ws/install/dobot_moveit:/home/michael/dobot_ws/install/dobot_demo:/opt/ros/humble /usr/bin/cmake --install /home/michael/dobot_ws/src/build/cr10af_moveit
[0.478s] -- Install configuration: ""
[0.479s] -- Installing: /home/michael/dobot_ws/src/install/cr10af_moveit/share/ament_index/resource_index/package_run_dependencies/cr10af_moveit
[0.479s] -- Installing: /home/michael/dobot_ws/src/install/cr10af_moveit/share/ament_index/resource_index/parent_prefix_path/cr10af_moveit
[0.480s] -- Installing: /home/michael/dobot_ws/src/install/cr10af_moveit/share/cr10af_moveit/environment/ament_prefix_path.sh
[0.480s] -- Installing: /home/michael/dobot_ws/src/install/cr10af_moveit/share/cr10af_moveit/environment/ament_prefix_path.dsv
[0.480s] -- Installing: /home/michael/dobot_ws/src/install/cr10af_moveit/share/cr10af_moveit/environment/path.sh
[0.480s] -- Installing: /home/michael/dobot_ws/src/install/cr10af_moveit/share/cr10af_moveit/environment/path.dsv
[0.480s] -- Installing: /home/michael/dobot_ws/src/install/cr10af_moveit/share/cr10af_moveit/local_setup.bash
[0.480s] -- Installing: /home/michael/dobot_ws/src/install/cr10af_moveit/share/cr10af_moveit/local_setup.sh
[0.480s] -- Installing: /home/michael/dobot_ws/src/install/cr10af_moveit/share/cr10af_moveit/local_setup.zsh
[0.481s] -- Installing: /home/michael/dobot_ws/src/install/cr10af_moveit/share/cr10af_moveit/local_setup.dsv
[0.481s] -- Installing: /home/michael/dobot_ws/src/install/cr10af_moveit/share/cr10af_moveit/package.dsv
[0.481s] -- Installing: /home/michael/dobot_ws/src/install/cr10af_moveit/share/ament_index/resource_index/packages/cr10af_moveit
[0.481s] -- Installing: /home/michael/dobot_ws/src/install/cr10af_moveit/share/cr10af_moveit/cmake/cr10af_moveitConfig.cmake
[0.481s] -- Installing: /home/michael/dobot_ws/src/install/cr10af_moveit/share/cr10af_moveit/cmake/cr10af_moveitConfig-version.cmake
[0.481s] -- Installing: /home/michael/dobot_ws/src/install/cr10af_moveit/share/cr10af_moveit/package.xml
[0.481s] -- Installing: /home/michael/dobot_ws/src/install/cr10af_moveit/share/cr10af_moveit/launch
[0.482s] -- Installing: /home/michael/dobot_ws/src/install/cr10af_moveit/share/cr10af_moveit/launch/spawn_controllers.launch.py
[0.483s] -- Installing: /home/michael/dobot_ws/src/install/cr10af_moveit/share/cr10af_moveit/launch/warehouse_db.launch.py
[0.484s] -- Installing: /home/michael/dobot_ws/src/install/cr10af_moveit/share/cr10af_moveit/launch/setup_assistant.launch.py
[0.485s] -- Installing: /home/michael/dobot_ws/src/install/cr10af_moveit/share/cr10af_moveit/launch/moveit_rviz.launch.py
[0.485s] -- Installing: /home/michael/dobot_ws/src/install/cr10af_moveit/share/cr10af_moveit/launch/moveit_gazebo.launch.py
[0.487s] -- Installing: /home/michael/dobot_ws/src/install/cr10af_moveit/share/cr10af_moveit/launch/move_group.launch.py
[0.487s] -- Installing: /home/michael/dobot_ws/src/install/cr10af_moveit/share/cr10af_moveit/launch/demo.launch.py
[0.488s] -- Installing: /home/michael/dobot_ws/src/install/cr10af_moveit/share/cr10af_moveit/launch/rsp.launch.py
[0.488s] -- Installing: /home/michael/dobot_ws/src/install/cr10af_moveit/share/cr10af_moveit/launch/static_virtual_joint_tfs.launch.py
[0.490s] -- Installing: /home/michael/dobot_ws/src/install/cr10af_moveit/share/cr10af_moveit/launch/dobot_moveit.launch.py
[0.490s] -- Installing: /home/michael/dobot_ws/src/install/cr10af_moveit/share/cr10af_moveit/config
[0.491s] -- Installing: /home/michael/dobot_ws/src/install/cr10af_moveit/share/cr10af_moveit/config/initial_positions.yaml
[0.491s] -- Installing: /home/michael/dobot_ws/src/install/cr10af_moveit/share/cr10af_moveit/config/cr10af_robot.srdf
[0.493s] -- Installing: /home/michael/dobot_ws/src/install/cr10af_moveit/share/cr10af_moveit/config/cr10af_robot.urdf.xacro
[0.493s] -- Installing: /home/michael/dobot_ws/src/install/cr10af_moveit/share/cr10af_moveit/config/joint_limits.yaml
[0.495s] -- Installing: /home/michael/dobot_ws/src/install/cr10af_moveit/share/cr10af_moveit/config/moveit.rviz
[0.495s] -- Installing: /home/michael/dobot_ws/src/install/cr10af_moveit/share/cr10af_moveit/config/ros2_controllers.yaml
[0.495s] -- Installing: /home/michael/dobot_ws/src/install/cr10af_moveit/share/cr10af_moveit/config/moveit_controllers.yaml
[0.496s] -- Installing: /home/michael/dobot_ws/src/install/cr10af_moveit/share/cr10af_moveit/config/cr10af_robot.ros2_control.xacro
[0.498s] -- Installing: /home/michael/dobot_ws/src/install/cr10af_moveit/share/cr10af_moveit/config/kinematics.yaml
[0.498s] -- Installing: /home/michael/dobot_ws/src/install/cr10af_moveit/share/cr10af_moveit/config/pilz_cartesian_limits.yaml
[0.498s] -- Installing: /home/michael/dobot_ws/src/install/cr10af_moveit/share/cr10af_moveit/.setup_assistant
[0.502s] Invoked command in '/home/michael/dobot_ws/src/build/cr10af_moveit' returned '0': AMENT_PREFIX_PATH=/home/michael/dobot_ws/src/install/dobot_rviz:${AMENT_PREFIX_PATH} CMAKE_PREFIX_PATH=/home/michael/dobot_ws/src/install/dobot_rviz:/home/michael/dobot_ws/install/nova5_moveit:/home/michael/dobot_ws/install/nova2_moveit:/home/michael/dobot_ws/install/me6_moveit:/home/michael/dobot_ws/install/cr7_moveit:/home/michael/dobot_ws/install/cr5_moveit:/home/michael/dobot_ws/install/cr3_moveit:/home/michael/dobot_ws/install/cr30h_moveit:/home/michael/dobot_ws/install/cr20_moveit:/home/michael/dobot_ws/install/cr16_moveit:/home/michael/dobot_ws/install/cr12_moveit:/home/michael/dobot_ws/install/cr10af_moveit:/home/michael/dobot_ws/install/cr10_moveit:/home/michael/dobot_ws/install/dobot_rviz:/home/michael/dobot_ws/install/cr_robot_ros2:/home/michael/dobot_ws/install/dobot_msgs_v4:/home/michael/dobot_ws/install/dobot_gazebo:/home/michael/dobot_ws/install/cra_description:/home/michael/dobot_ws/install/servo_action:/home/michael/dobot_ws/install/dobot_moveit:/home/michael/dobot_ws/install/dobot_demo:/opt/ros/humble /usr/bin/cmake --install /home/michael/dobot_ws/src/build/cr10af_moveit
