[0.014s] Invoking command in '/home/michael/dobot_ws/src/build/cr16_moveit': AMENT_PREFIX_PATH=/home/michael/dobot_ws/src/install/dobot_rviz:${AMENT_PREFIX_PATH} CMAKE_PREFIX_PATH=/home/michael/dobot_ws/src/install/dobot_rviz:/home/michael/dobot_ws/install/nova5_moveit:/home/michael/dobot_ws/install/nova2_moveit:/home/michael/dobot_ws/install/me6_moveit:/home/michael/dobot_ws/install/cr7_moveit:/home/michael/dobot_ws/install/cr5_moveit:/home/michael/dobot_ws/install/cr3_moveit:/home/michael/dobot_ws/install/cr30h_moveit:/home/michael/dobot_ws/install/cr20_moveit:/home/michael/dobot_ws/install/cr16_moveit:/home/michael/dobot_ws/install/cr12_moveit:/home/michael/dobot_ws/install/cr10af_moveit:/home/michael/dobot_ws/install/cr10_moveit:/home/michael/dobot_ws/install/dobot_rviz:/home/michael/dobot_ws/install/cr_robot_ros2:/home/michael/dobot_ws/install/dobot_msgs_v4:/home/michael/dobot_ws/install/dobot_gazebo:/home/michael/dobot_ws/install/cra_description:/home/michael/dobot_ws/install/servo_action:/home/michael/dobot_ws/install/dobot_moveit:/home/michael/dobot_ws/install/dobot_demo:/opt/ros/humble /usr/bin/cmake /home/michael/dobot_ws/src/DOBOT_6Axis_ROS2_V4/cr16_moveit -DCMAKE_INSTALL_PREFIX=/home/michael/dobot_ws/src/install/cr16_moveit
[0.110s] -- The C compiler identification is GNU 11.4.0
[0.195s] -- The CXX compiler identification is GNU 11.4.0
[0.206s] -- Detecting C compiler ABI info
[0.313s] -- Detecting C compiler ABI info - done
[0.319s] -- Check for working C compiler: /usr/bin/cc - skipped
[0.319s] -- Detecting C compile features
[0.320s] -- Detecting C compile features - done
[0.324s] -- Detecting CXX compiler ABI info
[0.437s] -- Detecting CXX compiler ABI info - done
[0.448s] -- Check for working CXX compiler: /usr/bin/c++ - skipped
[0.448s] -- Detecting CXX compile features
[0.449s] -- Detecting CXX compile features - done
[0.453s] -- Found ament_cmake: 1.3.14 (/opt/ros/humble/share/ament_cmake/cmake)
[0.652s] -- Found Python3: /usr/bin/python3 (found version "3.10.12") found components: Interpreter 
[0.883s] -- Configuring done
[0.886s] -- Generating done
[0.891s] -- Build files have been written to: /home/michael/dobot_ws/src/build/cr16_moveit
[0.901s] Invoked command in '/home/michael/dobot_ws/src/build/cr16_moveit' returned '0': AMENT_PREFIX_PATH=/home/michael/dobot_ws/src/install/dobot_rviz:${AMENT_PREFIX_PATH} CMAKE_PREFIX_PATH=/home/michael/dobot_ws/src/install/dobot_rviz:/home/michael/dobot_ws/install/nova5_moveit:/home/michael/dobot_ws/install/nova2_moveit:/home/michael/dobot_ws/install/me6_moveit:/home/michael/dobot_ws/install/cr7_moveit:/home/michael/dobot_ws/install/cr5_moveit:/home/michael/dobot_ws/install/cr3_moveit:/home/michael/dobot_ws/install/cr30h_moveit:/home/michael/dobot_ws/install/cr20_moveit:/home/michael/dobot_ws/install/cr16_moveit:/home/michael/dobot_ws/install/cr12_moveit:/home/michael/dobot_ws/install/cr10af_moveit:/home/michael/dobot_ws/install/cr10_moveit:/home/michael/dobot_ws/install/dobot_rviz:/home/michael/dobot_ws/install/cr_robot_ros2:/home/michael/dobot_ws/install/dobot_msgs_v4:/home/michael/dobot_ws/install/dobot_gazebo:/home/michael/dobot_ws/install/cra_description:/home/michael/dobot_ws/install/servo_action:/home/michael/dobot_ws/install/dobot_moveit:/home/michael/dobot_ws/install/dobot_demo:/opt/ros/humble /usr/bin/cmake /home/michael/dobot_ws/src/DOBOT_6Axis_ROS2_V4/cr16_moveit -DCMAKE_INSTALL_PREFIX=/home/michael/dobot_ws/src/install/cr16_moveit
[0.906s] Invoking command in '/home/michael/dobot_ws/src/build/cr16_moveit': AMENT_PREFIX_PATH=/home/michael/dobot_ws/src/install/dobot_rviz:${AMENT_PREFIX_PATH} CMAKE_PREFIX_PATH=/home/michael/dobot_ws/src/install/dobot_rviz:/home/michael/dobot_ws/install/nova5_moveit:/home/michael/dobot_ws/install/nova2_moveit:/home/michael/dobot_ws/install/me6_moveit:/home/michael/dobot_ws/install/cr7_moveit:/home/michael/dobot_ws/install/cr5_moveit:/home/michael/dobot_ws/install/cr3_moveit:/home/michael/dobot_ws/install/cr30h_moveit:/home/michael/dobot_ws/install/cr20_moveit:/home/michael/dobot_ws/install/cr16_moveit:/home/michael/dobot_ws/install/cr12_moveit:/home/michael/dobot_ws/install/cr10af_moveit:/home/michael/dobot_ws/install/cr10_moveit:/home/michael/dobot_ws/install/dobot_rviz:/home/michael/dobot_ws/install/cr_robot_ros2:/home/michael/dobot_ws/install/dobot_msgs_v4:/home/michael/dobot_ws/install/dobot_gazebo:/home/michael/dobot_ws/install/cra_description:/home/michael/dobot_ws/install/servo_action:/home/michael/dobot_ws/install/dobot_moveit:/home/michael/dobot_ws/install/dobot_demo:/opt/ros/humble /usr/bin/cmake --build /home/michael/dobot_ws/src/build/cr16_moveit -- -j2 -l2
[0.968s] Invoked command in '/home/michael/dobot_ws/src/build/cr16_moveit' returned '0': AMENT_PREFIX_PATH=/home/michael/dobot_ws/src/install/dobot_rviz:${AMENT_PREFIX_PATH} CMAKE_PREFIX_PATH=/home/michael/dobot_ws/src/install/dobot_rviz:/home/michael/dobot_ws/install/nova5_moveit:/home/michael/dobot_ws/install/nova2_moveit:/home/michael/dobot_ws/install/me6_moveit:/home/michael/dobot_ws/install/cr7_moveit:/home/michael/dobot_ws/install/cr5_moveit:/home/michael/dobot_ws/install/cr3_moveit:/home/michael/dobot_ws/install/cr30h_moveit:/home/michael/dobot_ws/install/cr20_moveit:/home/michael/dobot_ws/install/cr16_moveit:/home/michael/dobot_ws/install/cr12_moveit:/home/michael/dobot_ws/install/cr10af_moveit:/home/michael/dobot_ws/install/cr10_moveit:/home/michael/dobot_ws/install/dobot_rviz:/home/michael/dobot_ws/install/cr_robot_ros2:/home/michael/dobot_ws/install/dobot_msgs_v4:/home/michael/dobot_ws/install/dobot_gazebo:/home/michael/dobot_ws/install/cra_description:/home/michael/dobot_ws/install/servo_action:/home/michael/dobot_ws/install/dobot_moveit:/home/michael/dobot_ws/install/dobot_demo:/opt/ros/humble /usr/bin/cmake --build /home/michael/dobot_ws/src/build/cr16_moveit -- -j2 -l2
[0.970s] Invoking command in '/home/michael/dobot_ws/src/build/cr16_moveit': AMENT_PREFIX_PATH=/home/michael/dobot_ws/src/install/dobot_rviz:${AMENT_PREFIX_PATH} CMAKE_PREFIX_PATH=/home/michael/dobot_ws/src/install/dobot_rviz:/home/michael/dobot_ws/install/nova5_moveit:/home/michael/dobot_ws/install/nova2_moveit:/home/michael/dobot_ws/install/me6_moveit:/home/michael/dobot_ws/install/cr7_moveit:/home/michael/dobot_ws/install/cr5_moveit:/home/michael/dobot_ws/install/cr3_moveit:/home/michael/dobot_ws/install/cr30h_moveit:/home/michael/dobot_ws/install/cr20_moveit:/home/michael/dobot_ws/install/cr16_moveit:/home/michael/dobot_ws/install/cr12_moveit:/home/michael/dobot_ws/install/cr10af_moveit:/home/michael/dobot_ws/install/cr10_moveit:/home/michael/dobot_ws/install/dobot_rviz:/home/michael/dobot_ws/install/cr_robot_ros2:/home/michael/dobot_ws/install/dobot_msgs_v4:/home/michael/dobot_ws/install/dobot_gazebo:/home/michael/dobot_ws/install/cra_description:/home/michael/dobot_ws/install/servo_action:/home/michael/dobot_ws/install/dobot_moveit:/home/michael/dobot_ws/install/dobot_demo:/opt/ros/humble /usr/bin/cmake --install /home/michael/dobot_ws/src/build/cr16_moveit
[0.986s] -- Install configuration: ""
[0.987s] -- Installing: /home/michael/dobot_ws/src/install/cr16_moveit/share/ament_index/resource_index/package_run_dependencies/cr16_moveit
[0.987s] -- Installing: /home/michael/dobot_ws/src/install/cr16_moveit/share/ament_index/resource_index/parent_prefix_path/cr16_moveit
[0.987s] -- Installing: /home/michael/dobot_ws/src/install/cr16_moveit/share/cr16_moveit/environment/ament_prefix_path.sh
[0.987s] -- Installing: /home/michael/dobot_ws/src/install/cr16_moveit/share/cr16_moveit/environment/ament_prefix_path.dsv
[0.987s] -- Installing: /home/michael/dobot_ws/src/install/cr16_moveit/share/cr16_moveit/environment/path.sh
[0.987s] -- Installing: /home/michael/dobot_ws/src/install/cr16_moveit/share/cr16_moveit/environment/path.dsv
[0.988s] -- Installing: /home/michael/dobot_ws/src/install/cr16_moveit/share/cr16_moveit/local_setup.bash
[0.988s] -- Installing: /home/michael/dobot_ws/src/install/cr16_moveit/share/cr16_moveit/local_setup.sh
[0.989s] -- Installing: /home/michael/dobot_ws/src/install/cr16_moveit/share/cr16_moveit/local_setup.zsh
[0.989s] -- Installing: /home/michael/dobot_ws/src/install/cr16_moveit/share/cr16_moveit/local_setup.dsv
[0.989s] -- Installing: /home/michael/dobot_ws/src/install/cr16_moveit/share/cr16_moveit/package.dsv
[0.989s] -- Installing: /home/michael/dobot_ws/src/install/cr16_moveit/share/ament_index/resource_index/packages/cr16_moveit
[0.989s] -- Installing: /home/michael/dobot_ws/src/install/cr16_moveit/share/cr16_moveit/cmake/cr16_moveitConfig.cmake
[0.989s] -- Installing: /home/michael/dobot_ws/src/install/cr16_moveit/share/cr16_moveit/cmake/cr16_moveitConfig-version.cmake
[0.989s] -- Installing: /home/michael/dobot_ws/src/install/cr16_moveit/share/cr16_moveit/package.xml
[0.989s] -- Installing: /home/michael/dobot_ws/src/install/cr16_moveit/share/cr16_moveit/launch
[0.991s] -- Installing: /home/michael/dobot_ws/src/install/cr16_moveit/share/cr16_moveit/launch/spawn_controllers.launch.py
[1.003s] -- Installing: /home/michael/dobot_ws/src/install/cr16_moveit/share/cr16_moveit/launch/warehouse_db.launch.py
[1.003s] -- Installing: /home/michael/dobot_ws/src/install/cr16_moveit/share/cr16_moveit/launch/setup_assistant.launch.py
[1.004s] -- Installing: /home/michael/dobot_ws/src/install/cr16_moveit/share/cr16_moveit/launch/moveit_rviz.launch.py
[1.005s] -- Installing: /home/michael/dobot_ws/src/install/cr16_moveit/share/cr16_moveit/launch/moveit_gazebo.launch.py
[1.005s] -- Installing: /home/michael/dobot_ws/src/install/cr16_moveit/share/cr16_moveit/launch/move_group.launch.py
[1.005s] -- Installing: /home/michael/dobot_ws/src/install/cr16_moveit/share/cr16_moveit/launch/demo.launch.py
[1.005s] -- Installing: /home/michael/dobot_ws/src/install/cr16_moveit/share/cr16_moveit/launch/rsp.launch.py
[1.006s] -- Installing: /home/michael/dobot_ws/src/install/cr16_moveit/share/cr16_moveit/launch/static_virtual_joint_tfs.launch.py
[1.006s] -- Installing: /home/michael/dobot_ws/src/install/cr16_moveit/share/cr16_moveit/launch/dobot_moveit.launch.py
[1.007s] -- Installing: /home/michael/dobot_ws/src/install/cr16_moveit/share/cr16_moveit/config
[1.007s] -- Installing: /home/michael/dobot_ws/src/install/cr16_moveit/share/cr16_moveit/config/initial_positions.yaml
[1.008s] -- Installing: /home/michael/dobot_ws/src/install/cr16_moveit/share/cr16_moveit/config/joint_limits.yaml
[1.008s] -- Installing: /home/michael/dobot_ws/src/install/cr16_moveit/share/cr16_moveit/config/moveit.rviz
[1.008s] -- Installing: /home/michael/dobot_ws/src/install/cr16_moveit/share/cr16_moveit/config/ros2_controllers.yaml
[1.008s] -- Installing: /home/michael/dobot_ws/src/install/cr16_moveit/share/cr16_moveit/config/moveit_controllers.yaml
[1.009s] -- Installing: /home/michael/dobot_ws/src/install/cr16_moveit/share/cr16_moveit/config/cr16_robot.ros2_control.xacro
[1.011s] -- Installing: /home/michael/dobot_ws/src/install/cr16_moveit/share/cr16_moveit/config/kinematics.yaml
[1.011s] -- Installing: /home/michael/dobot_ws/src/install/cr16_moveit/share/cr16_moveit/config/cr16_robot.srdf
[1.011s] -- Installing: /home/michael/dobot_ws/src/install/cr16_moveit/share/cr16_moveit/config/cr16_robot.urdf.xacro
[1.011s] -- Installing: /home/michael/dobot_ws/src/install/cr16_moveit/share/cr16_moveit/config/pilz_cartesian_limits.yaml
[1.011s] -- Installing: /home/michael/dobot_ws/src/install/cr16_moveit/share/cr16_moveit/.setup_assistant
[1.015s] Invoked command in '/home/michael/dobot_ws/src/build/cr16_moveit' returned '0': AMENT_PREFIX_PATH=/home/michael/dobot_ws/src/install/dobot_rviz:${AMENT_PREFIX_PATH} CMAKE_PREFIX_PATH=/home/michael/dobot_ws/src/install/dobot_rviz:/home/michael/dobot_ws/install/nova5_moveit:/home/michael/dobot_ws/install/nova2_moveit:/home/michael/dobot_ws/install/me6_moveit:/home/michael/dobot_ws/install/cr7_moveit:/home/michael/dobot_ws/install/cr5_moveit:/home/michael/dobot_ws/install/cr3_moveit:/home/michael/dobot_ws/install/cr30h_moveit:/home/michael/dobot_ws/install/cr20_moveit:/home/michael/dobot_ws/install/cr16_moveit:/home/michael/dobot_ws/install/cr12_moveit:/home/michael/dobot_ws/install/cr10af_moveit:/home/michael/dobot_ws/install/cr10_moveit:/home/michael/dobot_ws/install/dobot_rviz:/home/michael/dobot_ws/install/cr_robot_ros2:/home/michael/dobot_ws/install/dobot_msgs_v4:/home/michael/dobot_ws/install/dobot_gazebo:/home/michael/dobot_ws/install/cra_description:/home/michael/dobot_ws/install/servo_action:/home/michael/dobot_ws/install/dobot_moveit:/home/michael/dobot_ws/install/dobot_demo:/opt/ros/humble /usr/bin/cmake --install /home/michael/dobot_ws/src/build/cr16_moveit
