[0.008s] Invoking command in '/home/michael/dobot_ws/src/build/dobot_rviz': CMAKE_PREFIX_PATH=${CMAKE_PREFIX_PATH}:/home/michael/dobot_ws/install/servo_action:/home/michael/dobot_ws/install/dobot_moveit:/home/michael/dobot_ws/install/dobot_demo:/opt/ros/humble /usr/bin/cmake --build /home/michael/dobot_ws/src/build/dobot_rviz -- -j2 -l2
[0.044s] Invoked command in '/home/michael/dobot_ws/src/build/dobot_rviz' returned '0': CMAKE_PREFIX_PATH=${CMAKE_PREFIX_PATH}:/home/michael/dobot_ws/install/servo_action:/home/michael/dobot_ws/install/dobot_moveit:/home/michael/dobot_ws/install/dobot_demo:/opt/ros/humble /usr/bin/cmake --build /home/michael/dobot_ws/src/build/dobot_rviz -- -j2 -l2
[0.045s] Invoking command in '/home/michael/dobot_ws/src/build/dobot_rviz': CMAKE_PREFIX_PATH=${CMAKE_PREFIX_PATH}:/home/michael/dobot_ws/install/servo_action:/home/michael/dobot_ws/install/dobot_moveit:/home/michael/dobot_ws/install/dobot_demo:/opt/ros/humble /usr/bin/cmake --install /home/michael/dobot_ws/src/build/dobot_rviz
[0.051s] -- Install configuration: ""
[0.051s] -- Up-to-date: /home/michael/dobot_ws/src/install/dobot_rviz/share/dobot_rviz/launch
[0.051s] -- Up-to-date: /home/michael/dobot_ws/src/install/dobot_rviz/share/dobot_rviz/launch/dobot_rviz.launch.py
[0.051s] -- Up-to-date: /home/michael/dobot_ws/src/install/dobot_rviz/share/dobot_rviz/urdf
[0.051s] -- Up-to-date: /home/michael/dobot_ws/src/install/dobot_rviz/share/dobot_rviz/urdf/cr3_robot.urdf
[0.051s] -- Up-to-date: /home/michael/dobot_ws/src/install/dobot_rviz/share/dobot_rviz/urdf/cr7_robot.urdf
[0.054s] -- Up-to-date: /home/michael/dobot_ws/src/install/dobot_rviz/share/dobot_rviz/urdf/nova5_robot.urdf
[0.055s] -- Up-to-date: /home/michael/dobot_ws/src/install/dobot_rviz/share/dobot_rviz/urdf/cr10af_robot.urdf
[0.055s] -- Up-to-date: /home/michael/dobot_ws/src/install/dobot_rviz/share/dobot_rviz/urdf/nova2_robot.urdf
[0.055s] -- Up-to-date: /home/michael/dobot_ws/src/install/dobot_rviz/share/dobot_rviz/urdf/me6_robot.urdf
[0.055s] -- Up-to-date: /home/michael/dobot_ws/src/install/dobot_rviz/share/dobot_rviz/urdf/cr10_robot.urdf
[0.055s] -- Up-to-date: /home/michael/dobot_ws/src/install/dobot_rviz/share/dobot_rviz/urdf/cr30h_robot.urdf
[0.055s] -- Up-to-date: /home/michael/dobot_ws/src/install/dobot_rviz/share/dobot_rviz/urdf/cr16_robot.urdf
[0.055s] -- Up-to-date: /home/michael/dobot_ws/src/install/dobot_rviz/share/dobot_rviz/urdf/cr12_robot.urdf
[0.055s] -- Up-to-date: /home/michael/dobot_ws/src/install/dobot_rviz/share/dobot_rviz/urdf/cr5_robot.urdf
[0.055s] -- Up-to-date: /home/michael/dobot_ws/src/install/dobot_rviz/share/dobot_rviz/urdf/cr20_robot.urdf
[0.055s] -- Up-to-date: /home/michael/dobot_ws/src/install/dobot_rviz/share/dobot_rviz/rviz
[0.055s] -- Up-to-date: /home/michael/dobot_ws/src/install/dobot_rviz/share/dobot_rviz/rviz/urdf.rviz
[0.055s] -- Up-to-date: /home/michael/dobot_ws/src/install/dobot_rviz/share/dobot_rviz/meshes
[0.055s] -- Up-to-date: /home/michael/dobot_ws/src/install/dobot_rviz/share/dobot_rviz/meshes/nova2
[0.055s] -- Up-to-date: /home/michael/dobot_ws/src/install/dobot_rviz/share/dobot_rviz/meshes/nova2/Link1.STL
[0.055s] -- Up-to-date: /home/michael/dobot_ws/src/install/dobot_rviz/share/dobot_rviz/meshes/nova2/Link6.STL
[0.055s] -- Up-to-date: /home/michael/dobot_ws/src/install/dobot_rviz/share/dobot_rviz/meshes/nova2/base_link.STL
[0.055s] -- Up-to-date: /home/michael/dobot_ws/src/install/dobot_rviz/share/dobot_rviz/meshes/nova2/Link2.STL
[0.055s] -- Up-to-date: /home/michael/dobot_ws/src/install/dobot_rviz/share/dobot_rviz/meshes/nova2/Link3.STL
[0.055s] -- Up-to-date: /home/michael/dobot_ws/src/install/dobot_rviz/share/dobot_rviz/meshes/nova2/Link5.STL
[0.055s] -- Up-to-date: /home/michael/dobot_ws/src/install/dobot_rviz/share/dobot_rviz/meshes/nova2/Link4.STL
[0.055s] -- Up-to-date: /home/michael/dobot_ws/src/install/dobot_rviz/share/dobot_rviz/meshes/cr30h
[0.055s] -- Up-to-date: /home/michael/dobot_ws/src/install/dobot_rviz/share/dobot_rviz/meshes/cr30h/Link1.STL
[0.055s] -- Up-to-date: /home/michael/dobot_ws/src/install/dobot_rviz/share/dobot_rviz/meshes/cr30h/Link6.STL
[0.055s] -- Up-to-date: /home/michael/dobot_ws/src/install/dobot_rviz/share/dobot_rviz/meshes/cr30h/base_link.STL
[0.055s] -- Up-to-date: /home/michael/dobot_ws/src/install/dobot_rviz/share/dobot_rviz/meshes/cr30h/Link2.STL
[0.055s] -- Up-to-date: /home/michael/dobot_ws/src/install/dobot_rviz/share/dobot_rviz/meshes/cr30h/Link3.STL
[0.055s] -- Up-to-date: /home/michael/dobot_ws/src/install/dobot_rviz/share/dobot_rviz/meshes/cr30h/Link5.STL
[0.055s] -- Up-to-date: /home/michael/dobot_ws/src/install/dobot_rviz/share/dobot_rviz/meshes/cr30h/Link4.STL
[0.055s] -- Up-to-date: /home/michael/dobot_ws/src/install/dobot_rviz/share/dobot_rviz/meshes/cr10af
[0.055s] -- Up-to-date: /home/michael/dobot_ws/src/install/dobot_rviz/share/dobot_rviz/meshes/cr10af/J5.STL
[0.055s] -- Up-to-date: /home/michael/dobot_ws/src/install/dobot_rviz/share/dobot_rviz/meshes/cr10af/J2.STL
[0.055s] -- Up-to-date: /home/michael/dobot_ws/src/install/dobot_rviz/share/dobot_rviz/meshes/cr10af/base_link.STL
[0.055s] -- Up-to-date: /home/michael/dobot_ws/src/install/dobot_rviz/share/dobot_rviz/meshes/cr10af/J3.STL
[0.055s] -- Up-to-date: /home/michael/dobot_ws/src/install/dobot_rviz/share/dobot_rviz/meshes/cr10af/J6.STL
[0.055s] -- Up-to-date: /home/michael/dobot_ws/src/install/dobot_rviz/share/dobot_rviz/meshes/cr10af/J4.STL
[0.055s] -- Up-to-date: /home/michael/dobot_ws/src/install/dobot_rviz/share/dobot_rviz/meshes/cr10af/J1.STL
[0.055s] -- Up-to-date: /home/michael/dobot_ws/src/install/dobot_rviz/share/dobot_rviz/meshes/cr5
[0.055s] -- Up-to-date: /home/michael/dobot_ws/src/install/dobot_rviz/share/dobot_rviz/meshes/cr5/J5.STL
[0.055s] -- Up-to-date: /home/michael/dobot_ws/src/install/dobot_rviz/share/dobot_rviz/meshes/cr5/J2.STL
[0.055s] -- Up-to-date: /home/michael/dobot_ws/src/install/dobot_rviz/share/dobot_rviz/meshes/cr5/base_link.STL
[0.055s] -- Up-to-date: /home/michael/dobot_ws/src/install/dobot_rviz/share/dobot_rviz/meshes/cr5/J3.STL
[0.055s] -- Up-to-date: /home/michael/dobot_ws/src/install/dobot_rviz/share/dobot_rviz/meshes/cr5/J6.STL
[0.055s] -- Up-to-date: /home/michael/dobot_ws/src/install/dobot_rviz/share/dobot_rviz/meshes/cr5/J4.STL
[0.055s] -- Up-to-date: /home/michael/dobot_ws/src/install/dobot_rviz/share/dobot_rviz/meshes/cr5/J1.STL
[0.055s] -- Up-to-date: /home/michael/dobot_ws/src/install/dobot_rviz/share/dobot_rviz/meshes/cr7
[0.055s] -- Up-to-date: /home/michael/dobot_ws/src/install/dobot_rviz/share/dobot_rviz/meshes/cr7/J5.STL
[0.055s] -- Up-to-date: /home/michael/dobot_ws/src/install/dobot_rviz/share/dobot_rviz/meshes/cr7/J2.STL
[0.055s] -- Up-to-date: /home/michael/dobot_ws/src/install/dobot_rviz/share/dobot_rviz/meshes/cr7/J3.STL
[0.055s] -- Up-to-date: /home/michael/dobot_ws/src/install/dobot_rviz/share/dobot_rviz/meshes/cr7/J6.STL
[0.055s] -- Up-to-date: /home/michael/dobot_ws/src/install/dobot_rviz/share/dobot_rviz/meshes/cr7/J4.STL
[0.055s] -- Up-to-date: /home/michael/dobot_ws/src/install/dobot_rviz/share/dobot_rviz/meshes/cr7/J1.STL
[0.056s] -- Up-to-date: /home/michael/dobot_ws/src/install/dobot_rviz/share/dobot_rviz/meshes/cr7/base_link0.STL
[0.056s] -- Up-to-date: /home/michael/dobot_ws/src/install/dobot_rviz/share/dobot_rviz/meshes/nova5
[0.056s] -- Up-to-date: /home/michael/dobot_ws/src/install/dobot_rviz/share/dobot_rviz/meshes/nova5/Link1.STL
[0.056s] -- Up-to-date: /home/michael/dobot_ws/src/install/dobot_rviz/share/dobot_rviz/meshes/nova5/Link6.STL
[0.056s] -- Up-to-date: /home/michael/dobot_ws/src/install/dobot_rviz/share/dobot_rviz/meshes/nova5/base_link.STL
[0.056s] -- Up-to-date: /home/michael/dobot_ws/src/install/dobot_rviz/share/dobot_rviz/meshes/nova5/Link2.STL
[0.056s] -- Up-to-date: /home/michael/dobot_ws/src/install/dobot_rviz/share/dobot_rviz/meshes/nova5/Link3.STL
[0.056s] -- Up-to-date: /home/michael/dobot_ws/src/install/dobot_rviz/share/dobot_rviz/meshes/nova5/Link5.STL
[0.057s] -- Up-to-date: /home/michael/dobot_ws/src/install/dobot_rviz/share/dobot_rviz/meshes/nova5/Link4.STL
[0.057s] -- Up-to-date: /home/michael/dobot_ws/src/install/dobot_rviz/share/dobot_rviz/meshes/cr10
[0.057s] -- Up-to-date: /home/michael/dobot_ws/src/install/dobot_rviz/share/dobot_rviz/meshes/cr10/Link1.STL
[0.057s] -- Up-to-date: /home/michael/dobot_ws/src/install/dobot_rviz/share/dobot_rviz/meshes/cr10/Link6.STL
[0.057s] -- Up-to-date: /home/michael/dobot_ws/src/install/dobot_rviz/share/dobot_rviz/meshes/cr10/base_link.STL
[0.057s] -- Up-to-date: /home/michael/dobot_ws/src/install/dobot_rviz/share/dobot_rviz/meshes/cr10/Link2.STL
[0.057s] -- Up-to-date: /home/michael/dobot_ws/src/install/dobot_rviz/share/dobot_rviz/meshes/cr10/Link3.STL
[0.057s] -- Up-to-date: /home/michael/dobot_ws/src/install/dobot_rviz/share/dobot_rviz/meshes/cr10/Link5.STL
[0.057s] -- Up-to-date: /home/michael/dobot_ws/src/install/dobot_rviz/share/dobot_rviz/meshes/cr10/Link4.STL
[0.057s] -- Up-to-date: /home/michael/dobot_ws/src/install/dobot_rviz/share/dobot_rviz/meshes/cr16
[0.057s] -- Up-to-date: /home/michael/dobot_ws/src/install/dobot_rviz/share/dobot_rviz/meshes/cr16/Link1.STL
[0.057s] -- Up-to-date: /home/michael/dobot_ws/src/install/dobot_rviz/share/dobot_rviz/meshes/cr16/Link6.STL
[0.057s] -- Up-to-date: /home/michael/dobot_ws/src/install/dobot_rviz/share/dobot_rviz/meshes/cr16/base_link.STL
[0.057s] -- Up-to-date: /home/michael/dobot_ws/src/install/dobot_rviz/share/dobot_rviz/meshes/cr16/Link2.STL
[0.057s] -- Up-to-date: /home/michael/dobot_ws/src/install/dobot_rviz/share/dobot_rviz/meshes/cr16/Link3.STL
[0.057s] -- Up-to-date: /home/michael/dobot_ws/src/install/dobot_rviz/share/dobot_rviz/meshes/cr16/Link5.STL
[0.057s] -- Up-to-date: /home/michael/dobot_ws/src/install/dobot_rviz/share/dobot_rviz/meshes/cr16/Link4.STL
[0.057s] -- Up-to-date: /home/michael/dobot_ws/src/install/dobot_rviz/share/dobot_rviz/meshes/cr20
[0.057s] -- Up-to-date: /home/michael/dobot_ws/src/install/dobot_rviz/share/dobot_rviz/meshes/cr20/Link1.STL
[0.057s] -- Up-to-date: /home/michael/dobot_ws/src/install/dobot_rviz/share/dobot_rviz/meshes/cr20/Link6.STL
[0.057s] -- Up-to-date: /home/michael/dobot_ws/src/install/dobot_rviz/share/dobot_rviz/meshes/cr20/base_link.STL
[0.057s] -- Up-to-date: /home/michael/dobot_ws/src/install/dobot_rviz/share/dobot_rviz/meshes/cr20/Link2.STL
[0.057s] -- Up-to-date: /home/michael/dobot_ws/src/install/dobot_rviz/share/dobot_rviz/meshes/cr20/Link3.STL
[0.057s] -- Up-to-date: /home/michael/dobot_ws/src/install/dobot_rviz/share/dobot_rviz/meshes/cr20/Link5.STL
[0.057s] -- Up-to-date: /home/michael/dobot_ws/src/install/dobot_rviz/share/dobot_rviz/meshes/cr20/Link4.STL
[0.057s] -- Up-to-date: /home/michael/dobot_ws/src/install/dobot_rviz/share/dobot_rviz/meshes/cr3
[0.057s] -- Up-to-date: /home/michael/dobot_ws/src/install/dobot_rviz/share/dobot_rviz/meshes/cr3/J5.STL
[0.057s] -- Up-to-date: /home/michael/dobot_ws/src/install/dobot_rviz/share/dobot_rviz/meshes/cr3/J2.STL
[0.057s] -- Up-to-date: /home/michael/dobot_ws/src/install/dobot_rviz/share/dobot_rviz/meshes/cr3/base_link.STL
[0.057s] -- Up-to-date: /home/michael/dobot_ws/src/install/dobot_rviz/share/dobot_rviz/meshes/cr3/J3.STL
[0.057s] -- Up-to-date: /home/michael/dobot_ws/src/install/dobot_rviz/share/dobot_rviz/meshes/cr3/J6.STL
[0.057s] -- Up-to-date: /home/michael/dobot_ws/src/install/dobot_rviz/share/dobot_rviz/meshes/cr3/J4.STL
[0.057s] -- Up-to-date: /home/michael/dobot_ws/src/install/dobot_rviz/share/dobot_rviz/meshes/cr3/J1.STL
[0.057s] -- Up-to-date: /home/michael/dobot_ws/src/install/dobot_rviz/share/dobot_rviz/meshes/cr12
[0.057s] -- Up-to-date: /home/michael/dobot_ws/src/install/dobot_rviz/share/dobot_rviz/meshes/cr12/J5.STL
[0.057s] -- Up-to-date: /home/michael/dobot_ws/src/install/dobot_rviz/share/dobot_rviz/meshes/cr12/J2.STL
[0.058s] -- Up-to-date: /home/michael/dobot_ws/src/install/dobot_rviz/share/dobot_rviz/meshes/cr12/J3.STL
[0.058s] -- Up-to-date: /home/michael/dobot_ws/src/install/dobot_rviz/share/dobot_rviz/meshes/cr12/J6.STL
[0.058s] -- Up-to-date: /home/michael/dobot_ws/src/install/dobot_rviz/share/dobot_rviz/meshes/cr12/J4.STL
[0.058s] -- Up-to-date: /home/michael/dobot_ws/src/install/dobot_rviz/share/dobot_rviz/meshes/cr12/J1.STL
[0.058s] -- Up-to-date: /home/michael/dobot_ws/src/install/dobot_rviz/share/dobot_rviz/meshes/cr12/base_link0.STL
[0.058s] -- Up-to-date: /home/michael/dobot_ws/src/install/dobot_rviz/share/dobot_rviz/meshes/me6
[0.058s] -- Up-to-date: /home/michael/dobot_ws/src/install/dobot_rviz/share/dobot_rviz/meshes/me6/Link1.STL
[0.058s] -- Up-to-date: /home/michael/dobot_ws/src/install/dobot_rviz/share/dobot_rviz/meshes/me6/Link6.STL
[0.058s] -- Up-to-date: /home/michael/dobot_ws/src/install/dobot_rviz/share/dobot_rviz/meshes/me6/base_link.STL
[0.058s] -- Up-to-date: /home/michael/dobot_ws/src/install/dobot_rviz/share/dobot_rviz/meshes/me6/Link2.STL
[0.058s] -- Up-to-date: /home/michael/dobot_ws/src/install/dobot_rviz/share/dobot_rviz/meshes/me6/Link3.STL
[0.058s] -- Up-to-date: /home/michael/dobot_ws/src/install/dobot_rviz/share/dobot_rviz/meshes/me6/Link5.STL
[0.058s] -- Up-to-date: /home/michael/dobot_ws/src/install/dobot_rviz/share/dobot_rviz/meshes/me6/Link4.STL
[0.058s] -- Up-to-date: /home/michael/dobot_ws/src/install/dobot_rviz/share/ament_index/resource_index/package_run_dependencies/dobot_rviz
[0.058s] -- Up-to-date: /home/michael/dobot_ws/src/install/dobot_rviz/share/ament_index/resource_index/parent_prefix_path/dobot_rviz
[0.058s] -- Up-to-date: /home/michael/dobot_ws/src/install/dobot_rviz/share/dobot_rviz/environment/ament_prefix_path.sh
[0.058s] -- Up-to-date: /home/michael/dobot_ws/src/install/dobot_rviz/share/dobot_rviz/environment/ament_prefix_path.dsv
[0.058s] -- Up-to-date: /home/michael/dobot_ws/src/install/dobot_rviz/share/dobot_rviz/environment/path.sh
[0.058s] -- Up-to-date: /home/michael/dobot_ws/src/install/dobot_rviz/share/dobot_rviz/environment/path.dsv
[0.058s] -- Up-to-date: /home/michael/dobot_ws/src/install/dobot_rviz/share/dobot_rviz/local_setup.bash
[0.058s] -- Up-to-date: /home/michael/dobot_ws/src/install/dobot_rviz/share/dobot_rviz/local_setup.sh
[0.058s] -- Up-to-date: /home/michael/dobot_ws/src/install/dobot_rviz/share/dobot_rviz/local_setup.zsh
[0.058s] -- Up-to-date: /home/michael/dobot_ws/src/install/dobot_rviz/share/dobot_rviz/local_setup.dsv
[0.058s] -- Up-to-date: /home/michael/dobot_ws/src/install/dobot_rviz/share/dobot_rviz/package.dsv
[0.058s] -- Up-to-date: /home/michael/dobot_ws/src/install/dobot_rviz/share/ament_index/resource_index/packages/dobot_rviz
[0.058s] -- Up-to-date: /home/michael/dobot_ws/src/install/dobot_rviz/share/dobot_rviz/cmake/dobot_rvizConfig.cmake
[0.058s] -- Up-to-date: /home/michael/dobot_ws/src/install/dobot_rviz/share/dobot_rviz/cmake/dobot_rvizConfig-version.cmake
[0.058s] -- Up-to-date: /home/michael/dobot_ws/src/install/dobot_rviz/share/dobot_rviz/package.xml
[0.058s] Invoked command in '/home/michael/dobot_ws/src/build/dobot_rviz' returned '0': CMAKE_PREFIX_PATH=${CMAKE_PREFIX_PATH}:/home/michael/dobot_ws/install/servo_action:/home/michael/dobot_ws/install/dobot_moveit:/home/michael/dobot_ws/install/dobot_demo:/opt/ros/humble /usr/bin/cmake --install /home/michael/dobot_ws/src/build/dobot_rviz
