[0.007s] Invoking command in '/home/michael/dobot_ws/src/build/me6_moveit': AMENT_PREFIX_PATH=/home/michael/dobot_ws/src/install/dobot_rviz:${AMENT_PREFIX_PATH} CMAKE_PREFIX_PATH=/home/michael/dobot_ws/src/install/dobot_rviz:/home/michael/dobot_ws/install/nova5_moveit:/home/michael/dobot_ws/install/nova2_moveit:/home/michael/dobot_ws/install/me6_moveit:/home/michael/dobot_ws/install/cr7_moveit:/home/michael/dobot_ws/install/cr5_moveit:/home/michael/dobot_ws/install/cr3_moveit:/home/michael/dobot_ws/install/cr30h_moveit:/home/michael/dobot_ws/install/cr20_moveit:/home/michael/dobot_ws/install/cr16_moveit:/home/michael/dobot_ws/install/cr12_moveit:/home/michael/dobot_ws/install/cr10af_moveit:/home/michael/dobot_ws/install/cr10_moveit:/home/michael/dobot_ws/install/dobot_rviz:/home/michael/dobot_ws/install/cr_robot_ros2:/home/michael/dobot_ws/install/dobot_msgs_v4:/home/michael/dobot_ws/install/dobot_gazebo:/home/michael/dobot_ws/install/cra_description:/home/michael/dobot_ws/install/servo_action:/home/michael/dobot_ws/install/dobot_moveit:/home/michael/dobot_ws/install/dobot_demo:/opt/ros/humble /usr/bin/cmake /home/michael/dobot_ws/src/DOBOT_6Axis_ROS2_V4/me6_moveit -DCMAKE_INSTALL_PREFIX=/home/michael/dobot_ws/src/install/me6_moveit
[0.057s] -- The C compiler identification is GNU 11.4.0
[0.097s] -- The CXX compiler identification is GNU 11.4.0
[0.102s] -- Detecting C compiler ABI info
[0.161s] -- Detecting C compiler ABI info - done
[0.166s] -- Check for working C compiler: /usr/bin/cc - skipped
[0.167s] -- Detecting C compile features
[0.167s] -- Detecting C compile features - done
[0.169s] -- Detecting CXX compiler ABI info
[0.234s] -- Detecting CXX compiler ABI info - done
[0.239s] -- Check for working CXX compiler: /usr/bin/c++ - skipped
[0.239s] -- Detecting CXX compile features
[0.240s] -- Detecting CXX compile features - done
[0.242s] -- Found ament_cmake: 1.3.14 (/opt/ros/humble/share/ament_cmake/cmake)
[0.353s] -- Found Python3: /usr/bin/python3 (found version "3.10.12") found components: Interpreter 
[0.463s] -- Configuring done
[0.464s] -- Generating done
[0.469s] -- Build files have been written to: /home/michael/dobot_ws/src/build/me6_moveit
[0.472s] Invoked command in '/home/michael/dobot_ws/src/build/me6_moveit' returned '0': AMENT_PREFIX_PATH=/home/michael/dobot_ws/src/install/dobot_rviz:${AMENT_PREFIX_PATH} CMAKE_PREFIX_PATH=/home/michael/dobot_ws/src/install/dobot_rviz:/home/michael/dobot_ws/install/nova5_moveit:/home/michael/dobot_ws/install/nova2_moveit:/home/michael/dobot_ws/install/me6_moveit:/home/michael/dobot_ws/install/cr7_moveit:/home/michael/dobot_ws/install/cr5_moveit:/home/michael/dobot_ws/install/cr3_moveit:/home/michael/dobot_ws/install/cr30h_moveit:/home/michael/dobot_ws/install/cr20_moveit:/home/michael/dobot_ws/install/cr16_moveit:/home/michael/dobot_ws/install/cr12_moveit:/home/michael/dobot_ws/install/cr10af_moveit:/home/michael/dobot_ws/install/cr10_moveit:/home/michael/dobot_ws/install/dobot_rviz:/home/michael/dobot_ws/install/cr_robot_ros2:/home/michael/dobot_ws/install/dobot_msgs_v4:/home/michael/dobot_ws/install/dobot_gazebo:/home/michael/dobot_ws/install/cra_description:/home/michael/dobot_ws/install/servo_action:/home/michael/dobot_ws/install/dobot_moveit:/home/michael/dobot_ws/install/dobot_demo:/opt/ros/humble /usr/bin/cmake /home/michael/dobot_ws/src/DOBOT_6Axis_ROS2_V4/me6_moveit -DCMAKE_INSTALL_PREFIX=/home/michael/dobot_ws/src/install/me6_moveit
[0.473s] Invoking command in '/home/michael/dobot_ws/src/build/me6_moveit': AMENT_PREFIX_PATH=/home/michael/dobot_ws/src/install/dobot_rviz:${AMENT_PREFIX_PATH} CMAKE_PREFIX_PATH=/home/michael/dobot_ws/src/install/dobot_rviz:/home/michael/dobot_ws/install/nova5_moveit:/home/michael/dobot_ws/install/nova2_moveit:/home/michael/dobot_ws/install/me6_moveit:/home/michael/dobot_ws/install/cr7_moveit:/home/michael/dobot_ws/install/cr5_moveit:/home/michael/dobot_ws/install/cr3_moveit:/home/michael/dobot_ws/install/cr30h_moveit:/home/michael/dobot_ws/install/cr20_moveit:/home/michael/dobot_ws/install/cr16_moveit:/home/michael/dobot_ws/install/cr12_moveit:/home/michael/dobot_ws/install/cr10af_moveit:/home/michael/dobot_ws/install/cr10_moveit:/home/michael/dobot_ws/install/dobot_rviz:/home/michael/dobot_ws/install/cr_robot_ros2:/home/michael/dobot_ws/install/dobot_msgs_v4:/home/michael/dobot_ws/install/dobot_gazebo:/home/michael/dobot_ws/install/cra_description:/home/michael/dobot_ws/install/servo_action:/home/michael/dobot_ws/install/dobot_moveit:/home/michael/dobot_ws/install/dobot_demo:/opt/ros/humble /usr/bin/cmake --build /home/michael/dobot_ws/src/build/me6_moveit -- -j2 -l2
[0.515s] Invoked command in '/home/michael/dobot_ws/src/build/me6_moveit' returned '0': AMENT_PREFIX_PATH=/home/michael/dobot_ws/src/install/dobot_rviz:${AMENT_PREFIX_PATH} CMAKE_PREFIX_PATH=/home/michael/dobot_ws/src/install/dobot_rviz:/home/michael/dobot_ws/install/nova5_moveit:/home/michael/dobot_ws/install/nova2_moveit:/home/michael/dobot_ws/install/me6_moveit:/home/michael/dobot_ws/install/cr7_moveit:/home/michael/dobot_ws/install/cr5_moveit:/home/michael/dobot_ws/install/cr3_moveit:/home/michael/dobot_ws/install/cr30h_moveit:/home/michael/dobot_ws/install/cr20_moveit:/home/michael/dobot_ws/install/cr16_moveit:/home/michael/dobot_ws/install/cr12_moveit:/home/michael/dobot_ws/install/cr10af_moveit:/home/michael/dobot_ws/install/cr10_moveit:/home/michael/dobot_ws/install/dobot_rviz:/home/michael/dobot_ws/install/cr_robot_ros2:/home/michael/dobot_ws/install/dobot_msgs_v4:/home/michael/dobot_ws/install/dobot_gazebo:/home/michael/dobot_ws/install/cra_description:/home/michael/dobot_ws/install/servo_action:/home/michael/dobot_ws/install/dobot_moveit:/home/michael/dobot_ws/install/dobot_demo:/opt/ros/humble /usr/bin/cmake --build /home/michael/dobot_ws/src/build/me6_moveit -- -j2 -l2
[0.520s] Invoking command in '/home/michael/dobot_ws/src/build/me6_moveit': AMENT_PREFIX_PATH=/home/michael/dobot_ws/src/install/dobot_rviz:${AMENT_PREFIX_PATH} CMAKE_PREFIX_PATH=/home/michael/dobot_ws/src/install/dobot_rviz:/home/michael/dobot_ws/install/nova5_moveit:/home/michael/dobot_ws/install/nova2_moveit:/home/michael/dobot_ws/install/me6_moveit:/home/michael/dobot_ws/install/cr7_moveit:/home/michael/dobot_ws/install/cr5_moveit:/home/michael/dobot_ws/install/cr3_moveit:/home/michael/dobot_ws/install/cr30h_moveit:/home/michael/dobot_ws/install/cr20_moveit:/home/michael/dobot_ws/install/cr16_moveit:/home/michael/dobot_ws/install/cr12_moveit:/home/michael/dobot_ws/install/cr10af_moveit:/home/michael/dobot_ws/install/cr10_moveit:/home/michael/dobot_ws/install/dobot_rviz:/home/michael/dobot_ws/install/cr_robot_ros2:/home/michael/dobot_ws/install/dobot_msgs_v4:/home/michael/dobot_ws/install/dobot_gazebo:/home/michael/dobot_ws/install/cra_description:/home/michael/dobot_ws/install/servo_action:/home/michael/dobot_ws/install/dobot_moveit:/home/michael/dobot_ws/install/dobot_demo:/opt/ros/humble /usr/bin/cmake --install /home/michael/dobot_ws/src/build/me6_moveit
[0.529s] -- Install configuration: ""
[0.529s] -- Installing: /home/michael/dobot_ws/src/install/me6_moveit/share/ament_index/resource_index/package_run_dependencies/me6_moveit
[0.530s] -- Installing: /home/michael/dobot_ws/src/install/me6_moveit/share/ament_index/resource_index/parent_prefix_path/me6_moveit
[0.530s] -- Installing: /home/michael/dobot_ws/src/install/me6_moveit/share/me6_moveit/environment/ament_prefix_path.sh
[0.530s] -- Installing: /home/michael/dobot_ws/src/install/me6_moveit/share/me6_moveit/environment/ament_prefix_path.dsv
[0.530s] -- Installing: /home/michael/dobot_ws/src/install/me6_moveit/share/me6_moveit/environment/path.sh
[0.532s] -- Installing: /home/michael/dobot_ws/src/install/me6_moveit/share/me6_moveit/environment/path.dsv
[0.535s] -- Installing: /home/michael/dobot_ws/src/install/me6_moveit/share/me6_moveit/local_setup.bash
[0.535s] -- Installing: /home/michael/dobot_ws/src/install/me6_moveit/share/me6_moveit/local_setup.sh
[0.535s] -- Installing: /home/michael/dobot_ws/src/install/me6_moveit/share/me6_moveit/local_setup.zsh
[0.535s] -- Installing: /home/michael/dobot_ws/src/install/me6_moveit/share/me6_moveit/local_setup.dsv
[0.535s] -- Installing: /home/michael/dobot_ws/src/install/me6_moveit/share/me6_moveit/package.dsv
[0.535s] -- Installing: /home/michael/dobot_ws/src/install/me6_moveit/share/ament_index/resource_index/packages/me6_moveit
[0.535s] -- Installing: /home/michael/dobot_ws/src/install/me6_moveit/share/me6_moveit/cmake/me6_moveitConfig.cmake
[0.535s] -- Installing: /home/michael/dobot_ws/src/install/me6_moveit/share/me6_moveit/cmake/me6_moveitConfig-version.cmake
[0.536s] -- Installing: /home/michael/dobot_ws/src/install/me6_moveit/share/me6_moveit/package.xml
[0.536s] -- Installing: /home/michael/dobot_ws/src/install/me6_moveit/share/me6_moveit/launch
[0.537s] -- Installing: /home/michael/dobot_ws/src/install/me6_moveit/share/me6_moveit/launch/spawn_controllers.launch.py
[0.548s] -- Installing: /home/michael/dobot_ws/src/install/me6_moveit/share/me6_moveit/launch/warehouse_db.launch.py
[0.549s] -- Installing: /home/michael/dobot_ws/src/install/me6_moveit/share/me6_moveit/launch/setup_assistant.launch.py
[0.549s] -- Installing: /home/michael/dobot_ws/src/install/me6_moveit/share/me6_moveit/launch/moveit_rviz.launch.py
[0.551s] -- Installing: /home/michael/dobot_ws/src/install/me6_moveit/share/me6_moveit/launch/moveit_gazebo.launch.py
[0.551s] -- Installing: /home/michael/dobot_ws/src/install/me6_moveit/share/me6_moveit/launch/move_group.launch.py
[0.551s] -- Installing: /home/michael/dobot_ws/src/install/me6_moveit/share/me6_moveit/launch/demo.launch.py
[0.553s] -- Installing: /home/michael/dobot_ws/src/install/me6_moveit/share/me6_moveit/launch/rsp.launch.py
[0.553s] -- Installing: /home/michael/dobot_ws/src/install/me6_moveit/share/me6_moveit/launch/static_virtual_joint_tfs.launch.py
[0.554s] -- Installing: /home/michael/dobot_ws/src/install/me6_moveit/share/me6_moveit/launch/dobot_moveit.launch.py
[0.555s] -- Installing: /home/michael/dobot_ws/src/install/me6_moveit/share/me6_moveit/config
[0.555s] -- Installing: /home/michael/dobot_ws/src/install/me6_moveit/share/me6_moveit/config/me6_robot.srdf
[0.556s] -- Installing: /home/michael/dobot_ws/src/install/me6_moveit/share/me6_moveit/config/initial_positions.yaml
[0.557s] -- Installing: /home/michael/dobot_ws/src/install/me6_moveit/share/me6_moveit/config/me6_robot.urdf.xacro
[0.557s] -- Installing: /home/michael/dobot_ws/src/install/me6_moveit/share/me6_moveit/config/me6_robot.ros2_control.xacro
[0.558s] -- Installing: /home/michael/dobot_ws/src/install/me6_moveit/share/me6_moveit/config/joint_limits.yaml
[0.558s] -- Installing: /home/michael/dobot_ws/src/install/me6_moveit/share/me6_moveit/config/moveit.rviz
[0.559s] -- Installing: /home/michael/dobot_ws/src/install/me6_moveit/share/me6_moveit/config/ros2_controllers.yaml
[0.559s] -- Installing: /home/michael/dobot_ws/src/install/me6_moveit/share/me6_moveit/config/moveit_controllers.yaml
[0.560s] -- Installing: /home/michael/dobot_ws/src/install/me6_moveit/share/me6_moveit/config/kinematics.yaml
[0.560s] -- Installing: /home/michael/dobot_ws/src/install/me6_moveit/share/me6_moveit/config/pilz_cartesian_limits.yaml
[0.560s] -- Installing: /home/michael/dobot_ws/src/install/me6_moveit/share/me6_moveit/.setup_assistant
[0.569s] Invoked command in '/home/michael/dobot_ws/src/build/me6_moveit' returned '0': AMENT_PREFIX_PATH=/home/michael/dobot_ws/src/install/dobot_rviz:${AMENT_PREFIX_PATH} CMAKE_PREFIX_PATH=/home/michael/dobot_ws/src/install/dobot_rviz:/home/michael/dobot_ws/install/nova5_moveit:/home/michael/dobot_ws/install/nova2_moveit:/home/michael/dobot_ws/install/me6_moveit:/home/michael/dobot_ws/install/cr7_moveit:/home/michael/dobot_ws/install/cr5_moveit:/home/michael/dobot_ws/install/cr3_moveit:/home/michael/dobot_ws/install/cr30h_moveit:/home/michael/dobot_ws/install/cr20_moveit:/home/michael/dobot_ws/install/cr16_moveit:/home/michael/dobot_ws/install/cr12_moveit:/home/michael/dobot_ws/install/cr10af_moveit:/home/michael/dobot_ws/install/cr10_moveit:/home/michael/dobot_ws/install/dobot_rviz:/home/michael/dobot_ws/install/cr_robot_ros2:/home/michael/dobot_ws/install/dobot_msgs_v4:/home/michael/dobot_ws/install/dobot_gazebo:/home/michael/dobot_ws/install/cra_description:/home/michael/dobot_ws/install/servo_action:/home/michael/dobot_ws/install/dobot_moveit:/home/michael/dobot_ws/install/dobot_demo:/opt/ros/humble /usr/bin/cmake --install /home/michael/dobot_ws/src/build/me6_moveit
