[0.016s] Invoking command in '/home/michael/dobot_ws/src/build/cr30h_moveit': AMENT_PREFIX_PATH=/home/michael/dobot_ws/src/install/dobot_rviz:${AMENT_PREFIX_PATH} CMAKE_PREFIX_PATH=/home/michael/dobot_ws/src/install/dobot_rviz:/home/michael/dobot_ws/install/nova5_moveit:/home/michael/dobot_ws/install/nova2_moveit:/home/michael/dobot_ws/install/me6_moveit:/home/michael/dobot_ws/install/cr7_moveit:/home/michael/dobot_ws/install/cr5_moveit:/home/michael/dobot_ws/install/cr3_moveit:/home/michael/dobot_ws/install/cr30h_moveit:/home/michael/dobot_ws/install/cr20_moveit:/home/michael/dobot_ws/install/cr16_moveit:/home/michael/dobot_ws/install/cr12_moveit:/home/michael/dobot_ws/install/cr10af_moveit:/home/michael/dobot_ws/install/cr10_moveit:/home/michael/dobot_ws/install/dobot_rviz:/home/michael/dobot_ws/install/cr_robot_ros2:/home/michael/dobot_ws/install/dobot_msgs_v4:/home/michael/dobot_ws/install/dobot_gazebo:/home/michael/dobot_ws/install/cra_description:/home/michael/dobot_ws/install/servo_action:/home/michael/dobot_ws/install/dobot_moveit:/home/michael/dobot_ws/install/dobot_demo:/opt/ros/humble /usr/bin/cmake /home/michael/dobot_ws/src/DOBOT_6Axis_ROS2_V4/cr30h_moveit -DCMAKE_INSTALL_PREFIX=/home/michael/dobot_ws/src/install/cr30h_moveit
[0.098s] -- The C compiler identification is GNU 11.4.0
[0.182s] -- The CXX compiler identification is GNU 11.4.0
[0.192s] -- Detecting C compiler ABI info
[0.307s] -- Detecting C compiler ABI info - done
[0.315s] -- Check for working C compiler: /usr/bin/cc - skipped
[0.315s] -- Detecting C compile features
[0.315s] -- Detecting C compile features - done
[0.322s] -- Detecting CXX compiler ABI info
[0.457s] -- Detecting CXX compiler ABI info - done
[0.463s] -- Check for working CXX compiler: /usr/bin/c++ - skipped
[0.464s] -- Detecting CXX compile features
[0.464s] -- Detecting CXX compile features - done
[0.469s] -- Found ament_cmake: 1.3.14 (/opt/ros/humble/share/ament_cmake/cmake)
[0.684s] -- Found Python3: /usr/bin/python3 (found version "3.10.12") found components: Interpreter 
[0.942s] -- Configuring done
[0.945s] -- Generating done
[0.951s] -- Build files have been written to: /home/michael/dobot_ws/src/build/cr30h_moveit
[0.959s] Invoked command in '/home/michael/dobot_ws/src/build/cr30h_moveit' returned '0': AMENT_PREFIX_PATH=/home/michael/dobot_ws/src/install/dobot_rviz:${AMENT_PREFIX_PATH} CMAKE_PREFIX_PATH=/home/michael/dobot_ws/src/install/dobot_rviz:/home/michael/dobot_ws/install/nova5_moveit:/home/michael/dobot_ws/install/nova2_moveit:/home/michael/dobot_ws/install/me6_moveit:/home/michael/dobot_ws/install/cr7_moveit:/home/michael/dobot_ws/install/cr5_moveit:/home/michael/dobot_ws/install/cr3_moveit:/home/michael/dobot_ws/install/cr30h_moveit:/home/michael/dobot_ws/install/cr20_moveit:/home/michael/dobot_ws/install/cr16_moveit:/home/michael/dobot_ws/install/cr12_moveit:/home/michael/dobot_ws/install/cr10af_moveit:/home/michael/dobot_ws/install/cr10_moveit:/home/michael/dobot_ws/install/dobot_rviz:/home/michael/dobot_ws/install/cr_robot_ros2:/home/michael/dobot_ws/install/dobot_msgs_v4:/home/michael/dobot_ws/install/dobot_gazebo:/home/michael/dobot_ws/install/cra_description:/home/michael/dobot_ws/install/servo_action:/home/michael/dobot_ws/install/dobot_moveit:/home/michael/dobot_ws/install/dobot_demo:/opt/ros/humble /usr/bin/cmake /home/michael/dobot_ws/src/DOBOT_6Axis_ROS2_V4/cr30h_moveit -DCMAKE_INSTALL_PREFIX=/home/michael/dobot_ws/src/install/cr30h_moveit
[0.959s] Invoking command in '/home/michael/dobot_ws/src/build/cr30h_moveit': AMENT_PREFIX_PATH=/home/michael/dobot_ws/src/install/dobot_rviz:${AMENT_PREFIX_PATH} CMAKE_PREFIX_PATH=/home/michael/dobot_ws/src/install/dobot_rviz:/home/michael/dobot_ws/install/nova5_moveit:/home/michael/dobot_ws/install/nova2_moveit:/home/michael/dobot_ws/install/me6_moveit:/home/michael/dobot_ws/install/cr7_moveit:/home/michael/dobot_ws/install/cr5_moveit:/home/michael/dobot_ws/install/cr3_moveit:/home/michael/dobot_ws/install/cr30h_moveit:/home/michael/dobot_ws/install/cr20_moveit:/home/michael/dobot_ws/install/cr16_moveit:/home/michael/dobot_ws/install/cr12_moveit:/home/michael/dobot_ws/install/cr10af_moveit:/home/michael/dobot_ws/install/cr10_moveit:/home/michael/dobot_ws/install/dobot_rviz:/home/michael/dobot_ws/install/cr_robot_ros2:/home/michael/dobot_ws/install/dobot_msgs_v4:/home/michael/dobot_ws/install/dobot_gazebo:/home/michael/dobot_ws/install/cra_description:/home/michael/dobot_ws/install/servo_action:/home/michael/dobot_ws/install/dobot_moveit:/home/michael/dobot_ws/install/dobot_demo:/opt/ros/humble /usr/bin/cmake --build /home/michael/dobot_ws/src/build/cr30h_moveit -- -j2 -l2
[1.021s] Invoked command in '/home/michael/dobot_ws/src/build/cr30h_moveit' returned '0': AMENT_PREFIX_PATH=/home/michael/dobot_ws/src/install/dobot_rviz:${AMENT_PREFIX_PATH} CMAKE_PREFIX_PATH=/home/michael/dobot_ws/src/install/dobot_rviz:/home/michael/dobot_ws/install/nova5_moveit:/home/michael/dobot_ws/install/nova2_moveit:/home/michael/dobot_ws/install/me6_moveit:/home/michael/dobot_ws/install/cr7_moveit:/home/michael/dobot_ws/install/cr5_moveit:/home/michael/dobot_ws/install/cr3_moveit:/home/michael/dobot_ws/install/cr30h_moveit:/home/michael/dobot_ws/install/cr20_moveit:/home/michael/dobot_ws/install/cr16_moveit:/home/michael/dobot_ws/install/cr12_moveit:/home/michael/dobot_ws/install/cr10af_moveit:/home/michael/dobot_ws/install/cr10_moveit:/home/michael/dobot_ws/install/dobot_rviz:/home/michael/dobot_ws/install/cr_robot_ros2:/home/michael/dobot_ws/install/dobot_msgs_v4:/home/michael/dobot_ws/install/dobot_gazebo:/home/michael/dobot_ws/install/cra_description:/home/michael/dobot_ws/install/servo_action:/home/michael/dobot_ws/install/dobot_moveit:/home/michael/dobot_ws/install/dobot_demo:/opt/ros/humble /usr/bin/cmake --build /home/michael/dobot_ws/src/build/cr30h_moveit -- -j2 -l2
[1.021s] Invoking command in '/home/michael/dobot_ws/src/build/cr30h_moveit': AMENT_PREFIX_PATH=/home/michael/dobot_ws/src/install/dobot_rviz:${AMENT_PREFIX_PATH} CMAKE_PREFIX_PATH=/home/michael/dobot_ws/src/install/dobot_rviz:/home/michael/dobot_ws/install/nova5_moveit:/home/michael/dobot_ws/install/nova2_moveit:/home/michael/dobot_ws/install/me6_moveit:/home/michael/dobot_ws/install/cr7_moveit:/home/michael/dobot_ws/install/cr5_moveit:/home/michael/dobot_ws/install/cr3_moveit:/home/michael/dobot_ws/install/cr30h_moveit:/home/michael/dobot_ws/install/cr20_moveit:/home/michael/dobot_ws/install/cr16_moveit:/home/michael/dobot_ws/install/cr12_moveit:/home/michael/dobot_ws/install/cr10af_moveit:/home/michael/dobot_ws/install/cr10_moveit:/home/michael/dobot_ws/install/dobot_rviz:/home/michael/dobot_ws/install/cr_robot_ros2:/home/michael/dobot_ws/install/dobot_msgs_v4:/home/michael/dobot_ws/install/dobot_gazebo:/home/michael/dobot_ws/install/cra_description:/home/michael/dobot_ws/install/servo_action:/home/michael/dobot_ws/install/dobot_moveit:/home/michael/dobot_ws/install/dobot_demo:/opt/ros/humble /usr/bin/cmake --install /home/michael/dobot_ws/src/build/cr30h_moveit
[1.035s] -- Install configuration: ""
[1.036s] -- Installing: /home/michael/dobot_ws/src/install/cr30h_moveit/share/ament_index/resource_index/package_run_dependencies/cr30h_moveit
[1.036s] -- Installing: /home/michael/dobot_ws/src/install/cr30h_moveit/share/ament_index/resource_index/parent_prefix_path/cr30h_moveit
[1.036s] -- Installing: /home/michael/dobot_ws/src/install/cr30h_moveit/share/cr30h_moveit/environment/ament_prefix_path.sh
[1.036s] -- Installing: /home/michael/dobot_ws/src/install/cr30h_moveit/share/cr30h_moveit/environment/ament_prefix_path.dsv
[1.036s] -- Installing: /home/michael/dobot_ws/src/install/cr30h_moveit/share/cr30h_moveit/environment/path.sh
[1.038s] -- Installing: /home/michael/dobot_ws/src/install/cr30h_moveit/share/cr30h_moveit/environment/path.dsv
[1.038s] -- Installing: /home/michael/dobot_ws/src/install/cr30h_moveit/share/cr30h_moveit/local_setup.bash
[1.038s] -- Installing: /home/michael/dobot_ws/src/install/cr30h_moveit/share/cr30h_moveit/local_setup.sh
[1.038s] -- Installing: /home/michael/dobot_ws/src/install/cr30h_moveit/share/cr30h_moveit/local_setup.zsh
[1.038s] -- Installing: /home/michael/dobot_ws/src/install/cr30h_moveit/share/cr30h_moveit/local_setup.dsv
[1.038s] -- Installing: /home/michael/dobot_ws/src/install/cr30h_moveit/share/cr30h_moveit/package.dsv
[1.038s] -- Installing: /home/michael/dobot_ws/src/install/cr30h_moveit/share/ament_index/resource_index/packages/cr30h_moveit
[1.038s] -- Installing: /home/michael/dobot_ws/src/install/cr30h_moveit/share/cr30h_moveit/cmake/cr30h_moveitConfig.cmake
[1.038s] -- Installing: /home/michael/dobot_ws/src/install/cr30h_moveit/share/cr30h_moveit/cmake/cr30h_moveitConfig-version.cmake
[1.038s] -- Installing: /home/michael/dobot_ws/src/install/cr30h_moveit/share/cr30h_moveit/package.xml
[1.038s] -- Installing: /home/michael/dobot_ws/src/install/cr30h_moveit/share/cr30h_moveit/launch
[1.039s] -- Installing: /home/michael/dobot_ws/src/install/cr30h_moveit/share/cr30h_moveit/launch/spawn_controllers.launch.py
[1.051s] -- Installing: /home/michael/dobot_ws/src/install/cr30h_moveit/share/cr30h_moveit/launch/warehouse_db.launch.py
[1.051s] -- Installing: /home/michael/dobot_ws/src/install/cr30h_moveit/share/cr30h_moveit/launch/setup_assistant.launch.py
[1.053s] -- Installing: /home/michael/dobot_ws/src/install/cr30h_moveit/share/cr30h_moveit/launch/moveit_rviz.launch.py
[1.053s] -- Installing: /home/michael/dobot_ws/src/install/cr30h_moveit/share/cr30h_moveit/launch/moveit_gazebo.launch.py
[1.053s] -- Installing: /home/michael/dobot_ws/src/install/cr30h_moveit/share/cr30h_moveit/launch/move_group.launch.py
[1.053s] -- Installing: /home/michael/dobot_ws/src/install/cr30h_moveit/share/cr30h_moveit/launch/demo.launch.py
[1.054s] -- Installing: /home/michael/dobot_ws/src/install/cr30h_moveit/share/cr30h_moveit/launch/rsp.launch.py
[1.054s] -- Installing: /home/michael/dobot_ws/src/install/cr30h_moveit/share/cr30h_moveit/launch/static_virtual_joint_tfs.launch.py
[1.056s] -- Installing: /home/michael/dobot_ws/src/install/cr30h_moveit/share/cr30h_moveit/launch/dobot_moveit.launch.py
[1.056s] -- Installing: /home/michael/dobot_ws/src/install/cr30h_moveit/share/cr30h_moveit/config
[1.056s] -- Installing: /home/michael/dobot_ws/src/install/cr30h_moveit/share/cr30h_moveit/config/initial_positions.yaml
[1.056s] -- Installing: /home/michael/dobot_ws/src/install/cr30h_moveit/share/cr30h_moveit/config/cr30h_robot.urdf.xacro
[1.057s] -- Installing: /home/michael/dobot_ws/src/install/cr30h_moveit/share/cr30h_moveit/config/cr30h_robot.ros2_control.xacro
[1.057s] -- Installing: /home/michael/dobot_ws/src/install/cr30h_moveit/share/cr30h_moveit/config/joint_limits.yaml
[1.058s] -- Installing: /home/michael/dobot_ws/src/install/cr30h_moveit/share/cr30h_moveit/config/moveit.rviz
[1.058s] -- Installing: /home/michael/dobot_ws/src/install/cr30h_moveit/share/cr30h_moveit/config/ros2_controllers.yaml
[1.061s] -- Installing: /home/michael/dobot_ws/src/install/cr30h_moveit/share/cr30h_moveit/config/moveit_controllers.yaml
[1.061s] -- Installing: /home/michael/dobot_ws/src/install/cr30h_moveit/share/cr30h_moveit/config/kinematics.yaml
[1.061s] -- Installing: /home/michael/dobot_ws/src/install/cr30h_moveit/share/cr30h_moveit/config/cr30h_robot.srdf
[1.061s] -- Installing: /home/michael/dobot_ws/src/install/cr30h_moveit/share/cr30h_moveit/config/pilz_cartesian_limits.yaml
[1.061s] -- Installing: /home/michael/dobot_ws/src/install/cr30h_moveit/share/cr30h_moveit/.setup_assistant
[1.066s] Invoked command in '/home/michael/dobot_ws/src/build/cr30h_moveit' returned '0': AMENT_PREFIX_PATH=/home/michael/dobot_ws/src/install/dobot_rviz:${AMENT_PREFIX_PATH} CMAKE_PREFIX_PATH=/home/michael/dobot_ws/src/install/dobot_rviz:/home/michael/dobot_ws/install/nova5_moveit:/home/michael/dobot_ws/install/nova2_moveit:/home/michael/dobot_ws/install/me6_moveit:/home/michael/dobot_ws/install/cr7_moveit:/home/michael/dobot_ws/install/cr5_moveit:/home/michael/dobot_ws/install/cr3_moveit:/home/michael/dobot_ws/install/cr30h_moveit:/home/michael/dobot_ws/install/cr20_moveit:/home/michael/dobot_ws/install/cr16_moveit:/home/michael/dobot_ws/install/cr12_moveit:/home/michael/dobot_ws/install/cr10af_moveit:/home/michael/dobot_ws/install/cr10_moveit:/home/michael/dobot_ws/install/dobot_rviz:/home/michael/dobot_ws/install/cr_robot_ros2:/home/michael/dobot_ws/install/dobot_msgs_v4:/home/michael/dobot_ws/install/dobot_gazebo:/home/michael/dobot_ws/install/cra_description:/home/michael/dobot_ws/install/servo_action:/home/michael/dobot_ws/install/dobot_moveit:/home/michael/dobot_ws/install/dobot_demo:/opt/ros/humble /usr/bin/cmake --install /home/michael/dobot_ws/src/build/cr30h_moveit
