[0.010s] Invoking command in '/home/michael/dobot_ws/src/build/dobot_gazebo': AMENT_PREFIX_PATH=/home/michael/dobot_ws/src/install/cra_description:${AMENT_PREFIX_PATH} CMAKE_PREFIX_PATH=/home/michael/dobot_ws/src/install/cra_description:/home/michael/dobot_ws/install/nova5_moveit:/home/michael/dobot_ws/install/nova2_moveit:/home/michael/dobot_ws/install/me6_moveit:/home/michael/dobot_ws/install/cr7_moveit:/home/michael/dobot_ws/install/cr5_moveit:/home/michael/dobot_ws/install/cr3_moveit:/home/michael/dobot_ws/install/cr30h_moveit:/home/michael/dobot_ws/install/cr20_moveit:/home/michael/dobot_ws/install/cr16_moveit:/home/michael/dobot_ws/install/cr12_moveit:/home/michael/dobot_ws/install/cr10af_moveit:/home/michael/dobot_ws/install/cr10_moveit:/home/michael/dobot_ws/install/dobot_rviz:/home/michael/dobot_ws/install/cr_robot_ros2:/home/michael/dobot_ws/install/dobot_msgs_v4:/home/michael/dobot_ws/install/dobot_gazebo:/home/michael/dobot_ws/install/cra_description:/home/michael/dobot_ws/install/servo_action:/home/michael/dobot_ws/install/dobot_moveit:/home/michael/dobot_ws/install/dobot_demo:/opt/ros/humble /usr/bin/cmake --build /home/michael/dobot_ws/src/build/dobot_gazebo -- -j2 -l2
[0.056s] Invoked command in '/home/michael/dobot_ws/src/build/dobot_gazebo' returned '0': AMENT_PREFIX_PATH=/home/michael/dobot_ws/src/install/cra_description:${AMENT_PREFIX_PATH} CMAKE_PREFIX_PATH=/home/michael/dobot_ws/src/install/cra_description:/home/michael/dobot_ws/install/nova5_moveit:/home/michael/dobot_ws/install/nova2_moveit:/home/michael/dobot_ws/install/me6_moveit:/home/michael/dobot_ws/install/cr7_moveit:/home/michael/dobot_ws/install/cr5_moveit:/home/michael/dobot_ws/install/cr3_moveit:/home/michael/dobot_ws/install/cr30h_moveit:/home/michael/dobot_ws/install/cr20_moveit:/home/michael/dobot_ws/install/cr16_moveit:/home/michael/dobot_ws/install/cr12_moveit:/home/michael/dobot_ws/install/cr10af_moveit:/home/michael/dobot_ws/install/cr10_moveit:/home/michael/dobot_ws/install/dobot_rviz:/home/michael/dobot_ws/install/cr_robot_ros2:/home/michael/dobot_ws/install/dobot_msgs_v4:/home/michael/dobot_ws/install/dobot_gazebo:/home/michael/dobot_ws/install/cra_description:/home/michael/dobot_ws/install/servo_action:/home/michael/dobot_ws/install/dobot_moveit:/home/michael/dobot_ws/install/dobot_demo:/opt/ros/humble /usr/bin/cmake --build /home/michael/dobot_ws/src/build/dobot_gazebo -- -j2 -l2
[0.058s] Invoking command in '/home/michael/dobot_ws/src/build/dobot_gazebo': AMENT_PREFIX_PATH=/home/michael/dobot_ws/src/install/cra_description:${AMENT_PREFIX_PATH} CMAKE_PREFIX_PATH=/home/michael/dobot_ws/src/install/cra_description:/home/michael/dobot_ws/install/nova5_moveit:/home/michael/dobot_ws/install/nova2_moveit:/home/michael/dobot_ws/install/me6_moveit:/home/michael/dobot_ws/install/cr7_moveit:/home/michael/dobot_ws/install/cr5_moveit:/home/michael/dobot_ws/install/cr3_moveit:/home/michael/dobot_ws/install/cr30h_moveit:/home/michael/dobot_ws/install/cr20_moveit:/home/michael/dobot_ws/install/cr16_moveit:/home/michael/dobot_ws/install/cr12_moveit:/home/michael/dobot_ws/install/cr10af_moveit:/home/michael/dobot_ws/install/cr10_moveit:/home/michael/dobot_ws/install/dobot_rviz:/home/michael/dobot_ws/install/cr_robot_ros2:/home/michael/dobot_ws/install/dobot_msgs_v4:/home/michael/dobot_ws/install/dobot_gazebo:/home/michael/dobot_ws/install/cra_description:/home/michael/dobot_ws/install/servo_action:/home/michael/dobot_ws/install/dobot_moveit:/home/michael/dobot_ws/install/dobot_demo:/opt/ros/humble /usr/bin/cmake --install /home/michael/dobot_ws/src/build/dobot_gazebo
[0.064s] -- Install configuration: ""
[0.064s] -- Up-to-date: /home/michael/dobot_ws/src/install/dobot_gazebo/share/dobot_gazebo/launch
[0.064s] -- Up-to-date: /home/michael/dobot_ws/src/install/dobot_gazebo/share/dobot_gazebo/launch/gazebo_moveit.launch.py
[0.064s] -- Up-to-date: /home/michael/dobot_ws/src/install/dobot_gazebo/share/dobot_gazebo/launch/dobot_gazebo.launch.py
[0.064s] -- Up-to-date: /home/michael/dobot_ws/src/install/dobot_gazebo/share/dobot_gazebo/worlds
[0.064s] -- Up-to-date: /home/michael/dobot_ws/src/install/dobot_gazebo/share/dobot_gazebo/worlds/cr.world
[0.064s] -- Up-to-date: /home/michael/dobot_ws/src/install/dobot_gazebo/share/dobot_gazebo/config
[0.064s] -- Up-to-date: /home/michael/dobot_ws/src/install/dobot_gazebo/share/dobot_gazebo/config/moveitcpp.rviz
[0.064s] -- Up-to-date: /home/michael/dobot_ws/src/install/dobot_gazebo/share/ament_index/resource_index/package_run_dependencies/dobot_gazebo
[0.064s] -- Up-to-date: /home/michael/dobot_ws/src/install/dobot_gazebo/share/ament_index/resource_index/parent_prefix_path/dobot_gazebo
[0.064s] -- Up-to-date: /home/michael/dobot_ws/src/install/dobot_gazebo/share/dobot_gazebo/environment/ament_prefix_path.sh
[0.065s] -- Up-to-date: /home/michael/dobot_ws/src/install/dobot_gazebo/share/dobot_gazebo/environment/ament_prefix_path.dsv
[0.065s] -- Up-to-date: /home/michael/dobot_ws/src/install/dobot_gazebo/share/dobot_gazebo/environment/path.sh
[0.065s] -- Up-to-date: /home/michael/dobot_ws/src/install/dobot_gazebo/share/dobot_gazebo/environment/path.dsv
[0.065s] -- Up-to-date: /home/michael/dobot_ws/src/install/dobot_gazebo/share/dobot_gazebo/local_setup.bash
[0.065s] -- Up-to-date: /home/michael/dobot_ws/src/install/dobot_gazebo/share/dobot_gazebo/local_setup.sh
[0.065s] -- Up-to-date: /home/michael/dobot_ws/src/install/dobot_gazebo/share/dobot_gazebo/local_setup.zsh
[0.065s] -- Up-to-date: /home/michael/dobot_ws/src/install/dobot_gazebo/share/dobot_gazebo/local_setup.dsv
[0.065s] -- Up-to-date: /home/michael/dobot_ws/src/install/dobot_gazebo/share/dobot_gazebo/package.dsv
[0.066s] -- Up-to-date: /home/michael/dobot_ws/src/install/dobot_gazebo/share/ament_index/resource_index/packages/dobot_gazebo
[0.066s] -- Up-to-date: /home/michael/dobot_ws/src/install/dobot_gazebo/share/dobot_gazebo/cmake/dobot_gazeboConfig.cmake
[0.066s] -- Up-to-date: /home/michael/dobot_ws/src/install/dobot_gazebo/share/dobot_gazebo/cmake/dobot_gazeboConfig-version.cmake
[0.066s] -- Up-to-date: /home/michael/dobot_ws/src/install/dobot_gazebo/share/dobot_gazebo/package.xml
[0.068s] Invoked command in '/home/michael/dobot_ws/src/build/dobot_gazebo' returned '0': AMENT_PREFIX_PATH=/home/michael/dobot_ws/src/install/cra_description:${AMENT_PREFIX_PATH} CMAKE_PREFIX_PATH=/home/michael/dobot_ws/src/install/cra_description:/home/michael/dobot_ws/install/nova5_moveit:/home/michael/dobot_ws/install/nova2_moveit:/home/michael/dobot_ws/install/me6_moveit:/home/michael/dobot_ws/install/cr7_moveit:/home/michael/dobot_ws/install/cr5_moveit:/home/michael/dobot_ws/install/cr3_moveit:/home/michael/dobot_ws/install/cr30h_moveit:/home/michael/dobot_ws/install/cr20_moveit:/home/michael/dobot_ws/install/cr16_moveit:/home/michael/dobot_ws/install/cr12_moveit:/home/michael/dobot_ws/install/cr10af_moveit:/home/michael/dobot_ws/install/cr10_moveit:/home/michael/dobot_ws/install/dobot_rviz:/home/michael/dobot_ws/install/cr_robot_ros2:/home/michael/dobot_ws/install/dobot_msgs_v4:/home/michael/dobot_ws/install/dobot_gazebo:/home/michael/dobot_ws/install/cra_description:/home/michael/dobot_ws/install/servo_action:/home/michael/dobot_ws/install/dobot_moveit:/home/michael/dobot_ws/install/dobot_demo:/opt/ros/humble /usr/bin/cmake --install /home/michael/dobot_ws/src/build/dobot_gazebo
