[0.010s] Invoking command in '/home/michael/dobot_ws/src/build/cr7_moveit': AMENT_PREFIX_PATH=/home/michael/dobot_ws/src/install/dobot_rviz:${AMENT_PREFIX_PATH} CMAKE_PREFIX_PATH=/home/michael/dobot_ws/src/install/dobot_rviz:/home/michael/dobot_ws/install/nova5_moveit:/home/michael/dobot_ws/install/nova2_moveit:/home/michael/dobot_ws/install/me6_moveit:/home/michael/dobot_ws/install/cr7_moveit:/home/michael/dobot_ws/install/cr5_moveit:/home/michael/dobot_ws/install/cr3_moveit:/home/michael/dobot_ws/install/cr30h_moveit:/home/michael/dobot_ws/install/cr20_moveit:/home/michael/dobot_ws/install/cr16_moveit:/home/michael/dobot_ws/install/cr12_moveit:/home/michael/dobot_ws/install/cr10af_moveit:/home/michael/dobot_ws/install/cr10_moveit:/home/michael/dobot_ws/install/dobot_rviz:/home/michael/dobot_ws/install/cr_robot_ros2:/home/michael/dobot_ws/install/dobot_msgs_v4:/home/michael/dobot_ws/install/dobot_gazebo:/home/michael/dobot_ws/install/cra_description:/home/michael/dobot_ws/install/servo_action:/home/michael/dobot_ws/install/dobot_moveit:/home/michael/dobot_ws/install/dobot_demo:/opt/ros/humble /usr/bin/cmake /home/michael/dobot_ws/src/DOBOT_6Axis_ROS2_V4/cr7_moveit -DCMAKE_INSTALL_PREFIX=/home/michael/dobot_ws/src/install/cr7_moveit
[0.052s] -- The C compiler identification is GNU 11.4.0
[0.092s] -- The CXX compiler identification is GNU 11.4.0
[0.097s] -- Detecting C compiler ABI info
[0.156s] -- Detecting C compiler ABI info - done
[0.159s] -- Check for working C compiler: /usr/bin/cc - skipped
[0.159s] -- Detecting C compile features
[0.163s] -- Detecting C compile features - done
[0.163s] -- Detecting CXX compiler ABI info
[0.234s] -- Detecting CXX compiler ABI info - done
[0.237s] -- Check for working CXX compiler: /usr/bin/c++ - skipped
[0.237s] -- Detecting CXX compile features
[0.237s] -- Detecting CXX compile features - done
[0.241s] -- Found ament_cmake: 1.3.14 (/opt/ros/humble/share/ament_cmake/cmake)
[0.352s] -- Found Python3: /usr/bin/python3 (found version "3.10.12") found components: Interpreter 
[0.485s] -- Configuring done
[0.486s] -- Generating done
[0.489s] -- Build files have been written to: /home/michael/dobot_ws/src/build/cr7_moveit
[0.494s] Invoked command in '/home/michael/dobot_ws/src/build/cr7_moveit' returned '0': AMENT_PREFIX_PATH=/home/michael/dobot_ws/src/install/dobot_rviz:${AMENT_PREFIX_PATH} CMAKE_PREFIX_PATH=/home/michael/dobot_ws/src/install/dobot_rviz:/home/michael/dobot_ws/install/nova5_moveit:/home/michael/dobot_ws/install/nova2_moveit:/home/michael/dobot_ws/install/me6_moveit:/home/michael/dobot_ws/install/cr7_moveit:/home/michael/dobot_ws/install/cr5_moveit:/home/michael/dobot_ws/install/cr3_moveit:/home/michael/dobot_ws/install/cr30h_moveit:/home/michael/dobot_ws/install/cr20_moveit:/home/michael/dobot_ws/install/cr16_moveit:/home/michael/dobot_ws/install/cr12_moveit:/home/michael/dobot_ws/install/cr10af_moveit:/home/michael/dobot_ws/install/cr10_moveit:/home/michael/dobot_ws/install/dobot_rviz:/home/michael/dobot_ws/install/cr_robot_ros2:/home/michael/dobot_ws/install/dobot_msgs_v4:/home/michael/dobot_ws/install/dobot_gazebo:/home/michael/dobot_ws/install/cra_description:/home/michael/dobot_ws/install/servo_action:/home/michael/dobot_ws/install/dobot_moveit:/home/michael/dobot_ws/install/dobot_demo:/opt/ros/humble /usr/bin/cmake /home/michael/dobot_ws/src/DOBOT_6Axis_ROS2_V4/cr7_moveit -DCMAKE_INSTALL_PREFIX=/home/michael/dobot_ws/src/install/cr7_moveit
[0.496s] Invoking command in '/home/michael/dobot_ws/src/build/cr7_moveit': AMENT_PREFIX_PATH=/home/michael/dobot_ws/src/install/dobot_rviz:${AMENT_PREFIX_PATH} CMAKE_PREFIX_PATH=/home/michael/dobot_ws/src/install/dobot_rviz:/home/michael/dobot_ws/install/nova5_moveit:/home/michael/dobot_ws/install/nova2_moveit:/home/michael/dobot_ws/install/me6_moveit:/home/michael/dobot_ws/install/cr7_moveit:/home/michael/dobot_ws/install/cr5_moveit:/home/michael/dobot_ws/install/cr3_moveit:/home/michael/dobot_ws/install/cr30h_moveit:/home/michael/dobot_ws/install/cr20_moveit:/home/michael/dobot_ws/install/cr16_moveit:/home/michael/dobot_ws/install/cr12_moveit:/home/michael/dobot_ws/install/cr10af_moveit:/home/michael/dobot_ws/install/cr10_moveit:/home/michael/dobot_ws/install/dobot_rviz:/home/michael/dobot_ws/install/cr_robot_ros2:/home/michael/dobot_ws/install/dobot_msgs_v4:/home/michael/dobot_ws/install/dobot_gazebo:/home/michael/dobot_ws/install/cra_description:/home/michael/dobot_ws/install/servo_action:/home/michael/dobot_ws/install/dobot_moveit:/home/michael/dobot_ws/install/dobot_demo:/opt/ros/humble /usr/bin/cmake --build /home/michael/dobot_ws/src/build/cr7_moveit -- -j2 -l2
[0.528s] Invoked command in '/home/michael/dobot_ws/src/build/cr7_moveit' returned '0': AMENT_PREFIX_PATH=/home/michael/dobot_ws/src/install/dobot_rviz:${AMENT_PREFIX_PATH} CMAKE_PREFIX_PATH=/home/michael/dobot_ws/src/install/dobot_rviz:/home/michael/dobot_ws/install/nova5_moveit:/home/michael/dobot_ws/install/nova2_moveit:/home/michael/dobot_ws/install/me6_moveit:/home/michael/dobot_ws/install/cr7_moveit:/home/michael/dobot_ws/install/cr5_moveit:/home/michael/dobot_ws/install/cr3_moveit:/home/michael/dobot_ws/install/cr30h_moveit:/home/michael/dobot_ws/install/cr20_moveit:/home/michael/dobot_ws/install/cr16_moveit:/home/michael/dobot_ws/install/cr12_moveit:/home/michael/dobot_ws/install/cr10af_moveit:/home/michael/dobot_ws/install/cr10_moveit:/home/michael/dobot_ws/install/dobot_rviz:/home/michael/dobot_ws/install/cr_robot_ros2:/home/michael/dobot_ws/install/dobot_msgs_v4:/home/michael/dobot_ws/install/dobot_gazebo:/home/michael/dobot_ws/install/cra_description:/home/michael/dobot_ws/install/servo_action:/home/michael/dobot_ws/install/dobot_moveit:/home/michael/dobot_ws/install/dobot_demo:/opt/ros/humble /usr/bin/cmake --build /home/michael/dobot_ws/src/build/cr7_moveit -- -j2 -l2
[0.529s] Invoking command in '/home/michael/dobot_ws/src/build/cr7_moveit': AMENT_PREFIX_PATH=/home/michael/dobot_ws/src/install/dobot_rviz:${AMENT_PREFIX_PATH} CMAKE_PREFIX_PATH=/home/michael/dobot_ws/src/install/dobot_rviz:/home/michael/dobot_ws/install/nova5_moveit:/home/michael/dobot_ws/install/nova2_moveit:/home/michael/dobot_ws/install/me6_moveit:/home/michael/dobot_ws/install/cr7_moveit:/home/michael/dobot_ws/install/cr5_moveit:/home/michael/dobot_ws/install/cr3_moveit:/home/michael/dobot_ws/install/cr30h_moveit:/home/michael/dobot_ws/install/cr20_moveit:/home/michael/dobot_ws/install/cr16_moveit:/home/michael/dobot_ws/install/cr12_moveit:/home/michael/dobot_ws/install/cr10af_moveit:/home/michael/dobot_ws/install/cr10_moveit:/home/michael/dobot_ws/install/dobot_rviz:/home/michael/dobot_ws/install/cr_robot_ros2:/home/michael/dobot_ws/install/dobot_msgs_v4:/home/michael/dobot_ws/install/dobot_gazebo:/home/michael/dobot_ws/install/cra_description:/home/michael/dobot_ws/install/servo_action:/home/michael/dobot_ws/install/dobot_moveit:/home/michael/dobot_ws/install/dobot_demo:/opt/ros/humble /usr/bin/cmake --install /home/michael/dobot_ws/src/build/cr7_moveit
[0.536s] -- Install configuration: ""
[0.536s] -- Installing: /home/michael/dobot_ws/src/install/cr7_moveit/share/ament_index/resource_index/package_run_dependencies/cr7_moveit
[0.537s] -- Installing: /home/michael/dobot_ws/src/install/cr7_moveit/share/ament_index/resource_index/parent_prefix_path/cr7_moveit
[0.537s] -- Installing: /home/michael/dobot_ws/src/install/cr7_moveit/share/cr7_moveit/environment/ament_prefix_path.sh
[0.537s] -- Installing: /home/michael/dobot_ws/src/install/cr7_moveit/share/cr7_moveit/environment/ament_prefix_path.dsv
[0.537s] -- Installing: /home/michael/dobot_ws/src/install/cr7_moveit/share/cr7_moveit/environment/path.sh
[0.537s] -- Installing: /home/michael/dobot_ws/src/install/cr7_moveit/share/cr7_moveit/environment/path.dsv
[0.537s] -- Installing: /home/michael/dobot_ws/src/install/cr7_moveit/share/cr7_moveit/local_setup.bash
[0.537s] -- Installing: /home/michael/dobot_ws/src/install/cr7_moveit/share/cr7_moveit/local_setup.sh
[0.538s] -- Installing: /home/michael/dobot_ws/src/install/cr7_moveit/share/cr7_moveit/local_setup.zsh
[0.538s] -- Installing: /home/michael/dobot_ws/src/install/cr7_moveit/share/cr7_moveit/local_setup.dsv
[0.538s] -- Installing: /home/michael/dobot_ws/src/install/cr7_moveit/share/cr7_moveit/package.dsv
[0.538s] -- Installing: /home/michael/dobot_ws/src/install/cr7_moveit/share/ament_index/resource_index/packages/cr7_moveit
[0.538s] -- Installing: /home/michael/dobot_ws/src/install/cr7_moveit/share/cr7_moveit/cmake/cr7_moveitConfig.cmake
[0.538s] -- Installing: /home/michael/dobot_ws/src/install/cr7_moveit/share/cr7_moveit/cmake/cr7_moveitConfig-version.cmake
[0.538s] -- Installing: /home/michael/dobot_ws/src/install/cr7_moveit/share/cr7_moveit/package.xml
[0.539s] -- Installing: /home/michael/dobot_ws/src/install/cr7_moveit/share/cr7_moveit/launch
[0.539s] -- Installing: /home/michael/dobot_ws/src/install/cr7_moveit/share/cr7_moveit/launch/spawn_controllers.launch.py
[0.540s] -- Installing: /home/michael/dobot_ws/src/install/cr7_moveit/share/cr7_moveit/launch/warehouse_db.launch.py
[0.540s] -- Installing: /home/michael/dobot_ws/src/install/cr7_moveit/share/cr7_moveit/launch/setup_assistant.launch.py
[0.540s] -- Installing: /home/michael/dobot_ws/src/install/cr7_moveit/share/cr7_moveit/launch/moveit_rviz.launch.py
[0.541s] -- Installing: /home/michael/dobot_ws/src/install/cr7_moveit/share/cr7_moveit/launch/moveit_gazebo.launch.py
[0.541s] -- Installing: /home/michael/dobot_ws/src/install/cr7_moveit/share/cr7_moveit/launch/move_group.launch.py
[0.542s] -- Installing: /home/michael/dobot_ws/src/install/cr7_moveit/share/cr7_moveit/launch/demo.launch.py
[0.543s] -- Installing: /home/michael/dobot_ws/src/install/cr7_moveit/share/cr7_moveit/launch/rsp.launch.py
[0.543s] -- Installing: /home/michael/dobot_ws/src/install/cr7_moveit/share/cr7_moveit/launch/static_virtual_joint_tfs.launch.py
[0.544s] -- Installing: /home/michael/dobot_ws/src/install/cr7_moveit/share/cr7_moveit/launch/dobot_moveit.launch.py
[0.544s] -- Installing: /home/michael/dobot_ws/src/install/cr7_moveit/share/cr7_moveit/config
[0.545s] -- Installing: /home/michael/dobot_ws/src/install/cr7_moveit/share/cr7_moveit/config/initial_positions.yaml
[0.545s] -- Installing: /home/michael/dobot_ws/src/install/cr7_moveit/share/cr7_moveit/config/cr7_robot.urdf.xacro
[0.546s] -- Installing: /home/michael/dobot_ws/src/install/cr7_moveit/share/cr7_moveit/config/cr7_robot.srdf
[0.546s] -- Installing: /home/michael/dobot_ws/src/install/cr7_moveit/share/cr7_moveit/config/joint_limits.yaml
[0.546s] -- Installing: /home/michael/dobot_ws/src/install/cr7_moveit/share/cr7_moveit/config/moveit.rviz
[0.547s] -- Installing: /home/michael/dobot_ws/src/install/cr7_moveit/share/cr7_moveit/config/ros2_controllers.yaml
[0.548s] -- Installing: /home/michael/dobot_ws/src/install/cr7_moveit/share/cr7_moveit/config/moveit_controllers.yaml
[0.548s] -- Installing: /home/michael/dobot_ws/src/install/cr7_moveit/share/cr7_moveit/config/kinematics.yaml
[0.550s] -- Installing: /home/michael/dobot_ws/src/install/cr7_moveit/share/cr7_moveit/config/cr7_robot.ros2_control.xacro
[0.550s] -- Installing: /home/michael/dobot_ws/src/install/cr7_moveit/share/cr7_moveit/config/pilz_cartesian_limits.yaml
[0.551s] -- Installing: /home/michael/dobot_ws/src/install/cr7_moveit/share/cr7_moveit/.setup_assistant
[0.555s] Invoked command in '/home/michael/dobot_ws/src/build/cr7_moveit' returned '0': AMENT_PREFIX_PATH=/home/michael/dobot_ws/src/install/dobot_rviz:${AMENT_PREFIX_PATH} CMAKE_PREFIX_PATH=/home/michael/dobot_ws/src/install/dobot_rviz:/home/michael/dobot_ws/install/nova5_moveit:/home/michael/dobot_ws/install/nova2_moveit:/home/michael/dobot_ws/install/me6_moveit:/home/michael/dobot_ws/install/cr7_moveit:/home/michael/dobot_ws/install/cr5_moveit:/home/michael/dobot_ws/install/cr3_moveit:/home/michael/dobot_ws/install/cr30h_moveit:/home/michael/dobot_ws/install/cr20_moveit:/home/michael/dobot_ws/install/cr16_moveit:/home/michael/dobot_ws/install/cr12_moveit:/home/michael/dobot_ws/install/cr10af_moveit:/home/michael/dobot_ws/install/cr10_moveit:/home/michael/dobot_ws/install/dobot_rviz:/home/michael/dobot_ws/install/cr_robot_ros2:/home/michael/dobot_ws/install/dobot_msgs_v4:/home/michael/dobot_ws/install/dobot_gazebo:/home/michael/dobot_ws/install/cra_description:/home/michael/dobot_ws/install/servo_action:/home/michael/dobot_ws/install/dobot_moveit:/home/michael/dobot_ws/install/dobot_demo:/opt/ros/humble /usr/bin/cmake --install /home/michael/dobot_ws/src/build/cr7_moveit
