[0.015s] Invoking command in '/home/michael/dobot_ws/src/build/cr3_moveit': AMENT_PREFIX_PATH=/home/michael/dobot_ws/src/install/dobot_rviz:${AMENT_PREFIX_PATH} CMAKE_PREFIX_PATH=/home/michael/dobot_ws/src/install/dobot_rviz:/home/michael/dobot_ws/install/nova5_moveit:/home/michael/dobot_ws/install/nova2_moveit:/home/michael/dobot_ws/install/me6_moveit:/home/michael/dobot_ws/install/cr7_moveit:/home/michael/dobot_ws/install/cr5_moveit:/home/michael/dobot_ws/install/cr3_moveit:/home/michael/dobot_ws/install/cr30h_moveit:/home/michael/dobot_ws/install/cr20_moveit:/home/michael/dobot_ws/install/cr16_moveit:/home/michael/dobot_ws/install/cr12_moveit:/home/michael/dobot_ws/install/cr10af_moveit:/home/michael/dobot_ws/install/cr10_moveit:/home/michael/dobot_ws/install/dobot_rviz:/home/michael/dobot_ws/install/cr_robot_ros2:/home/michael/dobot_ws/install/dobot_msgs_v4:/home/michael/dobot_ws/install/dobot_gazebo:/home/michael/dobot_ws/install/cra_description:/home/michael/dobot_ws/install/servo_action:/home/michael/dobot_ws/install/dobot_moveit:/home/michael/dobot_ws/install/dobot_demo:/opt/ros/humble /usr/bin/cmake /home/michael/dobot_ws/src/DOBOT_6Axis_ROS2_V4/cr3_moveit -DCMAKE_INSTALL_PREFIX=/home/michael/dobot_ws/src/install/cr3_moveit
[0.099s] -- The C compiler identification is GNU 11.4.0
[0.151s] -- The CXX compiler identification is GNU 11.4.0
[0.158s] -- Detecting C compiler ABI info
[0.222s] -- Detecting C compiler ABI info - done
[0.228s] -- Check for working C compiler: /usr/bin/cc - skipped
[0.228s] -- Detecting C compile features
[0.228s] -- Detecting C compile features - done
[0.230s] -- Detecting CXX compiler ABI info
[0.305s] -- Detecting CXX compiler ABI info - done
[0.307s] -- Check for working CXX compiler: /usr/bin/c++ - skipped
[0.307s] -- Detecting CXX compile features
[0.309s] -- Detecting CXX compile features - done
[0.313s] -- Found ament_cmake: 1.3.14 (/opt/ros/humble/share/ament_cmake/cmake)
[0.423s] -- Found Python3: /usr/bin/python3 (found version "3.10.12") found components: Interpreter 
[0.565s] -- Configuring done
[0.570s] -- Generating done
[0.576s] -- Build files have been written to: /home/michael/dobot_ws/src/build/cr3_moveit
[0.583s] Invoked command in '/home/michael/dobot_ws/src/build/cr3_moveit' returned '0': AMENT_PREFIX_PATH=/home/michael/dobot_ws/src/install/dobot_rviz:${AMENT_PREFIX_PATH} CMAKE_PREFIX_PATH=/home/michael/dobot_ws/src/install/dobot_rviz:/home/michael/dobot_ws/install/nova5_moveit:/home/michael/dobot_ws/install/nova2_moveit:/home/michael/dobot_ws/install/me6_moveit:/home/michael/dobot_ws/install/cr7_moveit:/home/michael/dobot_ws/install/cr5_moveit:/home/michael/dobot_ws/install/cr3_moveit:/home/michael/dobot_ws/install/cr30h_moveit:/home/michael/dobot_ws/install/cr20_moveit:/home/michael/dobot_ws/install/cr16_moveit:/home/michael/dobot_ws/install/cr12_moveit:/home/michael/dobot_ws/install/cr10af_moveit:/home/michael/dobot_ws/install/cr10_moveit:/home/michael/dobot_ws/install/dobot_rviz:/home/michael/dobot_ws/install/cr_robot_ros2:/home/michael/dobot_ws/install/dobot_msgs_v4:/home/michael/dobot_ws/install/dobot_gazebo:/home/michael/dobot_ws/install/cra_description:/home/michael/dobot_ws/install/servo_action:/home/michael/dobot_ws/install/dobot_moveit:/home/michael/dobot_ws/install/dobot_demo:/opt/ros/humble /usr/bin/cmake /home/michael/dobot_ws/src/DOBOT_6Axis_ROS2_V4/cr3_moveit -DCMAKE_INSTALL_PREFIX=/home/michael/dobot_ws/src/install/cr3_moveit
[0.587s] Invoking command in '/home/michael/dobot_ws/src/build/cr3_moveit': AMENT_PREFIX_PATH=/home/michael/dobot_ws/src/install/dobot_rviz:${AMENT_PREFIX_PATH} CMAKE_PREFIX_PATH=/home/michael/dobot_ws/src/install/dobot_rviz:/home/michael/dobot_ws/install/nova5_moveit:/home/michael/dobot_ws/install/nova2_moveit:/home/michael/dobot_ws/install/me6_moveit:/home/michael/dobot_ws/install/cr7_moveit:/home/michael/dobot_ws/install/cr5_moveit:/home/michael/dobot_ws/install/cr3_moveit:/home/michael/dobot_ws/install/cr30h_moveit:/home/michael/dobot_ws/install/cr20_moveit:/home/michael/dobot_ws/install/cr16_moveit:/home/michael/dobot_ws/install/cr12_moveit:/home/michael/dobot_ws/install/cr10af_moveit:/home/michael/dobot_ws/install/cr10_moveit:/home/michael/dobot_ws/install/dobot_rviz:/home/michael/dobot_ws/install/cr_robot_ros2:/home/michael/dobot_ws/install/dobot_msgs_v4:/home/michael/dobot_ws/install/dobot_gazebo:/home/michael/dobot_ws/install/cra_description:/home/michael/dobot_ws/install/servo_action:/home/michael/dobot_ws/install/dobot_moveit:/home/michael/dobot_ws/install/dobot_demo:/opt/ros/humble /usr/bin/cmake --build /home/michael/dobot_ws/src/build/cr3_moveit -- -j2 -l2
[0.655s] Invoked command in '/home/michael/dobot_ws/src/build/cr3_moveit' returned '0': AMENT_PREFIX_PATH=/home/michael/dobot_ws/src/install/dobot_rviz:${AMENT_PREFIX_PATH} CMAKE_PREFIX_PATH=/home/michael/dobot_ws/src/install/dobot_rviz:/home/michael/dobot_ws/install/nova5_moveit:/home/michael/dobot_ws/install/nova2_moveit:/home/michael/dobot_ws/install/me6_moveit:/home/michael/dobot_ws/install/cr7_moveit:/home/michael/dobot_ws/install/cr5_moveit:/home/michael/dobot_ws/install/cr3_moveit:/home/michael/dobot_ws/install/cr30h_moveit:/home/michael/dobot_ws/install/cr20_moveit:/home/michael/dobot_ws/install/cr16_moveit:/home/michael/dobot_ws/install/cr12_moveit:/home/michael/dobot_ws/install/cr10af_moveit:/home/michael/dobot_ws/install/cr10_moveit:/home/michael/dobot_ws/install/dobot_rviz:/home/michael/dobot_ws/install/cr_robot_ros2:/home/michael/dobot_ws/install/dobot_msgs_v4:/home/michael/dobot_ws/install/dobot_gazebo:/home/michael/dobot_ws/install/cra_description:/home/michael/dobot_ws/install/servo_action:/home/michael/dobot_ws/install/dobot_moveit:/home/michael/dobot_ws/install/dobot_demo:/opt/ros/humble /usr/bin/cmake --build /home/michael/dobot_ws/src/build/cr3_moveit -- -j2 -l2
[0.657s] Invoking command in '/home/michael/dobot_ws/src/build/cr3_moveit': AMENT_PREFIX_PATH=/home/michael/dobot_ws/src/install/dobot_rviz:${AMENT_PREFIX_PATH} CMAKE_PREFIX_PATH=/home/michael/dobot_ws/src/install/dobot_rviz:/home/michael/dobot_ws/install/nova5_moveit:/home/michael/dobot_ws/install/nova2_moveit:/home/michael/dobot_ws/install/me6_moveit:/home/michael/dobot_ws/install/cr7_moveit:/home/michael/dobot_ws/install/cr5_moveit:/home/michael/dobot_ws/install/cr3_moveit:/home/michael/dobot_ws/install/cr30h_moveit:/home/michael/dobot_ws/install/cr20_moveit:/home/michael/dobot_ws/install/cr16_moveit:/home/michael/dobot_ws/install/cr12_moveit:/home/michael/dobot_ws/install/cr10af_moveit:/home/michael/dobot_ws/install/cr10_moveit:/home/michael/dobot_ws/install/dobot_rviz:/home/michael/dobot_ws/install/cr_robot_ros2:/home/michael/dobot_ws/install/dobot_msgs_v4:/home/michael/dobot_ws/install/dobot_gazebo:/home/michael/dobot_ws/install/cra_description:/home/michael/dobot_ws/install/servo_action:/home/michael/dobot_ws/install/dobot_moveit:/home/michael/dobot_ws/install/dobot_demo:/opt/ros/humble /usr/bin/cmake --install /home/michael/dobot_ws/src/build/cr3_moveit
[0.672s] -- Install configuration: ""
[0.672s] -- Installing: /home/michael/dobot_ws/src/install/cr3_moveit/share/ament_index/resource_index/package_run_dependencies/cr3_moveit
[0.672s] -- Installing: /home/michael/dobot_ws/src/install/cr3_moveit/share/ament_index/resource_index/parent_prefix_path/cr3_moveit
[0.672s] -- Installing: /home/michael/dobot_ws/src/install/cr3_moveit/share/cr3_moveit/environment/ament_prefix_path.sh
[0.673s] -- Installing: /home/michael/dobot_ws/src/install/cr3_moveit/share/cr3_moveit/environment/ament_prefix_path.dsv
[0.673s] -- Installing: /home/michael/dobot_ws/src/install/cr3_moveit/share/cr3_moveit/environment/path.sh
[0.673s] -- Installing: /home/michael/dobot_ws/src/install/cr3_moveit/share/cr3_moveit/environment/path.dsv
[0.674s] -- Installing: /home/michael/dobot_ws/src/install/cr3_moveit/share/cr3_moveit/local_setup.bash
[0.674s] -- Installing: /home/michael/dobot_ws/src/install/cr3_moveit/share/cr3_moveit/local_setup.sh
[0.674s] -- Installing: /home/michael/dobot_ws/src/install/cr3_moveit/share/cr3_moveit/local_setup.zsh
[0.674s] -- Installing: /home/michael/dobot_ws/src/install/cr3_moveit/share/cr3_moveit/local_setup.dsv
[0.674s] -- Installing: /home/michael/dobot_ws/src/install/cr3_moveit/share/cr3_moveit/package.dsv
[0.674s] -- Installing: /home/michael/dobot_ws/src/install/cr3_moveit/share/ament_index/resource_index/packages/cr3_moveit
[0.674s] -- Installing: /home/michael/dobot_ws/src/install/cr3_moveit/share/cr3_moveit/cmake/cr3_moveitConfig.cmake
[0.674s] -- Installing: /home/michael/dobot_ws/src/install/cr3_moveit/share/cr3_moveit/cmake/cr3_moveitConfig-version.cmake
[0.674s] -- Installing: /home/michael/dobot_ws/src/install/cr3_moveit/share/cr3_moveit/package.xml
[0.674s] -- Installing: /home/michael/dobot_ws/src/install/cr3_moveit/share/cr3_moveit/launch
[0.675s] -- Installing: /home/michael/dobot_ws/src/install/cr3_moveit/share/cr3_moveit/launch/spawn_controllers.launch.py
[0.688s] -- Installing: /home/michael/dobot_ws/src/install/cr3_moveit/share/cr3_moveit/launch/warehouse_db.launch.py
[0.688s] -- Installing: /home/michael/dobot_ws/src/install/cr3_moveit/share/cr3_moveit/launch/setup_assistant.launch.py
[0.689s] -- Installing: /home/michael/dobot_ws/src/install/cr3_moveit/share/cr3_moveit/launch/moveit_rviz.launch.py
[0.689s] -- Installing: /home/michael/dobot_ws/src/install/cr3_moveit/share/cr3_moveit/launch/moveit_gazebo.launch.py
[0.690s] -- Installing: /home/michael/dobot_ws/src/install/cr3_moveit/share/cr3_moveit/launch/move_group.launch.py
[0.691s] -- Installing: /home/michael/dobot_ws/src/install/cr3_moveit/share/cr3_moveit/launch/demo.launch.py
[0.692s] -- Installing: /home/michael/dobot_ws/src/install/cr3_moveit/share/cr3_moveit/launch/rsp.launch.py
[0.692s] -- Installing: /home/michael/dobot_ws/src/install/cr3_moveit/share/cr3_moveit/launch/static_virtual_joint_tfs.launch.py
[0.693s] -- Installing: /home/michael/dobot_ws/src/install/cr3_moveit/share/cr3_moveit/launch/dobot_moveit.launch.py
[0.694s] -- Installing: /home/michael/dobot_ws/src/install/cr3_moveit/share/cr3_moveit/config
[0.694s] -- Installing: /home/michael/dobot_ws/src/install/cr3_moveit/share/cr3_moveit/config/initial_positions.yaml
[0.696s] -- Installing: /home/michael/dobot_ws/src/install/cr3_moveit/share/cr3_moveit/config/cr3_robot.srdf
[0.696s] -- Installing: /home/michael/dobot_ws/src/install/cr3_moveit/share/cr3_moveit/config/cr3_robot.ros2_control.xacro
[0.696s] -- Installing: /home/michael/dobot_ws/src/install/cr3_moveit/share/cr3_moveit/config/joint_limits.yaml
[0.698s] -- Installing: /home/michael/dobot_ws/src/install/cr3_moveit/share/cr3_moveit/config/moveit.rviz
[0.698s] -- Installing: /home/michael/dobot_ws/src/install/cr3_moveit/share/cr3_moveit/config/ros2_controllers.yaml
[0.699s] -- Installing: /home/michael/dobot_ws/src/install/cr3_moveit/share/cr3_moveit/config/moveit_controllers.yaml
[0.701s] -- Installing: /home/michael/dobot_ws/src/install/cr3_moveit/share/cr3_moveit/config/kinematics.yaml
[0.701s] -- Installing: /home/michael/dobot_ws/src/install/cr3_moveit/share/cr3_moveit/config/pilz_cartesian_limits.yaml
[0.701s] -- Installing: /home/michael/dobot_ws/src/install/cr3_moveit/share/cr3_moveit/config/cr3_robot.urdf.xacro
[0.702s] -- Installing: /home/michael/dobot_ws/src/install/cr3_moveit/share/cr3_moveit/.setup_assistant
[0.705s] Invoked command in '/home/michael/dobot_ws/src/build/cr3_moveit' returned '0': AMENT_PREFIX_PATH=/home/michael/dobot_ws/src/install/dobot_rviz:${AMENT_PREFIX_PATH} CMAKE_PREFIX_PATH=/home/michael/dobot_ws/src/install/dobot_rviz:/home/michael/dobot_ws/install/nova5_moveit:/home/michael/dobot_ws/install/nova2_moveit:/home/michael/dobot_ws/install/me6_moveit:/home/michael/dobot_ws/install/cr7_moveit:/home/michael/dobot_ws/install/cr5_moveit:/home/michael/dobot_ws/install/cr3_moveit:/home/michael/dobot_ws/install/cr30h_moveit:/home/michael/dobot_ws/install/cr20_moveit:/home/michael/dobot_ws/install/cr16_moveit:/home/michael/dobot_ws/install/cr12_moveit:/home/michael/dobot_ws/install/cr10af_moveit:/home/michael/dobot_ws/install/cr10_moveit:/home/michael/dobot_ws/install/dobot_rviz:/home/michael/dobot_ws/install/cr_robot_ros2:/home/michael/dobot_ws/install/dobot_msgs_v4:/home/michael/dobot_ws/install/dobot_gazebo:/home/michael/dobot_ws/install/cra_description:/home/michael/dobot_ws/install/servo_action:/home/michael/dobot_ws/install/dobot_moveit:/home/michael/dobot_ws/install/dobot_demo:/opt/ros/humble /usr/bin/cmake --install /home/michael/dobot_ws/src/build/cr3_moveit
