[0.014s] Invoking command in '/home/michael/dobot_ws/src/build/cr5_moveit': AMENT_PREFIX_PATH=/home/michael/dobot_ws/src/install/dobot_rviz:${AMENT_PREFIX_PATH} CMAKE_PREFIX_PATH=/home/michael/dobot_ws/src/install/dobot_rviz:/home/michael/dobot_ws/install/nova5_moveit:/home/michael/dobot_ws/install/nova2_moveit:/home/michael/dobot_ws/install/me6_moveit:/home/michael/dobot_ws/install/cr7_moveit:/home/michael/dobot_ws/install/cr5_moveit:/home/michael/dobot_ws/install/cr3_moveit:/home/michael/dobot_ws/install/cr30h_moveit:/home/michael/dobot_ws/install/cr20_moveit:/home/michael/dobot_ws/install/cr16_moveit:/home/michael/dobot_ws/install/cr12_moveit:/home/michael/dobot_ws/install/cr10af_moveit:/home/michael/dobot_ws/install/cr10_moveit:/home/michael/dobot_ws/install/dobot_rviz:/home/michael/dobot_ws/install/cr_robot_ros2:/home/michael/dobot_ws/install/dobot_msgs_v4:/home/michael/dobot_ws/install/dobot_gazebo:/home/michael/dobot_ws/install/cra_description:/home/michael/dobot_ws/install/servo_action:/home/michael/dobot_ws/install/dobot_moveit:/home/michael/dobot_ws/install/dobot_demo:/opt/ros/humble /usr/bin/cmake /home/michael/dobot_ws/src/DOBOT_6Axis_ROS2_V4/cr5_moveit -DCMAKE_INSTALL_PREFIX=/home/michael/dobot_ws/src/install/cr5_moveit
[0.095s] -- The C compiler identification is GNU 11.4.0
[0.189s] -- The CXX compiler identification is GNU 11.4.0
[0.198s] -- Detecting C compiler ABI info
[0.311s] -- Detecting C compiler ABI info - done
[0.322s] -- Check for working C compiler: /usr/bin/cc - skipped
[0.323s] -- Detecting C compile features
[0.324s] -- Detecting C compile features - done
[0.327s] -- Detecting CXX compiler ABI info
[0.457s] -- Detecting CXX compiler ABI info - done
[0.466s] -- Check for working CXX compiler: /usr/bin/c++ - skipped
[0.466s] -- Detecting CXX compile features
[0.469s] -- Detecting CXX compile features - done
[0.471s] -- Found ament_cmake: 1.3.14 (/opt/ros/humble/share/ament_cmake/cmake)
[0.685s] -- Found Python3: /usr/bin/python3 (found version "3.10.12") found components: Interpreter 
[1.002s] -- Configuring done
[1.004s] -- Generating done
[1.004s] -- Build files have been written to: /home/michael/dobot_ws/src/build/cr5_moveit
[1.010s] Invoked command in '/home/michael/dobot_ws/src/build/cr5_moveit' returned '0': AMENT_PREFIX_PATH=/home/michael/dobot_ws/src/install/dobot_rviz:${AMENT_PREFIX_PATH} CMAKE_PREFIX_PATH=/home/michael/dobot_ws/src/install/dobot_rviz:/home/michael/dobot_ws/install/nova5_moveit:/home/michael/dobot_ws/install/nova2_moveit:/home/michael/dobot_ws/install/me6_moveit:/home/michael/dobot_ws/install/cr7_moveit:/home/michael/dobot_ws/install/cr5_moveit:/home/michael/dobot_ws/install/cr3_moveit:/home/michael/dobot_ws/install/cr30h_moveit:/home/michael/dobot_ws/install/cr20_moveit:/home/michael/dobot_ws/install/cr16_moveit:/home/michael/dobot_ws/install/cr12_moveit:/home/michael/dobot_ws/install/cr10af_moveit:/home/michael/dobot_ws/install/cr10_moveit:/home/michael/dobot_ws/install/dobot_rviz:/home/michael/dobot_ws/install/cr_robot_ros2:/home/michael/dobot_ws/install/dobot_msgs_v4:/home/michael/dobot_ws/install/dobot_gazebo:/home/michael/dobot_ws/install/cra_description:/home/michael/dobot_ws/install/servo_action:/home/michael/dobot_ws/install/dobot_moveit:/home/michael/dobot_ws/install/dobot_demo:/opt/ros/humble /usr/bin/cmake /home/michael/dobot_ws/src/DOBOT_6Axis_ROS2_V4/cr5_moveit -DCMAKE_INSTALL_PREFIX=/home/michael/dobot_ws/src/install/cr5_moveit
[1.010s] Invoking command in '/home/michael/dobot_ws/src/build/cr5_moveit': AMENT_PREFIX_PATH=/home/michael/dobot_ws/src/install/dobot_rviz:${AMENT_PREFIX_PATH} CMAKE_PREFIX_PATH=/home/michael/dobot_ws/src/install/dobot_rviz:/home/michael/dobot_ws/install/nova5_moveit:/home/michael/dobot_ws/install/nova2_moveit:/home/michael/dobot_ws/install/me6_moveit:/home/michael/dobot_ws/install/cr7_moveit:/home/michael/dobot_ws/install/cr5_moveit:/home/michael/dobot_ws/install/cr3_moveit:/home/michael/dobot_ws/install/cr30h_moveit:/home/michael/dobot_ws/install/cr20_moveit:/home/michael/dobot_ws/install/cr16_moveit:/home/michael/dobot_ws/install/cr12_moveit:/home/michael/dobot_ws/install/cr10af_moveit:/home/michael/dobot_ws/install/cr10_moveit:/home/michael/dobot_ws/install/dobot_rviz:/home/michael/dobot_ws/install/cr_robot_ros2:/home/michael/dobot_ws/install/dobot_msgs_v4:/home/michael/dobot_ws/install/dobot_gazebo:/home/michael/dobot_ws/install/cra_description:/home/michael/dobot_ws/install/servo_action:/home/michael/dobot_ws/install/dobot_moveit:/home/michael/dobot_ws/install/dobot_demo:/opt/ros/humble /usr/bin/cmake --build /home/michael/dobot_ws/src/build/cr5_moveit -- -j2 -l2
[1.043s] Invoked command in '/home/michael/dobot_ws/src/build/cr5_moveit' returned '0': AMENT_PREFIX_PATH=/home/michael/dobot_ws/src/install/dobot_rviz:${AMENT_PREFIX_PATH} CMAKE_PREFIX_PATH=/home/michael/dobot_ws/src/install/dobot_rviz:/home/michael/dobot_ws/install/nova5_moveit:/home/michael/dobot_ws/install/nova2_moveit:/home/michael/dobot_ws/install/me6_moveit:/home/michael/dobot_ws/install/cr7_moveit:/home/michael/dobot_ws/install/cr5_moveit:/home/michael/dobot_ws/install/cr3_moveit:/home/michael/dobot_ws/install/cr30h_moveit:/home/michael/dobot_ws/install/cr20_moveit:/home/michael/dobot_ws/install/cr16_moveit:/home/michael/dobot_ws/install/cr12_moveit:/home/michael/dobot_ws/install/cr10af_moveit:/home/michael/dobot_ws/install/cr10_moveit:/home/michael/dobot_ws/install/dobot_rviz:/home/michael/dobot_ws/install/cr_robot_ros2:/home/michael/dobot_ws/install/dobot_msgs_v4:/home/michael/dobot_ws/install/dobot_gazebo:/home/michael/dobot_ws/install/cra_description:/home/michael/dobot_ws/install/servo_action:/home/michael/dobot_ws/install/dobot_moveit:/home/michael/dobot_ws/install/dobot_demo:/opt/ros/humble /usr/bin/cmake --build /home/michael/dobot_ws/src/build/cr5_moveit -- -j2 -l2
[1.044s] Invoking command in '/home/michael/dobot_ws/src/build/cr5_moveit': AMENT_PREFIX_PATH=/home/michael/dobot_ws/src/install/dobot_rviz:${AMENT_PREFIX_PATH} CMAKE_PREFIX_PATH=/home/michael/dobot_ws/src/install/dobot_rviz:/home/michael/dobot_ws/install/nova5_moveit:/home/michael/dobot_ws/install/nova2_moveit:/home/michael/dobot_ws/install/me6_moveit:/home/michael/dobot_ws/install/cr7_moveit:/home/michael/dobot_ws/install/cr5_moveit:/home/michael/dobot_ws/install/cr3_moveit:/home/michael/dobot_ws/install/cr30h_moveit:/home/michael/dobot_ws/install/cr20_moveit:/home/michael/dobot_ws/install/cr16_moveit:/home/michael/dobot_ws/install/cr12_moveit:/home/michael/dobot_ws/install/cr10af_moveit:/home/michael/dobot_ws/install/cr10_moveit:/home/michael/dobot_ws/install/dobot_rviz:/home/michael/dobot_ws/install/cr_robot_ros2:/home/michael/dobot_ws/install/dobot_msgs_v4:/home/michael/dobot_ws/install/dobot_gazebo:/home/michael/dobot_ws/install/cra_description:/home/michael/dobot_ws/install/servo_action:/home/michael/dobot_ws/install/dobot_moveit:/home/michael/dobot_ws/install/dobot_demo:/opt/ros/humble /usr/bin/cmake --install /home/michael/dobot_ws/src/build/cr5_moveit
[1.051s] -- Install configuration: ""
[1.051s] -- Installing: /home/michael/dobot_ws/src/install/cr5_moveit/share/ament_index/resource_index/package_run_dependencies/cr5_moveit
[1.051s] -- Installing: /home/michael/dobot_ws/src/install/cr5_moveit/share/ament_index/resource_index/parent_prefix_path/cr5_moveit
[1.051s] -- Installing: /home/michael/dobot_ws/src/install/cr5_moveit/share/cr5_moveit/environment/ament_prefix_path.sh
[1.051s] -- Installing: /home/michael/dobot_ws/src/install/cr5_moveit/share/cr5_moveit/environment/ament_prefix_path.dsv
[1.051s] -- Installing: /home/michael/dobot_ws/src/install/cr5_moveit/share/cr5_moveit/environment/path.sh
[1.051s] -- Installing: /home/michael/dobot_ws/src/install/cr5_moveit/share/cr5_moveit/environment/path.dsv
[1.051s] -- Installing: /home/michael/dobot_ws/src/install/cr5_moveit/share/cr5_moveit/local_setup.bash
[1.052s] -- Installing: /home/michael/dobot_ws/src/install/cr5_moveit/share/cr5_moveit/local_setup.sh
[1.052s] -- Installing: /home/michael/dobot_ws/src/install/cr5_moveit/share/cr5_moveit/local_setup.zsh
[1.052s] -- Installing: /home/michael/dobot_ws/src/install/cr5_moveit/share/cr5_moveit/local_setup.dsv
[1.052s] -- Installing: /home/michael/dobot_ws/src/install/cr5_moveit/share/cr5_moveit/package.dsv
[1.052s] -- Installing: /home/michael/dobot_ws/src/install/cr5_moveit/share/ament_index/resource_index/packages/cr5_moveit
[1.052s] -- Installing: /home/michael/dobot_ws/src/install/cr5_moveit/share/cr5_moveit/cmake/cr5_moveitConfig.cmake
[1.052s] -- Installing: /home/michael/dobot_ws/src/install/cr5_moveit/share/cr5_moveit/cmake/cr5_moveitConfig-version.cmake
[1.052s] -- Installing: /home/michael/dobot_ws/src/install/cr5_moveit/share/cr5_moveit/package.xml
[1.052s] -- Installing: /home/michael/dobot_ws/src/install/cr5_moveit/share/cr5_moveit/launch
[1.053s] -- Installing: /home/michael/dobot_ws/src/install/cr5_moveit/share/cr5_moveit/launch/spawn_controllers.launch.py
[1.054s] -- Installing: /home/michael/dobot_ws/src/install/cr5_moveit/share/cr5_moveit/launch/warehouse_db.launch.py
[1.054s] -- Installing: /home/michael/dobot_ws/src/install/cr5_moveit/share/cr5_moveit/launch/setup_assistant.launch.py
[1.054s] -- Installing: /home/michael/dobot_ws/src/install/cr5_moveit/share/cr5_moveit/launch/moveit_rviz.launch.py
[1.054s] -- Installing: /home/michael/dobot_ws/src/install/cr5_moveit/share/cr5_moveit/launch/moveit_gazebo.launch.py
[1.055s] -- Installing: /home/michael/dobot_ws/src/install/cr5_moveit/share/cr5_moveit/launch/move_group.launch.py
[1.055s] -- Installing: /home/michael/dobot_ws/src/install/cr5_moveit/share/cr5_moveit/launch/demo.launch.py
[1.057s] -- Installing: /home/michael/dobot_ws/src/install/cr5_moveit/share/cr5_moveit/launch/rsp.launch.py
[1.057s] -- Installing: /home/michael/dobot_ws/src/install/cr5_moveit/share/cr5_moveit/launch/static_virtual_joint_tfs.launch.py
[1.059s] -- Installing: /home/michael/dobot_ws/src/install/cr5_moveit/share/cr5_moveit/launch/dobot_moveit.launch.py
[1.059s] -- Installing: /home/michael/dobot_ws/src/install/cr5_moveit/share/cr5_moveit/config
[1.059s] -- Installing: /home/michael/dobot_ws/src/install/cr5_moveit/share/cr5_moveit/config/initial_positions.yaml
[1.059s] -- Installing: /home/michael/dobot_ws/src/install/cr5_moveit/share/cr5_moveit/config/cr5_robot.urdf.xacro
[1.059s] -- Installing: /home/michael/dobot_ws/src/install/cr5_moveit/share/cr5_moveit/config/joint_limits.yaml
[1.060s] -- Installing: /home/michael/dobot_ws/src/install/cr5_moveit/share/cr5_moveit/config/moveit.rviz
[1.060s] -- Installing: /home/michael/dobot_ws/src/install/cr5_moveit/share/cr5_moveit/config/ros2_controllers.yaml
[1.060s] -- Installing: /home/michael/dobot_ws/src/install/cr5_moveit/share/cr5_moveit/config/moveit_controllers.yaml
[1.062s] -- Installing: /home/michael/dobot_ws/src/install/cr5_moveit/share/cr5_moveit/config/kinematics.yaml
[1.062s] -- Installing: /home/michael/dobot_ws/src/install/cr5_moveit/share/cr5_moveit/config/cr5_robot.srdf
[1.062s] -- Installing: /home/michael/dobot_ws/src/install/cr5_moveit/share/cr5_moveit/config/cr5_robot.ros2_control.xacro
[1.062s] -- Installing: /home/michael/dobot_ws/src/install/cr5_moveit/share/cr5_moveit/config/pilz_cartesian_limits.yaml
[1.062s] -- Installing: /home/michael/dobot_ws/src/install/cr5_moveit/share/cr5_moveit/.setup_assistant
[1.065s] Invoked command in '/home/michael/dobot_ws/src/build/cr5_moveit' returned '0': AMENT_PREFIX_PATH=/home/michael/dobot_ws/src/install/dobot_rviz:${AMENT_PREFIX_PATH} CMAKE_PREFIX_PATH=/home/michael/dobot_ws/src/install/dobot_rviz:/home/michael/dobot_ws/install/nova5_moveit:/home/michael/dobot_ws/install/nova2_moveit:/home/michael/dobot_ws/install/me6_moveit:/home/michael/dobot_ws/install/cr7_moveit:/home/michael/dobot_ws/install/cr5_moveit:/home/michael/dobot_ws/install/cr3_moveit:/home/michael/dobot_ws/install/cr30h_moveit:/home/michael/dobot_ws/install/cr20_moveit:/home/michael/dobot_ws/install/cr16_moveit:/home/michael/dobot_ws/install/cr12_moveit:/home/michael/dobot_ws/install/cr10af_moveit:/home/michael/dobot_ws/install/cr10_moveit:/home/michael/dobot_ws/install/dobot_rviz:/home/michael/dobot_ws/install/cr_robot_ros2:/home/michael/dobot_ws/install/dobot_msgs_v4:/home/michael/dobot_ws/install/dobot_gazebo:/home/michael/dobot_ws/install/cra_description:/home/michael/dobot_ws/install/servo_action:/home/michael/dobot_ws/install/dobot_moveit:/home/michael/dobot_ws/install/dobot_demo:/opt/ros/humble /usr/bin/cmake --install /home/michael/dobot_ws/src/build/cr5_moveit
