[0.019s] Invoking command in '/home/michael/dobot_ws/src/build/cr20_moveit': AMENT_PREFIX_PATH=/home/michael/dobot_ws/src/install/dobot_rviz:${AMENT_PREFIX_PATH} CMAKE_PREFIX_PATH=/home/michael/dobot_ws/src/install/dobot_rviz:/home/michael/dobot_ws/install/nova5_moveit:/home/michael/dobot_ws/install/nova2_moveit:/home/michael/dobot_ws/install/me6_moveit:/home/michael/dobot_ws/install/cr7_moveit:/home/michael/dobot_ws/install/cr5_moveit:/home/michael/dobot_ws/install/cr3_moveit:/home/michael/dobot_ws/install/cr30h_moveit:/home/michael/dobot_ws/install/cr20_moveit:/home/michael/dobot_ws/install/cr16_moveit:/home/michael/dobot_ws/install/cr12_moveit:/home/michael/dobot_ws/install/cr10af_moveit:/home/michael/dobot_ws/install/cr10_moveit:/home/michael/dobot_ws/install/dobot_rviz:/home/michael/dobot_ws/install/cr_robot_ros2:/home/michael/dobot_ws/install/dobot_msgs_v4:/home/michael/dobot_ws/install/dobot_gazebo:/home/michael/dobot_ws/install/cra_description:/home/michael/dobot_ws/install/servo_action:/home/michael/dobot_ws/install/dobot_moveit:/home/michael/dobot_ws/install/dobot_demo:/opt/ros/humble /usr/bin/cmake /home/michael/dobot_ws/src/DOBOT_6Axis_ROS2_V4/cr20_moveit -DCMAKE_INSTALL_PREFIX=/home/michael/dobot_ws/src/install/cr20_moveit
[0.122s] -- The C compiler identification is GNU 11.4.0
[0.222s] -- The CXX compiler identification is GNU 11.4.0
[0.231s] -- Detecting C compiler ABI info
[0.345s] -- Detecting C compiler ABI info - done
[0.354s] -- Check for working C compiler: /usr/bin/cc - skipped
[0.354s] -- Detecting C compile features
[0.354s] -- Detecting C compile features - done
[0.356s] -- Detecting CXX compiler ABI info
[0.443s] -- Detecting CXX compiler ABI info - done
[0.446s] -- Check for working CXX compiler: /usr/bin/c++ - skipped
[0.446s] -- Detecting CXX compile features
[0.447s] -- Detecting CXX compile features - done
[0.449s] -- Found ament_cmake: 1.3.14 (/opt/ros/humble/share/ament_cmake/cmake)
[0.552s] -- Found Python3: /usr/bin/python3 (found version "3.10.12") found components: Interpreter 
[0.663s] -- Configuring done
[0.664s] -- Generating done
[0.668s] -- Build files have been written to: /home/michael/dobot_ws/src/build/cr20_moveit
[0.671s] Invoked command in '/home/michael/dobot_ws/src/build/cr20_moveit' returned '0': AMENT_PREFIX_PATH=/home/michael/dobot_ws/src/install/dobot_rviz:${AMENT_PREFIX_PATH} CMAKE_PREFIX_PATH=/home/michael/dobot_ws/src/install/dobot_rviz:/home/michael/dobot_ws/install/nova5_moveit:/home/michael/dobot_ws/install/nova2_moveit:/home/michael/dobot_ws/install/me6_moveit:/home/michael/dobot_ws/install/cr7_moveit:/home/michael/dobot_ws/install/cr5_moveit:/home/michael/dobot_ws/install/cr3_moveit:/home/michael/dobot_ws/install/cr30h_moveit:/home/michael/dobot_ws/install/cr20_moveit:/home/michael/dobot_ws/install/cr16_moveit:/home/michael/dobot_ws/install/cr12_moveit:/home/michael/dobot_ws/install/cr10af_moveit:/home/michael/dobot_ws/install/cr10_moveit:/home/michael/dobot_ws/install/dobot_rviz:/home/michael/dobot_ws/install/cr_robot_ros2:/home/michael/dobot_ws/install/dobot_msgs_v4:/home/michael/dobot_ws/install/dobot_gazebo:/home/michael/dobot_ws/install/cra_description:/home/michael/dobot_ws/install/servo_action:/home/michael/dobot_ws/install/dobot_moveit:/home/michael/dobot_ws/install/dobot_demo:/opt/ros/humble /usr/bin/cmake /home/michael/dobot_ws/src/DOBOT_6Axis_ROS2_V4/cr20_moveit -DCMAKE_INSTALL_PREFIX=/home/michael/dobot_ws/src/install/cr20_moveit
[0.675s] Invoking command in '/home/michael/dobot_ws/src/build/cr20_moveit': AMENT_PREFIX_PATH=/home/michael/dobot_ws/src/install/dobot_rviz:${AMENT_PREFIX_PATH} CMAKE_PREFIX_PATH=/home/michael/dobot_ws/src/install/dobot_rviz:/home/michael/dobot_ws/install/nova5_moveit:/home/michael/dobot_ws/install/nova2_moveit:/home/michael/dobot_ws/install/me6_moveit:/home/michael/dobot_ws/install/cr7_moveit:/home/michael/dobot_ws/install/cr5_moveit:/home/michael/dobot_ws/install/cr3_moveit:/home/michael/dobot_ws/install/cr30h_moveit:/home/michael/dobot_ws/install/cr20_moveit:/home/michael/dobot_ws/install/cr16_moveit:/home/michael/dobot_ws/install/cr12_moveit:/home/michael/dobot_ws/install/cr10af_moveit:/home/michael/dobot_ws/install/cr10_moveit:/home/michael/dobot_ws/install/dobot_rviz:/home/michael/dobot_ws/install/cr_robot_ros2:/home/michael/dobot_ws/install/dobot_msgs_v4:/home/michael/dobot_ws/install/dobot_gazebo:/home/michael/dobot_ws/install/cra_description:/home/michael/dobot_ws/install/servo_action:/home/michael/dobot_ws/install/dobot_moveit:/home/michael/dobot_ws/install/dobot_demo:/opt/ros/humble /usr/bin/cmake --build /home/michael/dobot_ws/src/build/cr20_moveit -- -j2 -l2
[0.744s] Invoked command in '/home/michael/dobot_ws/src/build/cr20_moveit' returned '0': AMENT_PREFIX_PATH=/home/michael/dobot_ws/src/install/dobot_rviz:${AMENT_PREFIX_PATH} CMAKE_PREFIX_PATH=/home/michael/dobot_ws/src/install/dobot_rviz:/home/michael/dobot_ws/install/nova5_moveit:/home/michael/dobot_ws/install/nova2_moveit:/home/michael/dobot_ws/install/me6_moveit:/home/michael/dobot_ws/install/cr7_moveit:/home/michael/dobot_ws/install/cr5_moveit:/home/michael/dobot_ws/install/cr3_moveit:/home/michael/dobot_ws/install/cr30h_moveit:/home/michael/dobot_ws/install/cr20_moveit:/home/michael/dobot_ws/install/cr16_moveit:/home/michael/dobot_ws/install/cr12_moveit:/home/michael/dobot_ws/install/cr10af_moveit:/home/michael/dobot_ws/install/cr10_moveit:/home/michael/dobot_ws/install/dobot_rviz:/home/michael/dobot_ws/install/cr_robot_ros2:/home/michael/dobot_ws/install/dobot_msgs_v4:/home/michael/dobot_ws/install/dobot_gazebo:/home/michael/dobot_ws/install/cra_description:/home/michael/dobot_ws/install/servo_action:/home/michael/dobot_ws/install/dobot_moveit:/home/michael/dobot_ws/install/dobot_demo:/opt/ros/humble /usr/bin/cmake --build /home/michael/dobot_ws/src/build/cr20_moveit -- -j2 -l2
[0.746s] Invoking command in '/home/michael/dobot_ws/src/build/cr20_moveit': AMENT_PREFIX_PATH=/home/michael/dobot_ws/src/install/dobot_rviz:${AMENT_PREFIX_PATH} CMAKE_PREFIX_PATH=/home/michael/dobot_ws/src/install/dobot_rviz:/home/michael/dobot_ws/install/nova5_moveit:/home/michael/dobot_ws/install/nova2_moveit:/home/michael/dobot_ws/install/me6_moveit:/home/michael/dobot_ws/install/cr7_moveit:/home/michael/dobot_ws/install/cr5_moveit:/home/michael/dobot_ws/install/cr3_moveit:/home/michael/dobot_ws/install/cr30h_moveit:/home/michael/dobot_ws/install/cr20_moveit:/home/michael/dobot_ws/install/cr16_moveit:/home/michael/dobot_ws/install/cr12_moveit:/home/michael/dobot_ws/install/cr10af_moveit:/home/michael/dobot_ws/install/cr10_moveit:/home/michael/dobot_ws/install/dobot_rviz:/home/michael/dobot_ws/install/cr_robot_ros2:/home/michael/dobot_ws/install/dobot_msgs_v4:/home/michael/dobot_ws/install/dobot_gazebo:/home/michael/dobot_ws/install/cra_description:/home/michael/dobot_ws/install/servo_action:/home/michael/dobot_ws/install/dobot_moveit:/home/michael/dobot_ws/install/dobot_demo:/opt/ros/humble /usr/bin/cmake --install /home/michael/dobot_ws/src/build/cr20_moveit
[0.760s] -- Install configuration: ""
[0.761s] -- Installing: /home/michael/dobot_ws/src/install/cr20_moveit/share/ament_index/resource_index/package_run_dependencies/cr20_moveit
[0.761s] -- Installing: /home/michael/dobot_ws/src/install/cr20_moveit/share/ament_index/resource_index/parent_prefix_path/cr20_moveit
[0.761s] -- Installing: /home/michael/dobot_ws/src/install/cr20_moveit/share/cr20_moveit/environment/ament_prefix_path.sh
[0.761s] -- Installing: /home/michael/dobot_ws/src/install/cr20_moveit/share/cr20_moveit/environment/ament_prefix_path.dsv
[0.761s] -- Installing: /home/michael/dobot_ws/src/install/cr20_moveit/share/cr20_moveit/environment/path.sh
[0.761s] -- Installing: /home/michael/dobot_ws/src/install/cr20_moveit/share/cr20_moveit/environment/path.dsv
[0.761s] -- Installing: /home/michael/dobot_ws/src/install/cr20_moveit/share/cr20_moveit/local_setup.bash
[0.761s] -- Installing: /home/michael/dobot_ws/src/install/cr20_moveit/share/cr20_moveit/local_setup.sh
[0.761s] -- Installing: /home/michael/dobot_ws/src/install/cr20_moveit/share/cr20_moveit/local_setup.zsh
[0.762s] -- Installing: /home/michael/dobot_ws/src/install/cr20_moveit/share/cr20_moveit/local_setup.dsv
[0.762s] -- Installing: /home/michael/dobot_ws/src/install/cr20_moveit/share/cr20_moveit/package.dsv
[0.762s] -- Installing: /home/michael/dobot_ws/src/install/cr20_moveit/share/ament_index/resource_index/packages/cr20_moveit
[0.762s] -- Installing: /home/michael/dobot_ws/src/install/cr20_moveit/share/cr20_moveit/cmake/cr20_moveitConfig.cmake
[0.762s] -- Installing: /home/michael/dobot_ws/src/install/cr20_moveit/share/cr20_moveit/cmake/cr20_moveitConfig-version.cmake
[0.762s] -- Installing: /home/michael/dobot_ws/src/install/cr20_moveit/share/cr20_moveit/package.xml
[0.762s] -- Installing: /home/michael/dobot_ws/src/install/cr20_moveit/share/cr20_moveit/launch
[0.763s] -- Installing: /home/michael/dobot_ws/src/install/cr20_moveit/share/cr20_moveit/launch/spawn_controllers.launch.py
[0.776s] -- Installing: /home/michael/dobot_ws/src/install/cr20_moveit/share/cr20_moveit/launch/warehouse_db.launch.py
[0.776s] -- Installing: /home/michael/dobot_ws/src/install/cr20_moveit/share/cr20_moveit/launch/setup_assistant.launch.py
[0.778s] -- Installing: /home/michael/dobot_ws/src/install/cr20_moveit/share/cr20_moveit/launch/moveit_rviz.launch.py
[0.778s] -- Installing: /home/michael/dobot_ws/src/install/cr20_moveit/share/cr20_moveit/launch/moveit_gazebo.launch.py
[0.779s] -- Installing: /home/michael/dobot_ws/src/install/cr20_moveit/share/cr20_moveit/launch/move_group.launch.py
[0.779s] -- Installing: /home/michael/dobot_ws/src/install/cr20_moveit/share/cr20_moveit/launch/demo.launch.py
[0.779s] -- Installing: /home/michael/dobot_ws/src/install/cr20_moveit/share/cr20_moveit/launch/rsp.launch.py
[0.779s] -- Installing: /home/michael/dobot_ws/src/install/cr20_moveit/share/cr20_moveit/launch/static_virtual_joint_tfs.launch.py
[0.779s] -- Installing: /home/michael/dobot_ws/src/install/cr20_moveit/share/cr20_moveit/launch/dobot_moveit.launch.py
[0.779s] -- Installing: /home/michael/dobot_ws/src/install/cr20_moveit/share/cr20_moveit/config
[0.781s] -- Installing: /home/michael/dobot_ws/src/install/cr20_moveit/share/cr20_moveit/config/initial_positions.yaml
[0.781s] -- Installing: /home/michael/dobot_ws/src/install/cr20_moveit/share/cr20_moveit/config/cr20_robot.ros2_control.xacro
[0.781s] -- Installing: /home/michael/dobot_ws/src/install/cr20_moveit/share/cr20_moveit/config/cr20_robot.urdf.xacro
[0.781s] -- Installing: /home/michael/dobot_ws/src/install/cr20_moveit/share/cr20_moveit/config/joint_limits.yaml
[0.782s] -- Installing: /home/michael/dobot_ws/src/install/cr20_moveit/share/cr20_moveit/config/moveit.rviz
[0.783s] -- Installing: /home/michael/dobot_ws/src/install/cr20_moveit/share/cr20_moveit/config/ros2_controllers.yaml
[0.783s] -- Installing: /home/michael/dobot_ws/src/install/cr20_moveit/share/cr20_moveit/config/moveit_controllers.yaml
[0.783s] -- Installing: /home/michael/dobot_ws/src/install/cr20_moveit/share/cr20_moveit/config/kinematics.yaml
[0.784s] -- Installing: /home/michael/dobot_ws/src/install/cr20_moveit/share/cr20_moveit/config/pilz_cartesian_limits.yaml
[0.784s] -- Installing: /home/michael/dobot_ws/src/install/cr20_moveit/share/cr20_moveit/config/cr20_robot.srdf
[0.785s] -- Installing: /home/michael/dobot_ws/src/install/cr20_moveit/share/cr20_moveit/.setup_assistant
[0.789s] Invoked command in '/home/michael/dobot_ws/src/build/cr20_moveit' returned '0': AMENT_PREFIX_PATH=/home/michael/dobot_ws/src/install/dobot_rviz:${AMENT_PREFIX_PATH} CMAKE_PREFIX_PATH=/home/michael/dobot_ws/src/install/dobot_rviz:/home/michael/dobot_ws/install/nova5_moveit:/home/michael/dobot_ws/install/nova2_moveit:/home/michael/dobot_ws/install/me6_moveit:/home/michael/dobot_ws/install/cr7_moveit:/home/michael/dobot_ws/install/cr5_moveit:/home/michael/dobot_ws/install/cr3_moveit:/home/michael/dobot_ws/install/cr30h_moveit:/home/michael/dobot_ws/install/cr20_moveit:/home/michael/dobot_ws/install/cr16_moveit:/home/michael/dobot_ws/install/cr12_moveit:/home/michael/dobot_ws/install/cr10af_moveit:/home/michael/dobot_ws/install/cr10_moveit:/home/michael/dobot_ws/install/dobot_rviz:/home/michael/dobot_ws/install/cr_robot_ros2:/home/michael/dobot_ws/install/dobot_msgs_v4:/home/michael/dobot_ws/install/dobot_gazebo:/home/michael/dobot_ws/install/cra_description:/home/michael/dobot_ws/install/servo_action:/home/michael/dobot_ws/install/dobot_moveit:/home/michael/dobot_ws/install/dobot_demo:/opt/ros/humble /usr/bin/cmake --install /home/michael/dobot_ws/src/build/cr20_moveit
