[0.688s] Invoking command in '/home/michael/dobot_ws/src/DOBOT_6Axis_ROS2_V4/servo_action': PYTHONPATH=/home/michael/dobot_ws/src/build/servo_action/prefix_override:/usr/lib/python3/dist-packages/colcon_core/task/python/colcon_distutils_commands:/home/michael/dobot_ws/src/install/servo_action/lib/python3.10/site-packages:${PYTHONPATH} /usr/bin/python3 -W ignore:setup.py install is deprecated -W ignore:easy_install command is deprecated setup.py egg_info --egg-base ../../build/servo_action build --build-base /home/michael/dobot_ws/src/build/servo_action/build install --record /home/michael/dobot_ws/src/build/servo_action/install.log --single-version-externally-managed install_data
[0.823s] running egg_info
[0.824s] writing ../../build/servo_action/servo_action.egg-info/PKG-INFO
[0.824s] writing dependency_links to ../../build/servo_action/servo_action.egg-info/dependency_links.txt
[0.824s] writing entry points to ../../build/servo_action/servo_action.egg-info/entry_points.txt
[0.826s] writing requirements to ../../build/servo_action/servo_action.egg-info/requires.txt
[0.826s] writing top-level names to ../../build/servo_action/servo_action.egg-info/top_level.txt
[0.827s] reading manifest file '../../build/servo_action/servo_action.egg-info/SOURCES.txt'
[0.828s] writing manifest file '../../build/servo_action/servo_action.egg-info/SOURCES.txt'
[0.828s] running build
[0.828s] running build_py
[0.829s] running install
[0.829s] running install_lib
[0.829s] running install_data
[0.829s] running install_egg_info
[0.830s] removing '/home/michael/dobot_ws/src/install/servo_action/lib/python3.10/site-packages/servo_action-0.0.0-py3.10.egg-info' (and everything under it)
[0.830s] Copying ../../build/servo_action/servo_action.egg-info to /home/michael/dobot_ws/src/install/servo_action/lib/python3.10/site-packages/servo_action-0.0.0-py3.10.egg-info
[0.831s] running install_scripts
[0.846s] Installing Joint_Position script to /home/michael/dobot_ws/src/install/servo_action/lib/servo_action
[0.846s] Installing action_move_client script to /home/michael/dobot_ws/src/install/servo_action/lib/servo_action
[0.847s] writing list of installed files to '/home/michael/dobot_ws/src/build/servo_action/install.log'
[0.871s] Invoked command in '/home/michael/dobot_ws/src/DOBOT_6Axis_ROS2_V4/servo_action' returned '0': PYTHONPATH=/home/michael/dobot_ws/src/build/servo_action/prefix_override:/usr/lib/python3/dist-packages/colcon_core/task/python/colcon_distutils_commands:/home/michael/dobot_ws/src/install/servo_action/lib/python3.10/site-packages:${PYTHONPATH} /usr/bin/python3 -W ignore:setup.py install is deprecated -W ignore:easy_install command is deprecated setup.py egg_info --egg-base ../../build/servo_action build --build-base /home/michael/dobot_ws/src/build/servo_action/build install --record /home/michael/dobot_ws/src/build/servo_action/install.log --single-version-externally-managed install_data
